0 verbose cli D:\nodejs\node.exe D:\nodejs\node_modules\npm\bin\npm-cli.js
1 info using npm@11.6.2
2 info using node@v24.11.1
3 silly config load:file:D:\nodejs\node_modules\npm\npmrc
4 silly config load:file:C:\Users\00109279\AppData\Local\Microsoft\TypeScript\5.9\.npmrc
5 silly config load:file:C:\Users\00109279\.npmrc
6 silly config load:file:D:\nodejs\node_cache\etc\npmrc
7 verbose title npm install @types/request@ts5.9
8 verbose argv "install" "--ignore-scripts" "@types/request@ts5.9" "--save-dev" "--user-agent" "typesInstaller/5.9.3"
9 verbose logfile logs-max:10 dir:D:\ideaProject\demo\.npm-cache\_logs\2026-02-05T08_03_00_153Z-
10 verbose logfile D:\ideaProject\demo\.npm-cache\_logs\2026-02-05T08_03_00_153Z-debug-0.log
11 silly logfile start cleaning logs, removing 1 files
12 silly packumentCache heap:4496293888 maxSize:1124073472 maxEntrySize:562036736
13 silly logfile done cleaning log files
14 silly packumentCache corgi:https://registry.npmjs.org/@types%2frequest cache-miss
15 http fetch GET 200 https://registry.npmjs.org/@types%2frequest 881ms (cache miss)
16 silly packumentCache corgi:https://registry.npmjs.org/@types%2frequest set size:undefined disposed:false
17 silly idealTree buildDeps
18 silly fetch manifest @types/request@2.48.13
19 silly packumentCache full:https://registry.npmjs.org/@types%2frequest cache-miss
20 http fetch GET 200 https://registry.npmjs.org/@types%2frequest 281ms (cache miss)
21 silly packumentCache full:https://registry.npmjs.org/@types%2frequest set size:undefined disposed:false
22 silly placeDep ROOT @types/request@2.48.13 OK for:  want: 2.48.13
23 silly fetch manifest form-data@^2.5.5
24 silly packumentCache full:https://registry.npmjs.org/form-data cache-miss
25 silly fetch manifest @types/node@*
26 silly packumentCache full:https://registry.npmjs.org/@types%2fnode cache-miss
27 silly fetch manifest @types/caseless@*
28 silly packumentCache full:https://registry.npmjs.org/@types%2fcaseless cache-miss
29 silly fetch manifest @types/tough-cookie@*
30 silly packumentCache full:https://registry.npmjs.org/@types%2ftough-cookie cache-miss
31 http fetch GET 200 https://registry.npmjs.org/@types%2fcaseless 775ms (cache miss)
32 silly packumentCache full:https://registry.npmjs.org/@types%2fcaseless set size:undefined disposed:false
33 http fetch GET 200 https://registry.npmjs.org/@types%2ftough-cookie 783ms (cache miss)
34 silly packumentCache full:https://registry.npmjs.org/@types%2ftough-cookie set size:undefined disposed:false
35 http fetch GET 200 https://registry.npmjs.org/form-data 845ms (cache miss)
36 silly packumentCache full:https://registry.npmjs.org/form-data set size:undefined disposed:false
37 http fetch GET 200 https://registry.npmjs.org/@types%2fnode 2488ms (cache miss)
38 silly packumentCache full:https://registry.npmjs.org/@types%2fnode set size:undefined disposed:false
39 silly placeDep ROOT @types/caseless@0.12.5 OK for: @types/request@2.48.13 want: *
40 silly placeDep ROOT @types/node@25.2.0 OK for: @types/request@2.48.13 want: *
41 silly placeDep ROOT @types/tough-cookie@4.0.5 OK for: @types/request@2.48.13 want: *
42 silly placeDep ROOT form-data@2.5.5 OK for: @types/request@2.48.13 want: ^2.5.5
43 silly fetch manifest undici-types@~7.16.0
44 silly packumentCache full:https://registry.npmjs.org/undici-types cache-miss
45 silly fetch manifest hasown@^2.0.2
46 silly packumentCache full:https://registry.npmjs.org/hasown cache-miss
47 silly fetch manifest asynckit@^0.4.0
48 silly packumentCache full:https://registry.npmjs.org/asynckit cache-miss
49 silly fetch manifest mime-types@^2.1.35
50 silly packumentCache full:https://registry.npmjs.org/mime-types cache-miss
51 silly fetch manifest safe-buffer@^5.2.1
52 silly packumentCache full:https://registry.npmjs.org/safe-buffer cache-miss
53 http fetch GET 200 https://registry.npmjs.org/hasown 202ms (cache miss)
54 silly packumentCache full:https://registry.npmjs.org/hasown set size:undefined disposed:false
55 silly fetch manifest combined-stream@^1.0.8
56 silly packumentCache full:https://registry.npmjs.org/combined-stream cache-miss
57 http fetch GET 200 https://registry.npmjs.org/asynckit 209ms (cache miss)
58 silly packumentCache full:https://registry.npmjs.org/asynckit set size:undefined disposed:false
59 silly fetch manifest es-set-tostringtag@^2.1.0
60 silly packumentCache full:https://registry.npmjs.org/es-set-tostringtag cache-miss
61 http fetch GET 200 https://registry.npmjs.org/undici-types 267ms (cache miss)
62 silly packumentCache full:https://registry.npmjs.org/undici-types set size:undefined disposed:false
63 http fetch GET 200 https://registry.npmjs.org/mime-types 298ms (cache miss)
64 silly packumentCache full:https://registry.npmjs.org/mime-types set size:undefined disposed:false
65 http fetch GET 200 https://registry.npmjs.org/combined-stream 205ms (cache miss)
66 silly packumentCache full:https://registry.npmjs.org/combined-stream set size:undefined disposed:false
67 http fetch GET 200 https://registry.npmjs.org/es-set-tostringtag 200ms (cache miss)
68 silly packumentCache full:https://registry.npmjs.org/es-set-tostringtag set size:undefined disposed:false
69 http fetch GET 200 https://registry.npmjs.org/safe-buffer 808ms (cache miss)
70 silly packumentCache full:https://registry.npmjs.org/safe-buffer set size:undefined disposed:false
71 silly placeDep ROOT undici-types@7.16.0 OK for: @types/node@25.2.0 want: ~7.16.0
72 silly placeDep ROOT asynckit@0.4.0 OK for: form-data@2.5.5 want: ^0.4.0
73 silly placeDep ROOT combined-stream@1.0.8 OK for: form-data@2.5.5 want: ^1.0.8
74 silly placeDep ROOT es-set-tostringtag@2.1.0 OK for: form-data@2.5.5 want: ^2.1.0
75 silly placeDep ROOT hasown@2.0.2 OK for: form-data@2.5.5 want: ^2.0.2
76 silly placeDep ROOT mime-types@2.1.35 OK for: form-data@2.5.5 want: ^2.1.35
77 silly placeDep ROOT safe-buffer@5.2.1 OK for: form-data@2.5.5 want: ^5.2.1
78 silly fetch manifest delayed-stream@~1.0.0
79 silly packumentCache full:https://registry.npmjs.org/delayed-stream cache-miss
80 silly fetch manifest es-errors@^1.3.0
81 silly packumentCache full:https://registry.npmjs.org/es-errors cache-miss
82 silly fetch manifest get-intrinsic@^1.2.6
83 silly packumentCache full:https://registry.npmjs.org/get-intrinsic cache-miss
84 silly fetch manifest has-tostringtag@^1.0.2
85 silly packumentCache full:https://registry.npmjs.org/has-tostringtag cache-miss
86 silly fetch manifest function-bind@^1.1.2
87 silly packumentCache full:https://registry.npmjs.org/function-bind cache-miss
88 http fetch GET 200 https://registry.npmjs.org/delayed-stream 188ms (cache miss)
89 silly packumentCache full:https://registry.npmjs.org/delayed-stream set size:undefined disposed:false
90 silly fetch manifest mime-db@1.52.0
91 silly packumentCache full:https://registry.npmjs.org/mime-db cache-miss
92 http fetch GET 200 https://registry.npmjs.org/has-tostringtag 195ms (cache miss)
93 silly packumentCache full:https://registry.npmjs.org/has-tostringtag set size:undefined disposed:false
94 http fetch GET 200 https://registry.npmjs.org/get-intrinsic 216ms (cache miss)
95 silly packumentCache full:https://registry.npmjs.org/get-intrinsic set size:undefined disposed:false
96 http fetch GET 200 https://registry.npmjs.org/es-errors 220ms (cache miss)
97 silly packumentCache full:https://registry.npmjs.org/es-errors set size:undefined disposed:false
98 http fetch GET 200 https://registry.npmjs.org/function-bind 226ms (cache miss)
99 silly packumentCache full:https://registry.npmjs.org/function-bind set size:undefined disposed:false
100 http fetch GET 200 https://registry.npmjs.org/mime-db 228ms (cache miss)
101 silly packumentCache full:https://registry.npmjs.org/mime-db set size:undefined disposed:false
102 silly placeDep ROOT delayed-stream@1.0.0 OK for: combined-stream@1.0.8 want: ~1.0.0
103 silly placeDep ROOT es-errors@1.3.0 OK for: es-set-tostringtag@2.1.0 want: ^1.3.0
104 silly placeDep ROOT get-intrinsic@1.3.0 OK for: es-set-tostringtag@2.1.0 want: ^1.2.6
105 silly placeDep ROOT has-tostringtag@1.0.2 OK for: es-set-tostringtag@2.1.0 want: ^1.0.2
106 silly fetch manifest gopd@^1.2.0
107 silly packumentCache full:https://registry.npmjs.org/gopd cache-miss
108 silly fetch manifest get-proto@^1.0.1
109 silly packumentCache full:https://registry.npmjs.org/get-proto cache-miss
110 silly fetch manifest has-symbols@^1.1.0
111 silly packumentCache full:https://registry.npmjs.org/has-symbols cache-miss
112 silly fetch manifest es-object-atoms@^1.1.1
113 silly packumentCache full:https://registry.npmjs.org/es-object-atoms cache-miss
114 silly fetch manifest math-intrinsics@^1.1.0
115 silly packumentCache full:https://registry.npmjs.org/math-intrinsics cache-miss
116 http fetch GET 200 https://registry.npmjs.org/get-proto 188ms (cache miss)
117 silly packumentCache full:https://registry.npmjs.org/get-proto set size:undefined disposed:false
118 silly fetch manifest es-define-property@^1.0.1
119 silly packumentCache full:https://registry.npmjs.org/es-define-property cache-miss
120 http fetch GET 200 https://registry.npmjs.org/math-intrinsics 194ms (cache miss)
121 silly packumentCache full:https://registry.npmjs.org/math-intrinsics set size:undefined disposed:false
122 silly fetch manifest call-bind-apply-helpers@^1.0.2
123 silly packumentCache full:https://registry.npmjs.org/call-bind-apply-helpers cache-miss
124 http fetch GET 200 https://registry.npmjs.org/gopd 228ms (cache miss)
125 silly packumentCache full:https://registry.npmjs.org/gopd set size:undefined disposed:false
126 silly fetch manifest has-symbols@^1.0.3
127 silly packumentCache full:https://registry.npmjs.org/has-symbols cache-miss
128 http fetch GET 200 https://registry.npmjs.org/es-object-atoms 229ms (cache miss)
129 silly packumentCache full:https://registry.npmjs.org/es-object-atoms set size:undefined disposed:false
130 http fetch GET 200 https://registry.npmjs.org/has-symbols 230ms (cache miss)
131 silly packumentCache full:https://registry.npmjs.org/has-symbols set size:undefined disposed:false
132 http cache https://registry.npmjs.org/has-symbols 14ms (cache hit)
133 silly packumentCache full:https://registry.npmjs.org/has-symbols set size:21550 disposed:false
134 http fetch GET 200 https://registry.npmjs.org/es-define-property 185ms (cache miss)
135 silly packumentCache full:https://registry.npmjs.org/es-define-property set size:undefined disposed:false
136 http fetch GET 200 https://registry.npmjs.org/call-bind-apply-helpers 191ms (cache miss)
137 silly packumentCache full:https://registry.npmjs.org/call-bind-apply-helpers set size:undefined disposed:false
138 silly placeDep ROOT call-bind-apply-helpers@1.0.2 OK for: get-intrinsic@1.3.0 want: ^1.0.2
139 silly placeDep ROOT es-define-property@1.0.1 OK for: get-intrinsic@1.3.0 want: ^1.0.1
140 silly placeDep ROOT es-object-atoms@1.1.1 OK for: get-intrinsic@1.3.0 want: ^1.1.1
141 silly placeDep ROOT function-bind@1.1.2 OK for: get-intrinsic@1.3.0 want: ^1.1.2
142 silly placeDep ROOT get-proto@1.0.1 OK for: get-intrinsic@1.3.0 want: ^1.0.1
143 silly placeDep ROOT gopd@1.2.0 OK for: get-intrinsic@1.3.0 want: ^1.2.0
144 silly placeDep ROOT has-symbols@1.1.0 OK for: get-intrinsic@1.3.0 want: ^1.1.0
145 silly placeDep ROOT math-intrinsics@1.1.0 OK for: get-intrinsic@1.3.0 want: ^1.1.0
146 silly fetch manifest dunder-proto@^1.0.1
147 silly packumentCache full:https://registry.npmjs.org/dunder-proto cache-miss
148 http fetch GET 200 https://registry.npmjs.org/dunder-proto 197ms (cache miss)
149 silly packumentCache full:https://registry.npmjs.org/dunder-proto set size:undefined disposed:false
150 silly placeDep ROOT dunder-proto@1.0.1 OK for: get-proto@1.0.1 want: ^1.0.1
151 silly placeDep ROOT mime-db@1.52.0 OK for: mime-types@2.1.35 want: 1.52.0
152 silly reify moves {}
153 silly audit bulk request {
153 silly audit   '@types/react': [ '19.2.10' ],
153 silly audit   csstype: [ '3.2.3' ],
153 silly audit   'types-registry': [ '0.1.755' ],
153 silly audit   '@types/request': [ '2.48.13' ],
153 silly audit   '@types/caseless': [ '0.12.5' ],
153 silly audit   '@types/node': [ '25.2.0' ],
153 silly audit   '@types/tough-cookie': [ '4.0.5' ],
153 silly audit   'form-data': [ '2.5.5' ],
153 silly audit   'undici-types': [ '7.16.0' ],
153 silly audit   asynckit: [ '0.4.0' ],
153 silly audit   'combined-stream': [ '1.0.8' ],
153 silly audit   'es-set-tostringtag': [ '2.1.0' ],
153 silly audit   hasown: [ '2.0.2' ],
153 silly audit   'mime-types': [ '2.1.35' ],
153 silly audit   'safe-buffer': [ '5.2.1' ],
153 silly audit   'delayed-stream': [ '1.0.0' ],
153 silly audit   'es-errors': [ '1.3.0' ],
153 silly audit   'get-intrinsic': [ '1.3.0' ],
153 silly audit   'has-tostringtag': [ '1.0.2' ],
153 silly audit   'call-bind-apply-helpers': [ '1.0.2' ],
153 silly audit   'es-define-property': [ '1.0.1' ],
153 silly audit   'es-object-atoms': [ '1.1.1' ],
153 silly audit   'function-bind': [ '1.1.2' ],
153 silly audit   'get-proto': [ '1.0.1' ],
153 silly audit   gopd: [ '1.2.0' ],
153 silly audit   'has-symbols': [ '1.1.0' ],
153 silly audit   'math-intrinsics': [ '1.1.0' ],
153 silly audit   'dunder-proto': [ '1.0.1' ],
153 silly audit   'mime-db': [ '1.52.0' ]
153 silly audit }
154 http cache mime-db@https://registry.npmjs.org/mime-db/-/mime-db-1.52.0.tgz 0ms (cache hit)
155 http cache dunder-proto@https://registry.npmjs.org/dunder-proto/-/dunder-proto-1.0.1.tgz 0ms (cache hit)
156 http cache gopd@https://registry.npmjs.org/gopd/-/gopd-1.2.0.tgz 0ms (cache hit)
157 http cache get-proto@https://registry.npmjs.org/get-proto/-/get-proto-1.0.1.tgz 0ms (cache hit)
158 http cache function-bind@https://registry.npmjs.org/function-bind/-/function-bind-1.1.2.tgz 0ms (cache hit)
159 http cache call-bind-apply-helpers@https://registry.npmjs.org/call-bind-apply-helpers/-/call-bind-apply-helpers-1.0.2.tgz 0ms (cache hit)
160 http cache has-tostringtag@https://registry.npmjs.org/has-tostringtag/-/has-tostringtag-1.0.2.tgz 0ms (cache hit)
161 http cache get-intrinsic@https://registry.npmjs.org/get-intrinsic/-/get-intrinsic-1.3.0.tgz 0ms (cache hit)
162 http cache delayed-stream@https://registry.npmjs.org/delayed-stream/-/delayed-stream-1.0.0.tgz 0ms (cache hit)
163 http cache es-errors@https://registry.npmjs.org/es-errors/-/es-errors-1.3.0.tgz 0ms (cache hit)
164 http cache safe-buffer@https://registry.npmjs.org/safe-buffer/-/safe-buffer-5.2.1.tgz 0ms (cache hit)
165 http cache hasown@https://registry.npmjs.org/hasown/-/hasown-2.0.2.tgz 0ms (cache hit)
166 http cache mime-types@https://registry.npmjs.org/mime-types/-/mime-types-2.1.35.tgz 0ms (cache hit)
167 http cache es-object-atoms@https://registry.npmjs.org/es-object-atoms/-/es-object-atoms-1.1.1.tgz 0ms (cache hit)
168 http cache es-set-tostringtag@https://registry.npmjs.org/es-set-tostringtag/-/es-set-tostringtag-2.1.0.tgz 0ms (cache hit)
169 http cache combined-stream@https://registry.npmjs.org/combined-stream/-/combined-stream-1.0.8.tgz 0ms (cache hit)
170 http cache asynckit@https://registry.npmjs.org/asynckit/-/asynckit-0.4.0.tgz 0ms (cache hit)
171 http cache form-data@https://registry.npmjs.org/form-data/-/form-data-2.5.5.tgz 0ms (cache hit)
172 http cache undici-types@https://registry.npmjs.org/undici-types/-/undici-types-7.16.0.tgz 0ms (cache hit)
173 http cache es-define-property@https://registry.npmjs.org/es-define-property/-/es-define-property-1.0.1.tgz 0ms (cache hit)
174 http cache @types/tough-cookie@https://registry.npmjs.org/@types/tough-cookie/-/tough-cookie-4.0.5.tgz 0ms (cache hit)
175 http cache @types/node@https://registry.npmjs.org/@types/node/-/node-25.2.0.tgz 0ms (cache hit)
176 http cache @types/caseless@https://registry.npmjs.org/@types/caseless/-/caseless-0.12.5.tgz 0ms (cache hit)
177 silly tarball no local data for mime-db@https://registry.npmjs.org/mime-db/-/mime-db-1.52.0.tgz. Extracting by manifest.
178 silly tarball no local data for dunder-proto@https://registry.npmjs.org/dunder-proto/-/dunder-proto-1.0.1.tgz. Extracting by manifest.
179 silly tarball no local data for gopd@https://registry.npmjs.org/gopd/-/gopd-1.2.0.tgz. Extracting by manifest.
180 http cache math-intrinsics@https://registry.npmjs.org/math-intrinsics/-/math-intrinsics-1.1.0.tgz 0ms (cache hit)
181 silly tarball no local data for get-proto@https://registry.npmjs.org/get-proto/-/get-proto-1.0.1.tgz. Extracting by manifest.
182 silly tarball no local data for function-bind@https://registry.npmjs.org/function-bind/-/function-bind-1.1.2.tgz. Extracting by manifest.
183 silly tarball no local data for call-bind-apply-helpers@https://registry.npmjs.org/call-bind-apply-helpers/-/call-bind-apply-helpers-1.0.2.tgz. Extracting by manifest.
184 silly tarball no local data for has-tostringtag@https://registry.npmjs.org/has-tostringtag/-/has-tostringtag-1.0.2.tgz. Extracting by manifest.
185 silly tarball no local data for get-intrinsic@https://registry.npmjs.org/get-intrinsic/-/get-intrinsic-1.3.0.tgz. Extracting by manifest.
186 silly tarball no local data for delayed-stream@https://registry.npmjs.org/delayed-stream/-/delayed-stream-1.0.0.tgz. Extracting by manifest.
187 silly tarball no local data for es-errors@https://registry.npmjs.org/es-errors/-/es-errors-1.3.0.tgz. Extracting by manifest.
188 http cache @types/request@https://registry.npmjs.org/@types/request/-/request-2.48.13.tgz 0ms (cache hit)
189 silly tarball no local data for safe-buffer@https://registry.npmjs.org/safe-buffer/-/safe-buffer-5.2.1.tgz. Extracting by manifest.
190 silly tarball no local data for hasown@https://registry.npmjs.org/hasown/-/hasown-2.0.2.tgz. Extracting by manifest.
191 silly tarball no local data for mime-types@https://registry.npmjs.org/mime-types/-/mime-types-2.1.35.tgz. Extracting by manifest.
192 silly tarball no local data for es-object-atoms@https://registry.npmjs.org/es-object-atoms/-/es-object-atoms-1.1.1.tgz. Extracting by manifest.
193 silly tarball no local data for es-set-tostringtag@https://registry.npmjs.org/es-set-tostringtag/-/es-set-tostringtag-2.1.0.tgz. Extracting by manifest.
194 silly tarball no local data for combined-stream@https://registry.npmjs.org/combined-stream/-/combined-stream-1.0.8.tgz. Extracting by manifest.
195 silly tarball no local data for asynckit@https://registry.npmjs.org/asynckit/-/asynckit-0.4.0.tgz. Extracting by manifest.
196 silly tarball no local data for form-data@https://registry.npmjs.org/form-data/-/form-data-2.5.5.tgz. Extracting by manifest.
197 silly tarball no local data for undici-types@https://registry.npmjs.org/undici-types/-/undici-types-7.16.0.tgz. Extracting by manifest.
198 silly tarball no local data for es-define-property@https://registry.npmjs.org/es-define-property/-/es-define-property-1.0.1.tgz. Extracting by manifest.
199 silly tarball no local data for @types/tough-cookie@https://registry.npmjs.org/@types/tough-cookie/-/tough-cookie-4.0.5.tgz. Extracting by manifest.
200 silly tarball no local data for @types/node@https://registry.npmjs.org/@types/node/-/node-25.2.0.tgz. Extracting by manifest.
201 silly tarball no local data for @types/caseless@https://registry.npmjs.org/@types/caseless/-/caseless-0.12.5.tgz. Extracting by manifest.
202 http cache has-symbols@https://registry.npmjs.org/has-symbols/-/has-symbols-1.1.0.tgz 0ms (cache hit)
203 silly tarball no local data for math-intrinsics@https://registry.npmjs.org/math-intrinsics/-/math-intrinsics-1.1.0.tgz. Extracting by manifest.
204 silly tarball no local data for @types/request@https://registry.npmjs.org/@types/request/-/request-2.48.13.tgz. Extracting by manifest.
205 silly tarball no local data for has-symbols@https://registry.npmjs.org/has-symbols/-/has-symbols-1.1.0.tgz. Extracting by manifest.
206 http fetch POST 200 https://registry.npmjs.org/-/npm/v1/security/advisories/bulk 232ms
207 silly audit report {}
208 http fetch GET 200 https://registry.npmjs.org/mime-db/-/mime-db-1.52.0.tgz 350ms (cache miss)
209 http fetch GET 200 https://registry.npmjs.org/gopd/-/gopd-1.2.0.tgz 358ms (cache miss)
210 http fetch GET 200 https://registry.npmjs.org/get-proto/-/get-proto-1.0.1.tgz 368ms (cache miss)
211 http fetch GET 200 https://registry.npmjs.org/dunder-proto/-/dunder-proto-1.0.1.tgz 373ms (cache miss)
212 http fetch GET 200 https://registry.npmjs.org/combined-stream/-/combined-stream-1.0.8.tgz 419ms (cache miss)
213 http fetch GET 200 https://registry.npmjs.org/es-set-tostringtag/-/es-set-tostringtag-2.1.0.tgz 433ms (cache miss)
214 http fetch GET 200 https://registry.npmjs.org/asynckit/-/asynckit-0.4.0.tgz 453ms (cache miss)
215 http fetch GET 200 https://registry.npmjs.org/form-data/-/form-data-2.5.5.tgz 460ms (cache miss)
216 http fetch GET 200 https://registry.npmjs.org/@types/tough-cookie/-/tough-cookie-4.0.5.tgz 565ms (cache miss)
217 http fetch GET 200 https://registry.npmjs.org/es-define-property/-/es-define-property-1.0.1.tgz 601ms (cache miss)
218 http fetch GET 200 https://registry.npmjs.org/undici-types/-/undici-types-7.16.0.tgz 622ms (cache miss)
219 http fetch GET 200 https://registry.npmjs.org/@types/caseless/-/caseless-0.12.5.tgz 640ms (cache miss)
220 http fetch GET 200 https://registry.npmjs.org/delayed-stream/-/delayed-stream-1.0.0.tgz 714ms (cache miss)
221 http fetch GET 200 https://registry.npmjs.org/@types/request/-/request-2.48.13.tgz 923ms (cache miss)
222 http fetch GET 200 https://registry.npmjs.org/mime-types/-/mime-types-2.1.35.tgz 1005ms (cache miss)
223 http fetch GET 200 https://registry.npmjs.org/safe-buffer/-/safe-buffer-5.2.1.tgz 1017ms (cache miss)
224 http fetch GET 200 https://registry.npmjs.org/hasown/-/hasown-2.0.2.tgz 1024ms (cache miss)
225 http fetch GET 200 https://registry.npmjs.org/es-object-atoms/-/es-object-atoms-1.1.1.tgz 1047ms (cache miss)
226 http fetch GET 200 https://registry.npmjs.org/has-symbols/-/has-symbols-1.1.0.tgz 1055ms (cache miss)
227 http fetch GET 200 https://registry.npmjs.org/es-errors/-/es-errors-1.3.0.tgz 1092ms (cache miss)
228 http fetch GET 200 https://registry.npmjs.org/has-tostringtag/-/has-tostringtag-1.0.2.tgz 1100ms (cache miss)
229 http fetch GET 200 https://registry.npmjs.org/call-bind-apply-helpers/-/call-bind-apply-helpers-1.0.2.tgz 1110ms (cache miss)
230 http fetch GET 200 https://registry.npmjs.org/function-bind/-/function-bind-1.1.2.tgz 1114ms (cache miss)
231 http fetch GET 200 https://registry.npmjs.org/get-intrinsic/-/get-intrinsic-1.3.0.tgz 1120ms (cache miss)
232 http fetch GET 200 https://registry.npmjs.org/math-intrinsics/-/math-intrinsics-1.1.0.tgz 1146ms (cache miss)
233 http fetch GET 200 https://registry.npmjs.org/@types/node/-/node-25.2.0.tgz 1573ms (cache miss)
234 silly ADD node_modules/mime-db
235 silly ADD node_modules/dunder-proto
236 silly ADD node_modules/math-intrinsics
237 silly ADD node_modules/has-symbols
238 silly ADD node_modules/gopd
239 silly ADD node_modules/get-proto
240 silly ADD node_modules/function-bind
241 silly ADD node_modules/es-object-atoms
242 silly ADD node_modules/es-define-property
243 silly ADD node_modules/call-bind-apply-helpers
244 silly ADD node_modules/has-tostringtag
245 silly ADD node_modules/get-intrinsic
246 silly ADD node_modules/es-errors
247 silly ADD node_modules/delayed-stream
248 silly ADD node_modules/safe-buffer
249 silly ADD node_modules/mime-types
250 silly ADD node_modules/hasown
251 silly ADD node_modules/es-set-tostringtag
252 silly ADD node_modules/combined-stream
253 silly ADD node_modules/asynckit
254 silly ADD node_modules/undici-types
255 silly ADD node_modules/form-data
256 silly ADD node_modules/@types/tough-cookie
257 silly ADD node_modules/@types/node
258 silly ADD node_modules/@types/caseless
259 silly ADD node_modules/@types/request
260 verbose cwd C:\Users\00109279\AppData\Local\Microsoft\TypeScript\5.9
261 verbose os Windows_NT 10.0.18363
262 verbose node v24.11.1
263 verbose npm  v11.6.2
264 verbose exit 0
265 info ok
