0 verbose cli D:\nodejs\node.exe D:\nodejs\node_modules\npm\bin\npm-cli.js
1 info using npm@11.6.2
2 info using node@v24.11.1
3 silly config load:file:D:\nodejs\node_modules\npm\npmrc
4 silly config load:file:D:\ideaProject\mes-pc-main\.npmrc
5 silly config load:file:C:\Users\00109279\.npmrc
6 silly config load:file:D:\nodejs\node_cache\etc\npmrc
7 verbose title npm exec update-browserslist-db@latest
8 verbose argv "exec" "--" "update-browserslist-db@latest"
9 verbose logfile logs-max:10 dir:D:\ideaProject\demo\.npm-cache\_logs\2026-02-11T02_14_14_214Z-
10 verbose logfile D:\ideaProject\demo\.npm-cache\_logs\2026-02-11T02_14_14_214Z-debug-0.log
11 silly logfile start cleaning logs, removing 1 files
12 silly packumentCache heap:4496293888 maxSize:1124073472 maxEntrySize:562036736
13 silly logfile done cleaning log files
14 http fetch GET 200 http://nexus.lesso.com/nexus/content/groups/npm/update-browserslist-db 66ms (cache updated)
15 silly packumentCache heap:4496293888 maxSize:1124073472 maxEntrySize:562036736
16 silly packumentCache heap:4496293888 maxSize:1124073472 maxEntrySize:562036736
17 verbose cwd D:\ideaProject\mes-pc-main
18 verbose os Windows_NT 10.0.18363
19 verbose node v24.11.1
20 verbose npm  v11.6.2
21 verbose exit 1
22 verbose code 1
