0 verbose cli D:\nodejs\node.exe D:\nodejs\node_modules\npm\bin\npm-cli.js
1 info using npm@11.6.2
2 info using node@v24.11.1
3 silly config load:file:D:\nodejs\node_modules\npm\npmrc
4 silly config load:file:C:\Users\00109279\AppData\Local\Microsoft\TypeScript\5.9\.npmrc
5 silly config load:file:C:\Users\00109279\.npmrc
6 silly config load:file:D:\nodejs\node_cache\etc\npmrc
7 verbose title npm install @types/react@ts5.9
8 verbose argv "install" "--ignore-scripts" "@types/react@ts5.9" "--save-dev" "--user-agent" "typesInstaller/5.9.3"
9 verbose logfile logs-max:10 dir:D:\ideaProject\demo\.npm-cache\_logs\2026-02-04T08_59_43_984Z-
10 verbose logfile D:\ideaProject\demo\.npm-cache\_logs\2026-02-04T08_59_43_984Z-debug-0.log
11 silly logfile start cleaning logs, removing 1 files
12 silly packumentCache heap:4496293888 maxSize:1124073472 maxEntrySize:562036736
13 silly packumentCache corgi:https://registry.npmjs.org/@types%2freact cache-miss
14 silly logfile done cleaning log files
15 http fetch GET 200 https://registry.npmjs.org/@types%2freact 1234ms (cache miss)
16 silly packumentCache corgi:https://registry.npmjs.org/@types%2freact set size:undefined disposed:false
17 silly idealTree buildDeps
18 silly fetch manifest @types/react@19.2.10
19 silly packumentCache full:https://registry.npmjs.org/@types%2freact cache-miss
20 http fetch GET 200 https://registry.npmjs.org/@types%2freact 793ms (cache miss)
21 silly packumentCache full:https://registry.npmjs.org/@types%2freact set size:undefined disposed:false
22 silly placeDep ROOT @types/react@19.2.10 OK for:  want: 19.2.10
23 silly fetch manifest csstype@^3.2.2
24 silly packumentCache full:https://registry.npmjs.org/csstype cache-miss
25 http fetch GET 200 https://registry.npmjs.org/csstype 294ms (cache miss)
26 silly packumentCache full:https://registry.npmjs.org/csstype set size:undefined disposed:false
27 silly placeDep ROOT csstype@3.2.3 OK for: @types/react@19.2.10 want: ^3.2.2
28 silly reify moves {}
29 silly audit bulk request {
29 silly audit   'types-registry': [ '0.1.755' ],
29 silly audit   '@types/react': [ '19.2.10' ],
29 silly audit   csstype: [ '3.2.3' ]
29 silly audit }
30 http cache csstype@https://registry.npmjs.org/csstype/-/csstype-3.2.3.tgz 0ms (cache hit)
31 http cache @types/react@https://registry.npmjs.org/@types/react/-/react-19.2.10.tgz 0ms (cache hit)
32 silly tarball no local data for csstype@https://registry.npmjs.org/csstype/-/csstype-3.2.3.tgz. Extracting by manifest.
33 silly tarball no local data for @types/react@https://registry.npmjs.org/@types/react/-/react-19.2.10.tgz. Extracting by manifest.
34 http fetch POST 200 https://registry.npmjs.org/-/npm/v1/security/advisories/bulk 287ms
35 silly audit report {}
36 http fetch GET 200 https://registry.npmjs.org/@types/react/-/react-19.2.10.tgz 853ms (cache miss)
37 http fetch GET 200 https://registry.npmjs.org/csstype/-/csstype-3.2.3.tgz 1058ms (cache miss)
38 silly ADD node_modules/csstype
39 silly ADD node_modules/@types/react
40 verbose cwd C:\Users\00109279\AppData\Local\Microsoft\TypeScript\5.9
41 verbose os Windows_NT 10.0.18363
42 verbose node v24.11.1
43 verbose npm  v11.6.2
44 verbose exit 0
45 info ok
