0 verbose cli D:\nodejs\node.exe D:\nodejs\node_modules\npm\bin\npm-cli.js
1 info using npm@11.6.2
2 info using node@v24.11.1
3 silly config load:file:D:\nodejs\node_modules\npm\npmrc
4 silly config load:file:C:\Users\00109279\AppData\Local\Microsoft\TypeScript\5.9\.npmrc
5 silly config load:file:C:\Users\00109279\.npmrc
6 silly config load:file:D:\nodejs\node_cache\etc\npmrc
7 verbose title npm install types-registry@latest
8 verbose argv "install" "--ignore-scripts" "types-registry@latest"
9 verbose logfile logs-max:10 dir:D:\ideaProject\demo\.npm-cache\_logs\2026-02-04T08_57_38_708Z-
10 verbose logfile D:\ideaProject\demo\.npm-cache\_logs\2026-02-04T08_57_38_708Z-debug-0.log
11 silly logfile start cleaning logs, removing 1 files
12 silly packumentCache heap:4496293888 maxSize:1124073472 maxEntrySize:562036736
13 silly logfile done cleaning log files
14 silly packumentCache corgi:https://registry.npmjs.org/types-registry cache-miss
15 http fetch GET https://registry.npmjs.org/types-registry attempt 1 failed with ETIMEDOUT
16 http fetch GET https://registry.npmjs.org/types-registry attempt 2 failed with ETIMEDOUT
17 http fetch GET 200 https://registry.npmjs.org/types-registry 119194ms attempt #3 (cache miss)
18 silly packumentCache corgi:https://registry.npmjs.org/types-registry set size:undefined disposed:false
19 silly idealTree buildDeps
20 silly fetch manifest types-registry@0.1.755
21 silly packumentCache full:https://registry.npmjs.org/types-registry cache-miss
22 http fetch GET 200 https://registry.npmjs.org/types-registry 741ms (cache miss)
23 silly packumentCache full:https://registry.npmjs.org/types-registry set size:undefined disposed:false
24 silly placeDep ROOT types-registry@0.1.755 OK for:  want: 0.1.755
25 silly reify moves {}
26 silly audit bulk request { 'types-registry': [ '0.1.755' ] }
27 http cache types-registry@https://registry.npmjs.org/types-registry/-/types-registry-0.1.755.tgz 0ms (cache hit)
28 silly tarball no local data for types-registry@https://registry.npmjs.org/types-registry/-/types-registry-0.1.755.tgz. Extracting by manifest.
29 http fetch POST 200 https://registry.npmjs.org/-/npm/v1/security/advisories/bulk 220ms
30 silly audit report {}
31 http fetch GET 200 https://registry.npmjs.org/types-registry/-/types-registry-0.1.755.tgz 1350ms (cache miss)
32 silly ADD node_modules/types-registry
33 verbose cwd C:\Users\00109279\AppData\Local\Microsoft\TypeScript\5.9
34 verbose os Windows_NT 10.0.18363
35 verbose node v24.11.1
36 verbose npm  v11.6.2
37 verbose exit 0
38 info ok
