0 verbose cli D:\nodejs\node.exe D:\nodejs\node_modules\npm\bin\npm-cli.js
1 info using npm@11.6.2
2 info using node@v24.11.1
3 silly config load:file:D:\nodejs\node_modules\npm\npmrc
4 silly config load:file:D:\ideaProject\demo\src\main\resources\movie-fronted\.npmrc
5 silly config load:file:C:\Users\00109279\.npmrc
6 silly config load:file:D:\nodejs\node_cache\etc\npmrc
7 verbose title npm install echarts
8 verbose argv "install" "echarts"
9 verbose logfile logs-max:10 dir:D:\ideaProject\demo\.npm-cache\_logs\2026-02-02T01_06_10_758Z-
10 verbose logfile D:\ideaProject\demo\.npm-cache\_logs\2026-02-02T01_06_10_758Z-debug-0.log
11 silly logfile start cleaning logs, removing 1 files
12 silly packumentCache heap:4496293888 maxSize:1124073472 maxEntrySize:562036736
13 silly logfile done cleaning log files
14 silly idealTree buildDeps
15 silly fetch manifest echarts@^5.4.3
16 silly packumentCache full:https://registry.npmjs.org/echarts cache-miss
17 http fetch GET 200 https://registry.npmjs.org/echarts 1776ms (cache revalidated)
18 silly packumentCache full:https://registry.npmjs.org/echarts set size:409152 disposed:false
19 silly placeDep ROOT echarts@5.6.0 REPLACE for: movie-fronted@0.1.0 want: ^5.4.3
20 silly fetch manifest tslib@2.3.0
21 silly packumentCache full:https://registry.npmjs.org/tslib cache-miss
22 silly fetch manifest zrender@5.6.1
23 silly packumentCache full:https://registry.npmjs.org/zrender cache-miss
24 http fetch GET 200 https://registry.npmjs.org/npm 2551ms
25 http fetch GET 200 https://registry.npmjs.org/zrender 277ms (cache revalidated)
26 silly packumentCache full:https://registry.npmjs.org/zrender set size:201136 disposed:false
27 http fetch GET 200 https://registry.npmjs.org/tslib 743ms (cache revalidated)
28 silly packumentCache full:https://registry.npmjs.org/tslib set size:108760 disposed:false
29 silly placeDep ROOT tslib@2.3.0 OK for: echarts@5.6.0 want: 2.3.0
30 silly placeDep ROOT zrender@5.6.1 OK for: echarts@5.6.0 want: 5.6.1
31 warn EBADENGINE Unsupported engine {
31 warn EBADENGINE   package: '@achrinza/node-ipc@9.2.2',
31 warn EBADENGINE   required: { node: '8 || 10 || 12 || 14 || 16 || 17' },
31 warn EBADENGINE   current: { node: 'v24.11.1', npm: '11.6.2' }
31 warn EBADENGINE }
32 silly reify mark retired [
32 silly reify   'D:\\ideaProject\\demo\\src\\main\\resources\\movie-fronted\\node_modules\\echarts'
32 silly reify ]
33 silly reify mark retired [
33 silly reify   'D:\\ideaProject\\demo\\src\\main\\resources\\movie-fronted\\node_modules\\zrender'
33 silly reify ]
34 silly reify moves {
34 silly reify   'D:\\ideaProject\\demo\\src\\main\\resources\\movie-fronted\\node_modules\\echarts': 'D:\\ideaProject\\demo\\src\\main\\resources\\movie-fronted\\node_modules\\.echarts-O5KUuKtI',
34 silly reify   'D:\\ideaProject\\demo\\src\\main\\resources\\movie-fronted\\node_modules\\zrender': 'D:\\ideaProject\\demo\\src\\main\\resources\\movie-fronted\\node_modules\\.zrender-8nzuD0JA'
34 silly reify }
35 silly audit bulk request {
35 silly audit   '@achrinza/node-ipc': [ '9.2.2' ],
35 silly audit   '@babel/code-frame': [ '7.28.6' ],
35 silly audit   picocolors: [ '1.1.1', '0.2.1' ],
35 silly audit   '@babel/helper-string-parser': [ '7.27.1' ],
35 silly audit   '@babel/helper-validator-identifier': [ '7.28.5' ],
35 silly audit   '@babel/parser': [ '7.28.6' ],
35 silly audit   '@babel/types': [ '7.28.6' ],
35 silly audit   '@hapi/address': [ '2.1.4' ],
35 silly audit   '@hapi/bourne': [ '1.3.2' ],
35 silly audit   '@hapi/hoek': [ '8.5.1' ],
35 silly audit   '@hapi/joi': [ '15.1.1' ],
35 silly audit   '@hapi/topo': [ '3.1.6' ],
35 silly audit   '@intervolga/optimize-cssnano-plugin': [ '1.0.6' ],
35 silly audit   '@jridgewell/sourcemap-codec': [ '1.5.5' ],
35 silly audit   '@mrmlnc/readdir-enhanced': [ '2.2.1' ],
35 silly audit   '@node-ipc/js-queue': [ '2.0.3' ],
35 silly audit   '@nodelib/fs.stat': [ '1.1.3' ],
35 silly audit   '@soda/friendly-errors-webpack-plugin': [ '1.8.1' ],
35 silly audit   '@soda/get-current-script': [ '1.0.2' ],
35 silly audit   '@types/body-parser': [ '1.19.6' ],
35 silly audit   '@types/connect': [ '3.4.38' ],
35 silly audit   '@types/connect-history-api-fallback': [ '1.5.4' ],
35 silly audit   '@types/express': [ '5.0.6' ],
35 silly audit   '@types/express-serve-static-core': [ '5.1.1' ],
35 silly audit   '@types/glob': [ '7.2.0' ],
35 silly audit   '@types/http-errors': [ '2.0.5' ],
35 silly audit   '@types/http-proxy': [ '1.17.17' ],
35 silly audit   '@types/json-schema': [ '7.0.15' ],
35 silly audit   '@types/minimatch': [ '5.1.2' ],
35 silly audit   '@types/minimist': [ '1.2.5' ],
35 silly audit   '@types/node': [ '25.0.8' ],
35 silly audit   '@types/normalize-package-data': [ '2.4.4' ],
35 silly audit   '@types/q': [ '1.5.8' ],
35 silly audit   '@types/qs': [ '6.14.0' ],
35 silly audit   '@types/range-parser': [ '1.2.7' ],
35 silly audit   '@types/send': [ '1.2.1' ],
35 silly audit   '@types/serve-static': [ '2.2.0' ],
35 silly audit   '@types/source-list-map': [ '0.1.6' ],
35 silly audit   '@types/tapable': [ '1.0.12' ],
35 silly audit   '@types/uglify-js': [ '3.17.5' ],
35 silly audit   '@types/webpack': [ '4.41.40' ],
35 silly audit   '@types/webpack-dev-server': [ '3.11.6' ],
35 silly audit   '@types/webpack-sources': [ '3.2.3' ],
35 silly audit   'source-map': [ '0.7.6', '0.5.7', '0.6.1' ],
35 silly audit   '@vue/cli-overlay': [ '4.5.19' ],
35 silly audit   '@vue/cli-plugin-router': [ '4.5.19' ],
35 silly audit   '@vue/cli-plugin-vuex': [ '4.5.19' ],
35 silly audit   '@vue/cli-service': [ '4.5.19' ],
35 silly audit   '@vue/cli-shared-utils': [ '4.5.19' ],
35 silly audit   'ansi-styles': [ '3.2.1', '4.3.0' ],
35 silly audit   chalk: [ '2.4.2', '3.0.0', '4.1.2' ],
35 silly audit   'color-convert': [ '1.9.3', '2.0.1' ],
35 silly audit   'color-name': [ '1.1.3', '1.1.4' ],
35 silly audit   'has-flag': [ '3.0.0', '4.0.0' ],
35 silly audit   'supports-color': [ '5.5.0', '7.2.0', '6.1.0' ],
35 silly audit   '@vue/compiler-core': [ '3.5.27' ],
35 silly audit   entities: [ '7.0.1', '2.2.0' ],
35 silly audit   '@vue/compiler-dom': [ '3.5.27' ],
35 silly audit   '@vue/compiler-sfc': [ '3.5.27', '2.7.16' ],
35 silly audit   postcss: [ '8.5.6', '7.0.39' ],
35 silly audit   '@vue/compiler-ssr': [ '3.5.27' ],
35 silly audit   '@vue/component-compiler-utils': [ '3.3.0' ],
35 silly audit   'hash-sum': [ '1.0.2', '2.0.0' ],
35 silly audit   'lru-cache': [ '4.1.5', '5.1.1' ],
35 silly audit   yallist: [ '2.1.2', '4.0.0', '3.1.1' ],
35 silly audit   '@vue/preload-webpack-plugin': [ '1.1.2' ],
35 silly audit   '@vue/shared': [ '3.5.27' ],
35 silly audit   '@vue/web-component-wrapper': [ '1.3.0' ],
35 silly audit   '@webassemblyjs/ast': [ '1.9.0' ],
35 silly audit   '@webassemblyjs/floating-point-hex-parser': [ '1.9.0' ],
35 silly audit   '@webassemblyjs/helper-api-error': [ '1.9.0' ],
35 silly audit   '@webassemblyjs/helper-buffer': [ '1.9.0' ],
35 silly audit   '@webassemblyjs/helper-code-frame': [ '1.9.0' ],
35 silly audit   '@webassemblyjs/helper-fsm': [ '1.9.0' ],
35 silly audit   '@webassemblyjs/helper-module-context': [ '1.9.0' ],
35 silly audit   '@webassemblyjs/helper-wasm-bytecode': [ '1.9.0' ],
35 silly audit   '@webassemblyjs/helper-wasm-section': [ '1.9.0' ],
35 silly audit   '@webassemblyjs/ieee754': [ '1.9.0' ],
35 silly audit   '@webassemblyjs/leb128': [ '1.9.0' ],
35 silly audit   '@webassemblyjs/utf8': [ '1.9.0' ],
35 silly audit   '@webassemblyjs/wasm-edit': [ '1.9.0' ],
35 silly audit   '@webassemblyjs/wasm-gen': [ '1.9.0' ],
35 silly audit   '@webassemblyjs/wasm-opt': [ '1.9.0' ],
35 silly audit   '@webassemblyjs/wasm-parser': [ '1.9.0' ],
35 silly audit   '@webassemblyjs/wast-parser': [ '1.9.0' ],
35 silly audit   '@webassemblyjs/wast-printer': [ '1.9.0' ],
35 silly audit   '@xtuc/ieee754': [ '1.2.0' ],
35 silly audit   '@xtuc/long': [ '4.2.2' ],
35 silly audit   accepts: [ '1.3.8' ],
35 silly audit   acorn: [ '7.4.1', '6.4.2' ],
35 silly audit   'acorn-walk': [ '7.2.0' ],
35 silly audit   address: [ '1.2.2' ],
35 silly audit   ajv: [ '6.12.6' ],
35 silly audit   'ajv-errors': [ '1.0.1' ],
35 silly audit   'ajv-keywords': [ '3.5.2' ],
35 silly audit   'alphanum-sort': [ '1.0.2' ],
35 silly audit   'ansi-colors': [ '3.2.4' ],
35 silly audit   'ansi-html-community': [ '0.0.8' ],
35 silly audit   'ansi-regex': [ '5.0.1', '4.1.1', '2.1.1' ],
35 silly audit   'any-promise': [ '1.3.0' ],
35 silly audit   anymatch: [ '3.1.3', '2.0.0' ],
35 silly audit   aproba: [ '1.2.0' ],
35 silly audit   arch: [ '2.2.0' ],
35 silly audit   argparse: [ '1.0.10' ],
35 silly audit   'arr-diff': [ '4.0.0' ],
35 silly audit   'arr-flatten': [ '1.1.0' ],
35 silly audit   'arr-union': [ '3.1.0' ],
35 silly audit   'array-buffer-byte-length': [ '1.0.2' ],
35 silly audit   'array-flatten': [ '1.1.1', '2.1.2' ],
35 silly audit   'array-union': [ '1.0.2' ],
35 silly audit   'array-uniq': [ '1.0.3' ],
35 silly audit   'array-unique': [ '0.3.2' ],
35 silly audit   'array.prototype.reduce': [ '1.0.8' ],
35 silly audit   'arraybuffer.prototype.slice': [ '1.0.4' ],
35 silly audit   asn1: [ '0.2.6' ],
35 silly audit   'asn1.js': [ '4.10.1' ],
35 silly audit   'bn.js': [ '4.12.2', '5.2.2' ],
35 silly audit   assert: [ '1.5.1' ],
35 silly audit   'assert-plus': [ '1.0.0' ],
35 silly audit   inherits: [ '2.0.3', '2.0.4' ],
35 silly audit   util: [ '0.10.4', '0.11.1' ],
35 silly audit   'assign-symbols': [ '1.0.0' ],
35 silly audit   async: [ '3.2.6' ],
35 silly audit   'async-each': [ '1.0.6' ],
35 silly audit   'async-function': [ '1.0.0' ],
35 silly audit   'async-limiter': [ '1.0.1' ],
35 silly audit   'async-validator': [ '1.8.5' ],
35 silly audit   asynckit: [ '0.4.0' ],
35 silly audit   atob: [ '2.1.2' ],
35 silly audit   autoprefixer: [ '9.8.8' ],
35 silly audit   'available-typed-arrays': [ '1.0.7' ],
35 silly audit   'aws-sign2': [ '0.7.0' ],
35 silly audit   aws4: [ '1.13.2' ],
35 silly audit   axios: [ '0.24.0' ],
35 silly audit   'babel-helper-vue-jsx-merge-props': [ '2.0.3' ],
35 silly audit   'babel-runtime': [ '6.26.0' ],
35 silly audit   'balanced-match': [ '1.0.2' ],
35 silly audit   base: [ '0.11.2' ],
35 silly audit   'define-property': [ '1.0.0', '0.2.5', '2.0.2' ],
35 silly audit   'base64-js': [ '1.5.1' ],
35 silly audit   'baseline-browser-mapping': [ '2.9.14' ],
35 silly audit   batch: [ '0.6.1' ],
35 silly audit   'bcrypt-pbkdf': [ '1.0.2' ],
35 silly audit   bfj: [ '6.1.2' ],
35 silly audit   'big.js': [ '5.2.2', '3.2.0' ],
35 silly audit   'binary-extensions': [ '2.3.0', '1.13.1' ],
35 silly audit   bindings: [ '1.5.0' ],
35 silly audit   bluebird: [ '3.7.2' ],
35 silly audit   'body-parser': [ '1.20.4' ],
35 silly audit   debug: [ '2.6.9', '4.4.3', '3.2.7' ],
35 silly audit   ms: [ '2.0.0', '2.1.3' ],
35 silly audit   qs: [ '6.14.1', '6.5.3' ],
35 silly audit   bonjour: [ '3.5.0' ],
35 silly audit   boolbase: [ '1.0.0' ],
35 silly audit   'brace-expansion': [ '1.1.12' ],
35 silly audit   braces: [ '2.3.2', '3.0.3' ],
35 silly audit   'extend-shallow': [ '2.0.1', '3.0.2' ],
35 silly audit   'is-extendable': [ '0.1.1', '1.0.1' ],
35 silly audit   brorand: [ '1.1.0' ],
35 silly audit   'browserify-aes': [ '1.2.0' ],
35 silly audit   'browserify-cipher': [ '1.0.1' ],
35 silly audit   'browserify-des': [ '1.0.2' ],
35 silly audit   'browserify-rsa': [ '4.1.1' ],
35 silly audit   'safe-buffer': [ '5.2.1', '5.1.2' ],
35 silly audit   'browserify-sign': [ '4.2.5' ],
35 silly audit   'browserify-zlib': [ '0.2.0' ],
35 silly audit   browserslist: [ '4.28.1' ],
35 silly audit   buffer: [ '4.9.2' ],
35 silly audit   'buffer-from': [ '1.1.2' ],
35 silly audit   'buffer-indexof': [ '1.1.1' ],
35 silly audit   'buffer-json': [ '2.0.0' ],
35 silly audit   'buffer-xor': [ '1.0.3' ],
35 silly audit   'builtin-status-codes': [ '3.0.0' ],
35 silly audit   bytes: [ '3.1.2' ],
35 silly audit   cacache: [ '12.0.4' ],
35 silly audit   ssri: [ '6.0.2', '8.0.1' ],
35 silly audit   'cache-base': [ '1.0.1' ],
35 silly audit   'cache-loader': [ '4.1.0' ],
35 silly audit   'call-bind': [ '1.0.8' ],
35 silly audit   'call-bind-apply-helpers': [ '1.0.2' ],
35 silly audit   'call-bound': [ '1.0.4' ],
35 silly audit   'call-me-maybe': [ '1.0.2' ],
35 silly audit   'caller-callsite': [ '2.0.0' ],
35 silly audit   'caller-path': [ '2.0.0' ],
35 silly audit   callsites: [ '2.0.0' ],
35 silly audit   'camel-case': [ '3.0.0' ],
35 silly audit   camelcase: [ '5.3.1' ],
35 silly audit   'caniuse-api': [ '3.0.0' ],
35 silly audit   'caniuse-lite': [ '1.0.30001764' ],
35 silly audit   'case-sensitive-paths-webpack-plugin': [ '2.4.0' ],
35 silly audit   caseless: [ '0.12.0' ],
35 silly audit   'check-types': [ '8.0.3' ],
35 silly audit   chokidar: [ '3.6.0', '2.1.8' ],
35 silly audit   'fill-range': [ '7.1.1', '4.0.0' ],
35 silly audit   'glob-parent': [ '5.1.2', '3.1.0' ],
35 silly audit   'is-number': [ '7.0.0', '3.0.0' ],
35 silly audit   'to-regex-range': [ '5.0.1', '2.1.1' ],
35 silly audit   chownr: [ '1.1.4' ],
35 silly audit   'chrome-trace-event': [ '1.0.4' ],
35 silly audit   'cipher-base': [ '1.0.7' ],
35 silly audit   'class-utils': [ '0.3.6' ],
35 silly audit   'is-descriptor': [ '0.1.7', '1.0.3' ],
35 silly audit   'clean-css': [ '4.2.4' ],
35 silly audit   'cli-cursor': [ '2.1.0' ],
35 silly audit   'cli-highlight': [ '2.1.11' ],
35 silly audit   'cli-spinners': [ '2.9.2' ],
35 silly audit   clipboardy: [ '2.3.0' ],
35 silly audit   cliui: [ '6.0.0', '5.0.0', '7.0.4' ],
35 silly audit   clone: [ '1.0.4' ],
35 silly audit   coa: [ '2.0.2' ],
35 silly audit   'collection-visit': [ '1.0.0' ],
35 silly audit   color: [ '3.2.1' ],
35 silly audit   'color-string': [ '1.9.1' ],
35 silly audit   'combined-stream': [ '1.0.8' ],
35 silly audit   commander: [ '2.17.1', '2.20.3', '2.19.0' ],
35 silly audit   commondir: [ '1.0.1' ],
35 silly audit   'component-emitter': [ '1.3.1' ],
35 silly audit   compressible: [ '2.0.18' ],
35 silly audit   compression: [ '1.8.1' ],
35 silly audit   negotiator: [ '0.6.4', '0.6.3' ],
35 silly audit   'concat-map': [ '0.0.1' ],
35 silly audit   'concat-stream': [ '1.6.2' ],
35 silly audit   'connect-history-api-fallback': [ '1.6.0' ],
35 silly audit   'console-browserify': [ '1.2.0' ],
35 silly audit   consolidate: [ '0.15.1' ],
35 silly audit   'constants-browserify': [ '1.0.0' ],
35 silly audit   'content-disposition': [ '0.5.4' ],
35 silly audit   'content-type': [ '1.0.5' ],
35 silly audit   cookie: [ '0.7.2' ],
35 silly audit   'cookie-signature': [ '1.0.7' ],
35 silly audit   'copy-concurrently': [ '1.0.5' ],
35 silly audit   'copy-descriptor': [ '0.1.1' ],
35 silly audit   'copy-webpack-plugin': [ '5.1.2' ],
35 silly audit   'find-cache-dir': [ '2.1.0', '3.3.2' ],
35 silly audit   'find-up': [ '3.0.0', '4.1.0' ],
35 silly audit   globby: [ '7.1.1', '6.1.0', '9.2.0' ],
35 silly audit   pify: [ '3.0.0', '2.3.0', '4.0.1' ],
35 silly audit   ignore: [ '3.3.10', '4.0.6' ],
35 silly audit   'locate-path': [ '3.0.0', '5.0.0' ],
35 silly audit   'make-dir': [ '2.1.0', '3.1.0' ],
35 silly audit   'p-locate': [ '3.0.0', '4.1.0' ],
35 silly audit   'path-exists': [ '3.0.0', '4.0.0' ],
35 silly audit   'pkg-dir': [ '3.0.0', '4.2.0' ],
35 silly audit   'schema-utils': [ '1.0.0', '2.7.1' ],
35 silly audit   semver: [ '5.7.2', '6.3.1' ],
35 silly audit   slash: [ '1.0.0', '2.0.0' ],
35 silly audit   'core-js': [ '2.6.12' ],
35 silly audit   'core-util-is': [ '1.0.3', '1.0.2' ],
35 silly audit   cosmiconfig: [ '5.2.1' ],
35 silly audit   'create-ecdh': [ '4.0.4' ],
35 silly audit   'create-hash': [ '1.2.0' ],
35 silly audit   'create-hmac': [ '1.1.7' ],
35 silly audit   'cross-spawn': [ '6.0.6', '7.0.6' ],
35 silly audit   'crypto-browserify': [ '3.12.1' ],
35 silly audit   'css-color-names': [ '0.0.4' ],
35 silly audit   'css-declaration-sorter': [ '4.0.1' ],
35 silly audit   'css-loader': [ '3.6.0' ],
35 silly audit   'css-select': [ '4.3.0', '2.1.0' ],
35 silly audit   'css-select-base-adapter': [ '0.1.1' ],
35 silly audit   'css-tree': [ '1.0.0-alpha.37', '1.1.3' ],
35 silly audit   'css-what': [ '6.2.2', '3.4.2' ],
35 silly audit   cssesc: [ '3.0.0' ],
35 silly audit   cssnano: [ '4.1.11' ],
35 silly audit   'cssnano-preset-default': [ '4.0.8' ],
35 silly audit   'cssnano-util-get-arguments': [ '4.0.0' ],
35 silly audit   'cssnano-util-get-match': [ '4.0.0' ],
35 silly audit   'cssnano-util-raw-cache': [ '4.0.1' ],
35 silly audit   'cssnano-util-same-parent': [ '4.0.1' ],
35 silly audit   csso: [ '4.2.0' ],
35 silly audit   'mdn-data': [ '2.0.14', '2.0.4' ],
35 silly audit   csstype: [ '3.2.3' ],
35 silly audit   cyclist: [ '1.0.2' ],
35 silly audit   dashdash: [ '1.14.1' ],
35 silly audit   'data-view-buffer': [ '1.0.2' ],
35 silly audit   'data-view-byte-length': [ '1.0.2' ],
35 silly audit   'data-view-byte-offset': [ '1.0.1' ],
35 silly audit   'de-indent': [ '1.0.2' ],
35 silly audit   decamelize: [ '1.2.0' ],
35 silly audit   'decode-uri-component': [ '0.2.2' ],
35 silly audit   'deep-equal': [ '1.1.2' ],
35 silly audit   deepmerge: [ '1.5.2' ],
35 silly audit   'default-gateway': [ '5.0.5', '4.2.0' ],
35 silly audit   execa: [ '3.4.0', '1.0.0' ],
35 silly audit   'get-stream': [ '5.2.0', '4.1.0' ],
35 silly audit   'is-stream': [ '2.0.1', '1.1.0' ],
35 silly audit   'mimic-fn': [ '2.1.0', '1.2.0' ],
35 silly audit   'npm-run-path': [ '4.0.1', '2.0.2' ],
35 silly audit   onetime: [ '5.1.2', '2.0.1' ],
35 silly audit   'p-finally': [ '2.0.1', '1.0.0' ],
35 silly audit   'path-key': [ '3.1.1', '2.0.1' ],
35 silly audit   'shebang-command': [ '2.0.0', '1.2.0' ],
35 silly audit   'shebang-regex': [ '3.0.0', '1.0.0' ],
35 silly audit   which: [ '2.0.2', '1.3.1' ],
35 silly audit   defaults: [ '1.0.4' ],
35 silly audit   'define-data-property': [ '1.1.4' ],
35 silly audit   'define-properties': [ '1.2.1' ],
35 silly audit   del: [ '4.1.1' ],
35 silly audit   'delayed-stream': [ '1.0.0' ],
35 silly audit   depd: [ '2.0.0', '1.1.2' ],
35 silly audit   'des.js': [ '1.1.0' ],
35 silly audit   destroy: [ '1.2.0' ],
35 silly audit   'detect-node': [ '2.1.0' ],
35 silly audit   'diffie-hellman': [ '5.0.3' ],
35 silly audit   'dir-glob': [ '2.2.2' ],
35 silly audit   'dns-equal': [ '1.0.0' ],
35 silly audit   'dns-packet': [ '1.3.4' ],
35 silly audit   'dns-txt': [ '2.0.2' ],
35 silly audit   'dom-converter': [ '0.2.0' ],
35 silly audit   'dom-serializer': [ '1.4.1', '0.2.2' ],
35 silly audit   'domain-browser': [ '1.2.0' ],
35 silly audit   domelementtype: [ '2.3.0', '1.3.1' ],
35 silly audit   domhandler: [ '4.3.1' ],
35 silly audit   domutils: [ '2.8.0', '1.7.0' ],
35 silly audit   'dot-prop': [ '5.3.0' ],
35 silly audit   dotenv: [ '8.6.0' ],
35 silly audit   'dotenv-expand': [ '5.1.0' ],
35 silly audit   'dunder-proto': [ '1.0.1' ],
35 silly audit   duplexer: [ '0.1.2' ],
35 silly audit   duplexify: [ '3.7.1' ],
35 silly audit   'easy-stack': [ '1.0.1' ],
35 silly audit   'ecc-jsbn': [ '0.1.2' ],
35 silly audit   'ee-first': [ '1.1.1' ],
35 silly audit   ejs: [ '2.7.4' ],
35 silly audit   'electron-to-chromium': [ '1.5.267' ],
35 silly audit   'element-ui': [ '2.15.14' ],
35 silly audit   elliptic: [ '6.6.1' ],
35 silly audit   'emoji-regex': [ '8.0.0', '7.0.3' ],
35 silly audit   'emojis-list': [ '3.0.0', '2.1.0' ],
35 silly audit   encodeurl: [ '2.0.0' ],
35 silly audit   'end-of-stream': [ '1.4.5' ],
35 silly audit   'enhanced-resolve': [ '4.5.0' ],
35 silly audit   'memory-fs': [ '0.5.0', '0.4.1' ],
35 silly audit   errno: [ '0.1.8' ],
35 silly audit   'error-ex': [ '1.3.4' ],
35 silly audit   'error-stack-parser': [ '2.1.4' ],
35 silly audit   'es-abstract': [ '1.24.1' ],
35 silly audit   'es-array-method-boxes-properly': [ '1.0.0' ],
35 silly audit   'es-define-property': [ '1.0.1' ],
35 silly audit   'es-errors': [ '1.3.0' ],
35 silly audit   'es-object-atoms': [ '1.1.1' ],
35 silly audit   'es-set-tostringtag': [ '2.1.0' ],
35 silly audit   'es-to-primitive': [ '1.3.0' ],
35 silly audit   escalade: [ '3.2.0' ],
35 silly audit   'escape-html': [ '1.0.3' ],
35 silly audit   'escape-string-regexp': [ '1.0.5' ],
35 silly audit   'eslint-scope': [ '4.0.3' ],
35 silly audit   esprima: [ '4.0.1' ],
35 silly audit   esrecurse: [ '4.3.0' ],
35 silly audit   estraverse: [ '5.3.0', '4.3.0' ],
35 silly audit   'estree-walker': [ '2.0.2' ],
35 silly audit   etag: [ '1.8.1' ],
35 silly audit   'event-pubsub': [ '4.3.0' ],
35 silly audit   eventemitter3: [ '4.0.7' ],
35 silly audit   events: [ '3.3.0' ],
35 silly audit   eventsource: [ '2.0.2' ],
35 silly audit   evp_bytestokey: [ '1.0.3' ],
35 silly audit   'expand-brackets': [ '2.1.4' ],
35 silly audit   express: [ '4.22.1' ],
35 silly audit   extend: [ '3.0.2' ],
35 silly audit   extglob: [ '2.0.4' ],
35 silly audit   extsprintf: [ '1.3.0' ],
35 silly audit   'fast-deep-equal': [ '3.1.3' ],
35 silly audit   'fast-glob': [ '2.2.7' ],
35 silly audit   'fast-json-stable-stringify': [ '2.1.0' ],
35 silly audit   'faye-websocket': [ '0.11.4' ],
35 silly audit   'figgy-pudding': [ '3.5.2' ],
35 silly audit   'file-loader': [ '4.3.0' ],
35 silly audit   'file-uri-to-path': [ '1.0.0' ],
35 silly audit   filesize: [ '3.6.1' ],
35 silly audit   finalhandler: [ '1.3.2' ],
35 silly audit   'flush-write-stream': [ '1.1.1' ],
35 silly audit   'follow-redirects': [ '1.15.11' ],
35 silly audit   'for-each': [ '0.3.5' ],
35 silly audit   'for-in': [ '1.0.2' ],
35 silly audit   'forever-agent': [ '0.6.1' ],
35 silly audit   'form-data': [ '2.3.3' ],
35 silly audit   forwarded: [ '0.2.0' ],
35 silly audit   'fragment-cache': [ '0.2.1' ],
35 silly audit   fresh: [ '0.5.2' ],
35 silly audit   from2: [ '2.3.0' ],
35 silly audit   'fs-extra': [ '7.0.1' ],
35 silly audit   'fs-write-stream-atomic': [ '1.0.10' ],
35 silly audit   'fs.realpath': [ '1.0.0' ],
35 silly audit   fsevents: [ '2.3.3', '1.2.13' ],
35 silly audit   'function-bind': [ '1.1.2' ],
35 silly audit   'function.prototype.name': [ '1.1.8' ],
35 silly audit   'functions-have-names': [ '1.2.3' ],
35 silly audit   'generator-function': [ '2.0.1' ],
35 silly audit   'get-caller-file': [ '2.0.5' ],
35 silly audit   'get-intrinsic': [ '1.3.0' ],
35 silly audit   'get-proto': [ '1.0.1' ],
35 silly audit   'get-symbol-description': [ '1.1.0' ],
35 silly audit   'get-value': [ '2.0.6' ],
35 silly audit   getpass: [ '0.1.7' ],
35 silly audit   glob: [ '7.2.3' ],
35 silly audit   'is-glob': [ '3.1.0', '4.0.3' ],
35 silly audit   'glob-to-regexp': [ '0.3.0' ],
35 silly audit   globalthis: [ '1.0.4' ],
35 silly audit   gopd: [ '1.2.0' ],
35 silly audit   'graceful-fs': [ '4.2.11' ],
35 silly audit   'gzip-size': [ '5.1.1' ],
35 silly audit   'handle-thing': [ '2.0.1' ],
35 silly audit   'har-schema': [ '2.0.0' ],
35 silly audit   'har-validator': [ '5.1.5' ],
35 silly audit   has: [ '1.0.4' ],
35 silly audit   'has-bigints': [ '1.1.0' ],
35 silly audit   'has-property-descriptors': [ '1.0.2' ],
35 silly audit   'has-proto': [ '1.2.0' ],
35 silly audit   'has-symbols': [ '1.1.0' ],
35 silly audit   'has-tostringtag': [ '1.0.2' ],
35 silly audit   'has-value': [ '1.0.0', '0.3.1' ],
35 silly audit   'has-values': [ '1.0.0', '0.1.4' ],
35 silly audit   'kind-of': [ '4.0.0', '3.2.2', '6.0.3' ],
35 silly audit   'hash-base': [ '3.0.5', '3.1.2' ],
35 silly audit   'hash.js': [ '1.1.7' ],
35 silly audit   hasown: [ '2.0.2' ],
35 silly audit   he: [ '1.2.0' ],
35 silly audit   'hex-color-regex': [ '1.1.0' ],
35 silly audit   'highlight.js': [ '10.7.3' ],
35 silly audit   'hmac-drbg': [ '1.0.1' ],
35 silly audit   hoopy: [ '0.1.4' ],
35 silly audit   'hosted-git-info': [ '2.8.9' ],
35 silly audit   'hpack.js': [ '2.1.6' ],
35 silly audit   'hsl-regex': [ '1.0.0' ],
35 silly audit   'hsla-regex': [ '1.0.0' ],
35 silly audit   'html-entities': [ '1.4.0' ],
35 silly audit   'html-minifier': [ '3.5.21' ],
35 silly audit   'html-webpack-plugin': [ '3.2.0' ],
35 silly audit   json5: [ '0.5.1', '1.0.2', '2.2.3' ],
35 silly audit   'loader-utils': [ '0.2.17', '1.4.2', '2.0.4' ],
35 silly audit   htmlparser2: [ '6.1.0' ],
35 silly audit   'http-deceiver': [ '1.2.7' ],
35 silly audit   'http-errors': [ '2.0.1', '1.6.3' ],
35 silly audit   'http-parser-js': [ '0.5.10' ],
35 silly audit   'http-proxy': [ '1.18.1' ],
35 silly audit   'http-proxy-middleware': [ '1.3.1', '0.19.1' ],
35 silly audit   micromatch: [ '4.0.8', '3.1.10' ],
35 silly audit   'http-signature': [ '1.2.0' ],
35 silly audit   'https-browserify': [ '1.0.0' ],
35 silly audit   'human-signals': [ '1.1.1' ],
35 silly audit   'iconv-lite': [ '0.4.24' ],
35 silly audit   'icss-utils': [ '4.1.1' ],
35 silly audit   ieee754: [ '1.2.1' ],
35 silly audit   iferr: [ '0.1.5' ],
35 silly audit   'import-cwd': [ '2.1.0' ],
35 silly audit   'import-fresh': [ '2.0.0' ],
35 silly audit   'import-from': [ '2.1.0' ],
35 silly audit   'import-local': [ '2.0.0' ],
35 silly audit   imurmurhash: [ '0.1.4' ],
35 silly audit   'indexes-of': [ '1.0.1' ],
35 silly audit   'infer-owner': [ '1.0.4' ],
35 silly audit   inflight: [ '1.0.6' ],
35 silly audit   'internal-ip': [ '4.3.0' ],
35 silly audit   'internal-slot': [ '1.1.0' ],
35 silly audit   ip: [ '1.1.9' ],
35 silly audit   'ip-regex': [ '2.1.0' ],
35 silly audit   'ipaddr.js': [ '1.9.1' ],
35 silly audit   'is-absolute-url': [ '2.1.0', '3.0.3' ],
35 silly audit   'is-accessor-descriptor': [ '1.0.1' ],
35 silly audit   'is-arguments': [ '1.2.0' ],
35 silly audit   'is-array-buffer': [ '3.0.5' ],
35 silly audit   'is-arrayish': [ '0.2.1', '0.3.4' ],
35 silly audit   'is-async-function': [ '2.1.1' ],
35 silly audit   'is-bigint': [ '1.1.0' ],
35 silly audit   'is-binary-path': [ '2.1.0', '1.0.1' ],
35 silly audit   'is-boolean-object': [ '1.2.2' ],
35 silly audit   'is-buffer': [ '1.1.6' ],
35 silly audit   'is-callable': [ '1.2.7' ],
35 silly audit   'is-color-stop': [ '1.1.0' ],
35 silly audit   'is-core-module': [ '2.16.1' ],
35 silly audit   'is-data-descriptor': [ '1.0.1' ],
35 silly audit   'is-data-view': [ '1.0.2' ],
35 silly audit   'is-date-object': [ '1.1.0' ],
35 silly audit   'is-directory': [ '0.3.1' ],
35 silly audit   'is-docker': [ '2.2.1' ],
35 silly audit   'is-extglob': [ '2.1.1' ],
35 silly audit   'is-finalizationregistry': [ '1.1.1' ],
35 silly audit   'is-fullwidth-code-point': [ '3.0.0', '2.0.0' ],
35 silly audit   'is-generator-function': [ '1.1.2' ],
35 silly audit   'is-map': [ '2.0.3' ],
35 silly audit   'is-negative-zero': [ '2.0.3' ],
35 silly audit   'is-number-object': [ '1.1.1' ],
35 silly audit   'is-obj': [ '2.0.0' ],
35 silly audit   'is-path-cwd': [ '2.2.0' ],
35 silly audit   'is-path-in-cwd': [ '2.1.0' ],
35 silly audit   'is-path-inside': [ '2.1.0' ],
35 silly audit   'is-plain-obj': [ '3.0.0', '1.1.0' ],
35 silly audit   'is-plain-object': [ '2.0.4' ],
35 silly audit   'is-regex': [ '1.2.1' ],
35 silly audit   'is-resolvable': [ '1.1.0' ],
35 silly audit   'is-set': [ '2.0.3' ],
35 silly audit   'is-shared-array-buffer': [ '1.0.4' ],
35 silly audit   'is-string': [ '1.1.1' ],
35 silly audit   'is-symbol': [ '1.1.1' ],
35 silly audit   'is-typed-array': [ '1.1.15' ],
35 silly audit   'is-typedarray': [ '1.0.0' ],
35 silly audit   'is-weakmap': [ '2.0.2' ],
35 silly audit   'is-weakref': [ '1.1.1' ],
35 silly audit   'is-weakset': [ '2.0.4' ],
35 silly audit   'is-windows': [ '1.0.2' ],
35 silly audit   'is-wsl': [ '2.2.0', '1.1.0' ],
35 silly audit   isarray: [ '1.0.0', '2.0.5' ],
35 silly audit   isexe: [ '2.0.0' ],
35 silly audit   isobject: [ '3.0.1', '2.1.0' ],
35 silly audit   isstream: [ '0.1.2' ],
35 silly audit   'javascript-stringify': [ '2.1.0' ],
35 silly audit   'js-message': [ '1.0.7' ],
35 silly audit   'js-tokens': [ '4.0.0' ],
35 silly audit   'js-yaml': [ '3.14.2' ],
35 silly audit   jsbn: [ '0.1.1' ],
35 silly audit   'json-parse-better-errors': [ '1.0.2' ],
35 silly audit   'json-parse-even-better-errors': [ '2.3.1' ],
35 silly audit   'json-schema': [ '0.4.0' ],
35 silly audit   'json-schema-traverse': [ '0.4.1' ],
35 silly audit   'json-stringify-safe': [ '5.0.1' ],
35 silly audit   jsonfile: [ '4.0.0' ],
35 silly audit   jsprim: [ '1.4.2' ],
35 silly audit   killable: [ '1.0.1' ],
35 silly audit   'launch-editor': [ '2.12.0' ],
35 silly audit   'launch-editor-middleware': [ '2.12.0' ],
35 silly audit   'lines-and-columns': [ '1.2.4' ],
35 silly audit   'loader-runner': [ '2.4.0' ],
35 silly audit   lodash: [ '4.17.21' ],
35 silly audit   'lodash.defaultsdeep': [ '4.6.1' ],
35 silly audit   'lodash.mapvalues': [ '4.6.0' ],
35 silly audit   'lodash.memoize': [ '4.1.2' ],
35 silly audit   'lodash.transform': [ '4.6.0' ],
35 silly audit   'lodash.uniq': [ '4.5.0' ],
35 silly audit   'log-symbols': [ '2.2.0' ],
35 silly audit   loglevel: [ '1.9.2' ],
35 silly audit   'lower-case': [ '1.1.4' ],
35 silly audit   'magic-string': [ '0.30.21' ],
35 silly audit   'map-cache': [ '0.2.2' ],
35 silly audit   'map-visit': [ '1.0.0' ],
35 silly audit   'math-intrinsics': [ '1.1.0' ],
35 silly audit   'md5.js': [ '1.3.5' ],
35 silly audit   'media-typer': [ '0.3.0' ],
35 silly audit   'merge-descriptors': [ '1.0.3' ],
35 silly audit   'merge-source-map': [ '1.1.0' ],
35 silly audit   'merge-stream': [ '2.0.0' ],
35 silly audit   merge2: [ '1.4.1' ],
35 silly audit   methods: [ '1.1.2' ],
35 silly audit   'miller-rabin': [ '4.0.1' ],
35 silly audit   mime: [ '2.6.0', '1.6.0' ],
35 silly audit   'mime-db': [ '1.52.0' ],
35 silly audit   'mime-types': [ '2.1.35' ],
35 silly audit   'mini-css-extract-plugin': [ '0.9.0' ],
35 silly audit   'minimalistic-assert': [ '1.0.1' ],
35 silly audit   'minimalistic-crypto-utils': [ '1.0.1' ],
35 silly audit   minimatch: [ '3.1.2' ],
35 silly audit   minimist: [ '1.2.8' ],
35 silly audit   minipass: [ '3.3.6' ],
35 silly audit   mississippi: [ '3.0.0' ],
35 silly audit   'mixin-deep': [ '1.3.2' ],
35 silly audit   mkdirp: [ '0.5.6' ],
35 silly audit   'move-concurrently': [ '1.0.1' ],
35 silly audit   'multicast-dns': [ '6.2.3' ],
35 silly audit   'multicast-dns-service-types': [ '1.1.0' ],
35 silly audit   mz: [ '2.7.0' ],
35 silly audit   nan: [ '2.24.0' ],
35 silly audit   nanoid: [ '3.3.11' ],
35 silly audit   nanomatch: [ '1.2.13' ],
35 silly audit   'neo-async': [ '2.6.2' ],
35 silly audit   'nice-try': [ '1.0.5' ],
35 silly audit   'no-case': [ '2.3.2' ],
35 silly audit   'node-forge': [ '0.10.0' ],
35 silly audit   'node-libs-browser': [ '2.2.1' ],
35 silly audit   punycode: [ '1.4.1', '2.3.1' ],
35 silly audit   'node-releases': [ '2.0.27' ],
35 silly audit   'normalize-package-data': [ '2.5.0' ],
35 silly audit   'normalize-path': [ '3.0.0', '2.1.1' ],
35 silly audit   'normalize-range': [ '0.1.2' ],
35 silly audit   'normalize-url': [ '1.9.1', '3.3.0' ],
35 silly audit   'normalize-wheel': [ '1.0.1' ],
35 silly audit   'nth-check': [ '2.1.1', '1.0.2' ],
35 silly audit   num2fraction: [ '1.2.2' ],
35 silly audit   'oauth-sign': [ '0.9.0' ],
35 silly audit   'object-assign': [ '4.1.1' ],
35 silly audit   'object-copy': [ '0.1.0' ],
35 silly audit   'object-inspect': [ '1.13.4' ],
35 silly audit   'object-is': [ '1.1.6' ],
35 silly audit   'object-keys': [ '1.1.1' ],
35 silly audit   'object-visit': [ '1.0.1' ],
35 silly audit   'object.assign': [ '4.1.7' ],
35 silly audit   'object.getownpropertydescriptors': [ '2.1.9' ],
35 silly audit   'object.pick': [ '1.3.0' ],
35 silly audit   'object.values': [ '1.2.1' ],
35 silly audit   obuf: [ '1.1.2' ],
35 silly audit   'on-finished': [ '2.4.1' ],
35 silly audit   'on-headers': [ '1.1.0' ],
35 silly audit   once: [ '1.4.0' ],
35 silly audit   open: [ '6.4.0' ],
35 silly audit   opener: [ '1.5.2' ],
35 silly audit   opn: [ '5.5.0' ],
35 silly audit   ora: [ '3.4.0' ],
35 silly audit   'strip-ansi': [ '5.2.0', '3.0.1', '6.0.1' ],
35 silly audit   'os-browserify': [ '0.3.0' ],
35 silly audit   'own-keys': [ '1.0.1' ],
35 silly audit   'p-limit': [ '2.3.0' ],
35 silly audit   'p-map': [ '2.1.0' ],
35 silly audit   'p-retry': [ '3.0.1' ],
35 silly audit   'p-try': [ '2.2.0' ],
35 silly audit   pako: [ '1.0.11' ],
35 silly audit   'parallel-transform': [ '1.2.0' ],
35 silly audit   'param-case': [ '2.1.1' ],
35 silly audit   'parse-asn1': [ '5.1.9' ],
35 silly audit   'parse-json': [ '4.0.0', '5.2.0' ],
35 silly audit   parse5: [ '5.1.1', '6.0.1' ],
35 silly audit   'parse5-htmlparser2-tree-adapter': [ '6.0.1' ],
35 silly audit   parseurl: [ '1.3.3' ],
35 silly audit   pascalcase: [ '0.1.1' ],
35 silly audit   'path-browserify': [ '0.0.1' ],
35 silly audit   'path-dirname': [ '1.0.2' ],
35 silly audit   'path-is-absolute': [ '1.0.1' ],
35 silly audit   'path-is-inside': [ '1.0.2' ],
35 silly audit   'path-parse': [ '1.0.7' ],
35 silly audit   'path-to-regexp': [ '0.1.12' ],
35 silly audit   'path-type': [ '3.0.0' ],
35 silly audit   pbkdf2: [ '3.1.5' ],
35 silly audit   'performance-now': [ '2.1.0' ],
35 silly audit   picomatch: [ '2.3.1' ],
35 silly audit   pinkie: [ '2.0.4' ],
35 silly audit   'pinkie-promise': [ '2.0.1' ],
35 silly audit   'pnp-webpack-plugin': [ '1.7.0' ],
35 silly audit   portfinder: [ '1.0.38' ],
35 silly audit   'posix-character-classes': [ '0.1.1' ],
35 silly audit   'possible-typed-array-names': [ '1.1.0' ],
35 silly audit   'postcss-calc': [ '7.0.5' ],
35 silly audit   'postcss-colormin': [ '4.0.3' ],
35 silly audit   'postcss-value-parser': [ '3.3.1', '4.2.0' ],
35 silly audit   'postcss-convert-values': [ '4.0.1' ],
35 silly audit   'postcss-discard-comments': [ '4.0.2' ],
35 silly audit   'postcss-discard-duplicates': [ '4.0.2' ],
35 silly audit   'postcss-discard-empty': [ '4.0.1' ],
35 silly audit   'postcss-discard-overridden': [ '4.0.1' ],
35 silly audit   'postcss-load-config': [ '2.1.2' ],
35 silly audit   'postcss-loader': [ '3.0.0' ],
35 silly audit   'postcss-merge-longhand': [ '4.0.11' ],
35 silly audit   'postcss-merge-rules': [ '4.0.3' ],
35 silly audit   'postcss-selector-parser': [ '3.1.2', '6.1.2' ],
35 silly audit   'postcss-minify-font-values': [ '4.0.2' ],
35 silly audit   'postcss-minify-gradients': [ '4.0.2' ],
35 silly audit   'postcss-minify-params': [ '4.0.2' ],
35 silly audit   'postcss-minify-selectors': [ '4.0.2' ],
35 silly audit   'postcss-modules-extract-imports': [ '2.0.0' ],
35 silly audit   'postcss-modules-local-by-default': [ '3.0.3' ],
35 silly audit   'postcss-modules-scope': [ '2.2.0' ],
35 silly audit   'postcss-modules-values': [ '3.0.0' ],
35 silly audit   'postcss-normalize-charset': [ '4.0.1' ],
35 silly audit   'postcss-normalize-display-values': [ '4.0.2' ],
35 silly audit   'postcss-normalize-positions': [ '4.0.2' ],
35 silly audit   'postcss-normalize-repeat-style': [ '4.0.2' ],
35 silly audit   'postcss-normalize-string': [ '4.0.2' ],
35 silly audit   'postcss-normalize-timing-functions': [ '4.0.2' ],
35 silly audit   'postcss-normalize-unicode': [ '4.0.1' ],
35 silly audit   'postcss-normalize-url': [ '4.0.1' ],
35 silly audit   'postcss-normalize-whitespace': [ '4.0.2' ],
35 silly audit   'postcss-ordered-values': [ '4.1.2' ],
35 silly audit   'postcss-reduce-initial': [ '4.0.3' ],
35 silly audit   'postcss-reduce-transforms': [ '4.0.2' ],
35 silly audit   'postcss-svgo': [ '4.0.3' ],
35 silly audit   'postcss-unique-selectors': [ '4.0.1' ],
35 silly audit   'prepend-http': [ '1.0.4' ],
35 silly audit   prettier: [ '2.8.8' ],
35 silly audit   'pretty-error': [ '2.1.2' ],
35 silly audit   process: [ '0.11.10' ],
35 silly audit   'process-nextick-args': [ '2.0.1' ],
35 silly audit   'promise-inflight': [ '1.0.1' ],
35 silly audit   'proxy-addr': [ '2.0.7' ],
35 silly audit   prr: [ '1.0.1' ],
35 silly audit   pseudomap: [ '1.0.2' ],
35 silly audit   psl: [ '1.15.0' ],
35 silly audit   'public-encrypt': [ '4.0.3' ],
35 silly audit   pump: [ '3.0.3', '2.0.1' ],
35 silly audit   pumpify: [ '1.5.1' ],
35 silly audit   q: [ '1.5.1' ],
35 silly audit   'query-string': [ '4.3.4' ],
35 silly audit   'querystring-es3': [ '0.2.1' ],
35 silly audit   querystringify: [ '2.2.0' ],
35 silly audit   randombytes: [ '2.1.0' ],
35 silly audit   randomfill: [ '1.0.4' ],
35 silly audit   'range-parser': [ '1.2.1' ],
35 silly audit   'raw-body': [ '2.5.3' ],
35 silly audit   'read-pkg': [ '5.2.0' ],
35 silly audit   'readable-stream': [ '2.3.8', '3.6.2' ],
35 silly audit   readdirp: [ '3.6.0', '2.2.1' ],
35 silly audit   'reflect.getprototypeof': [ '1.0.10' ],
35 silly audit   'regenerator-runtime': [ '0.11.1' ],
35 silly audit   'regex-not': [ '1.0.2' ],
35 silly audit   'regexp.prototype.flags': [ '1.5.4' ],
35 silly audit   relateurl: [ '0.2.7' ],
35 silly audit   'remove-trailing-separator': [ '1.1.0' ],
35 silly audit   renderkid: [ '2.0.7' ],
35 silly audit   'repeat-element': [ '1.1.4' ],
35 silly audit   'repeat-string': [ '1.6.1' ],
35 silly audit   request: [ '2.88.2' ],
35 silly audit   'require-directory': [ '2.1.1' ],
35 silly audit   'require-main-filename': [ '2.0.0' ],
35 silly audit   'requires-port': [ '1.0.0' ],
35 silly audit   'resize-observer-polyfill': [ '1.5.1' ],
35 silly audit   resolve: [ '1.22.11' ],
35 silly audit   'resolve-cwd': [ '2.0.0' ],
35 silly audit   'resolve-from': [ '3.0.0' ],
35 silly audit   'resolve-url': [ '0.2.1' ],
35 silly audit   'restore-cursor': [ '2.0.0' ],
35 silly audit   ret: [ '0.1.15' ],
35 silly audit   retry: [ '0.12.0' ],
35 silly audit   'rgb-regex': [ '1.0.1' ],
35 silly audit   'rgba-regex': [ '1.0.0' ],
35 silly audit   rimraf: [ '2.7.1' ],
35 silly audit   ripemd160: [ '2.0.3' ],
35 silly audit   'run-queue': [ '1.0.3' ],
35 silly audit   'safe-array-concat': [ '1.1.3' ],
35 silly audit   'safe-push-apply': [ '1.0.0' ],
35 silly audit   'safe-regex': [ '1.1.0' ],
35 silly audit   'safe-regex-test': [ '1.1.0' ],
35 silly audit   'safer-buffer': [ '2.1.2' ],
35 silly audit   sax: [ '1.2.4' ],
35 silly audit   'select-hose': [ '2.0.0' ],
35 silly audit   selfsigned: [ '1.10.14' ],
35 silly audit   send: [ '0.19.2' ],
35 silly audit   'serialize-javascript': [ '4.0.0' ],
35 silly audit   'serve-index': [ '1.9.1' ],
35 silly audit   setprototypeof: [ '1.1.0', '1.2.0' ],
35 silly audit   statuses: [ '1.5.0', '2.0.2' ],
35 silly audit   'serve-static': [ '1.16.3' ],
35 silly audit   'set-blocking': [ '2.0.0' ],
35 silly audit   'set-function-length': [ '1.2.2' ],
35 silly audit   'set-function-name': [ '2.0.2' ],
35 silly audit   'set-proto': [ '1.0.0' ],
35 silly audit   'set-value': [ '2.0.1' ],
35 silly audit   setimmediate: [ '1.0.5' ],
35 silly audit   'sha.js': [ '2.4.12' ],
35 silly audit   'shell-quote': [ '1.8.3' ],
35 silly audit   'side-channel': [ '1.1.0' ],
35 silly audit   'side-channel-list': [ '1.0.0' ],
35 silly audit   'side-channel-map': [ '1.0.1' ],
35 silly audit   'side-channel-weakmap': [ '1.0.2' ],
35 silly audit   'signal-exit': [ '3.0.7' ],
35 silly audit   'simple-swizzle': [ '0.2.4' ],
35 silly audit   snapdragon: [ '0.8.2' ],
35 silly audit   'snapdragon-node': [ '2.1.1' ],
35 silly audit   'snapdragon-util': [ '3.0.1' ],
35 silly audit   sockjs: [ '0.3.24' ],
35 silly audit   'sockjs-client': [ '1.6.1' ],
35 silly audit   uuid: [ '8.3.2', '3.4.0' ],
35 silly audit   'sort-keys': [ '1.1.2' ],
35 silly audit   'source-list-map': [ '2.0.1' ],
35 silly audit   'source-map-js': [ '1.2.1' ],
35 silly audit   'source-map-resolve': [ '0.5.3' ],
35 silly audit   'source-map-support': [ '0.5.21' ],
35 silly audit   'source-map-url': [ '0.4.1' ],
35 silly audit   'spdx-correct': [ '3.2.0' ],
35 silly audit   'spdx-exceptions': [ '2.5.0' ],
35 silly audit   'spdx-expression-parse': [ '3.0.1' ],
35 silly audit   'spdx-license-ids': [ '3.0.22' ],
35 silly audit   spdy: [ '4.0.2' ],
35 silly audit   'spdy-transport': [ '3.0.0' ],
35 silly audit   'split-string': [ '3.1.0' ],
35 silly audit   'sprintf-js': [ '1.0.3' ],
35 silly audit   sshpk: [ '1.18.0' ],
35 silly audit   stable: [ '0.1.8' ],
35 silly audit   stackframe: [ '1.3.4' ],
35 silly audit   'static-extend': [ '0.1.2' ],
35 silly audit   'stop-iteration-iterator': [ '1.1.0' ],
35 silly audit   'stream-browserify': [ '2.0.2' ],
35 silly audit   'stream-each': [ '1.2.3' ],
35 silly audit   'stream-http': [ '2.8.3' ],
35 silly audit   'stream-shift': [ '1.0.3' ],
35 silly audit   'strict-uri-encode': [ '1.1.0' ],
35 silly audit   string_decoder: [ '1.1.1' ],
35 silly audit   'string-width': [ '4.2.3', '3.1.0' ],
35 silly audit   'string.prototype.trim': [ '1.2.10' ],
35 silly audit   'string.prototype.trimend': [ '1.0.9' ],
35 silly audit   'string.prototype.trimstart': [ '1.0.8' ],
35 silly audit   'strip-eof': [ '1.0.0' ],
35 silly audit   'strip-final-newline': [ '2.0.0' ],
35 silly audit   stylehacks: [ '4.0.3' ],
35 silly audit   'supports-preserve-symlinks-flag': [ '1.0.0' ],
35 silly audit   svgo: [ '1.3.2' ],
35 silly audit   tapable: [ '1.1.3' ],
35 silly audit   terser: [ '4.8.1' ],
35 silly audit   'terser-webpack-plugin': [ '1.4.6' ],
35 silly audit   thenify: [ '3.3.1' ],
35 silly audit   'thenify-all': [ '1.6.0' ],
35 silly audit   'thread-loader': [ '2.1.3' ],
35 silly audit   'throttle-debounce': [ '1.1.0' ],
35 silly audit   through2: [ '2.0.5' ],
35 silly audit   thunky: [ '1.1.0' ],
35 silly audit   'timers-browserify': [ '2.0.12' ],
35 silly audit   timsort: [ '0.3.0' ],
35 silly audit   'to-arraybuffer': [ '1.0.1' ],
35 silly audit   'to-buffer': [ '1.2.2' ],
35 silly audit   'to-object-path': [ '0.3.0' ],
35 silly audit   'to-regex': [ '3.0.2' ],
35 silly audit   toidentifier: [ '1.0.1' ],
35 silly audit   toposort: [ '1.0.7' ],
35 silly audit   'tough-cookie': [ '2.5.0' ],
35 silly audit   tryer: [ '1.0.1' ],
35 silly audit   'ts-pnp': [ '1.2.0' ],
35 silly audit   'tty-browserify': [ '0.0.0' ],
35 silly audit   'tunnel-agent': [ '0.6.0' ],
35 silly audit   tweetnacl: [ '0.14.5' ],
35 silly audit   'type-fest': [ '0.6.0' ],
35 silly audit   'type-is': [ '1.6.18' ],
35 silly audit   'typed-array-buffer': [ '1.0.3' ],
35 silly audit   'typed-array-byte-length': [ '1.0.3' ],
35 silly audit   'typed-array-byte-offset': [ '1.0.4' ],
35 silly audit   'typed-array-length': [ '1.0.7' ],
35 silly audit   typedarray: [ '0.0.6' ],
35 silly audit   'uglify-js': [ '3.4.10' ],
35 silly audit   'unbox-primitive': [ '1.1.0' ],
35 silly audit   'undici-types': [ '7.16.0' ],
35 silly audit   'union-value': [ '1.0.1' ],
35 silly audit   uniq: [ '1.0.1' ],
35 silly audit   uniqs: [ '2.0.0' ],
35 silly audit   'unique-filename': [ '1.1.1' ],
35 silly audit   'unique-slug': [ '2.0.2' ],
35 silly audit   universalify: [ '0.1.2' ],
35 silly audit   unpipe: [ '1.0.0' ],
35 silly audit   unquote: [ '1.1.1' ],
35 silly audit   'unset-value': [ '1.0.0' ],
35 silly audit   upath: [ '1.2.0' ],
35 silly audit   'update-browserslist-db': [ '1.2.3' ],
35 silly audit   'upper-case': [ '1.1.3' ],
35 silly audit   'uri-js': [ '4.4.1' ],
35 silly audit   urix: [ '0.1.0' ],
35 silly audit   url: [ '0.11.4' ],
35 silly audit   'url-loader': [ '2.3.0' ],
35 silly audit   'url-parse': [ '1.5.10' ],
35 silly audit   use: [ '3.1.1' ],
35 silly audit   'util-deprecate': [ '1.0.2' ],
35 silly audit   'util.promisify': [ '1.0.0' ],
35 silly audit   utila: [ '0.4.0' ],
35 silly audit   'utils-merge': [ '1.0.1' ],
35 silly audit   'validate-npm-package-license': [ '3.0.4' ],
35 silly audit   vary: [ '1.1.2' ],
35 silly audit   vendors: [ '1.0.4' ],
35 silly audit   verror: [ '1.10.0' ],
35 silly audit   'vm-browserify': [ '1.1.2' ],
35 silly audit   vue: [ '2.7.16' ],
35 silly audit   'vue-hot-reload-api': [ '2.3.4' ],
35 silly audit   'vue-loader': [ '15.11.1', '16.8.3' ],
35 silly audit   'vue-style-loader': [ '4.1.3' ],
35 silly audit   'vue-template-compiler': [ '2.7.16' ],
35 silly audit   'vue-template-es2015-compiler': [ '1.9.1' ],
35 silly audit   watchpack: [ '1.7.5' ],
35 silly audit   'watchpack-chokidar2': [ '2.0.1' ],
35 silly audit   wbuf: [ '1.7.3' ],
35 silly audit   wcwidth: [ '1.0.1' ],
35 silly audit   webpack: [ '4.47.0' ],
35 silly audit   'webpack-bundle-analyzer': [ '3.9.0' ],
35 silly audit   'webpack-chain': [ '6.5.1' ],
35 silly audit   'webpack-dev-middleware': [ '3.7.3' ],
35 silly audit   'webpack-dev-server': [ '3.11.3' ],
35 silly audit   'wrap-ansi': [ '5.1.0', '6.2.0', '7.0.0' ],
35 silly audit   yargs: [ '13.3.2', '16.2.0' ],
35 silly audit   'yargs-parser': [ '13.1.2', '20.2.9' ],
35 silly audit   'webpack-log': [ '2.0.0' ],
35 silly audit   'webpack-merge': [ '4.2.2' ],
35 silly audit   'webpack-sources': [ '1.4.3' ],
35 silly audit   'websocket-driver': [ '0.7.4' ],
35 silly audit   'websocket-extensions': [ '0.1.4' ],
35 silly audit   'which-boxed-primitive': [ '1.1.1' ],
35 silly audit   'which-builtin-type': [ '1.2.1' ],
35 silly audit   'which-collection': [ '1.0.2' ],
35 silly audit   'which-module': [ '2.0.1' ],
35 silly audit   'which-typed-array': [ '1.1.20' ],
35 silly audit   'worker-farm': [ '1.7.0' ],
35 silly audit   wrappy: [ '1.0.2' ],
35 silly audit   ws: [ '6.2.3' ],
35 silly audit   xtend: [ '4.0.2' ],
35 silly audit   y18n: [ '4.0.3', '5.0.8' ],
35 silly audit   echarts: [ '5.6.0' ],
35 silly audit   tslib: [ '2.3.0' ],
35 silly audit   zrender: [ '5.6.1' ]
35 silly audit }
36 http cache zrender@https://registry.npmjs.org/zrender/-/zrender-5.6.1.tgz 0ms (cache hit)
37 http cache echarts@https://registry.npmjs.org/echarts/-/echarts-5.6.0.tgz 0ms (cache hit)
38 silly tarball no local data for echarts@https://registry.npmjs.org/echarts/-/echarts-5.6.0.tgz. Extracting by manifest.
39 silly tarball no local data for zrender@https://registry.npmjs.org/zrender/-/zrender-5.6.1.tgz. Extracting by manifest.
40 http fetch POST 200 https://registry.npmjs.org/-/npm/v1/security/advisories/bulk 304ms
41 silly audit report {
41 silly audit report   postcss: [
41 silly audit report     {
41 silly audit report       id: 1109574,
41 silly audit report       url: 'https://github.com/advisories/GHSA-7fh5-64p2-3v2j',
41 silly audit report       title: 'PostCSS line return parsing error',
41 silly audit report       severity: 'moderate',
41 silly audit report       vulnerable_versions: '<8.4.31',
41 silly audit report       cwe: [Array],
41 silly audit report       cvss: [Object]
41 silly audit report     }
41 silly audit report   ],
41 silly audit report   axios: [
41 silly audit report     {
41 silly audit report       id: 1111034,
41 silly audit report       url: 'https://github.com/advisories/GHSA-jr5f-v2jv-69x6',
41 silly audit report       title: 'axios Requests Vulnerable To Possible SSRF and Credential Leakage via Absolute URL',
41 silly audit report       severity: 'high',
41 silly audit report       vulnerable_versions: '<0.30.0',
41 silly audit report       cwe: [Array],
41 silly audit report       cvss: [Object]
41 silly audit report     },
41 silly audit report     {
41 silly audit report       id: 1097679,
41 silly audit report       url: 'https://github.com/advisories/GHSA-wf5p-g6vw-rhxx',
41 silly audit report       title: 'Axios Cross-Site Request Forgery Vulnerability',
41 silly audit report       severity: 'moderate',
41 silly audit report       vulnerable_versions: '>=0.8.1 <0.28.0',
41 silly audit report       cwe: [Array],
41 silly audit report       cvss: [Object]
41 silly audit report     }
41 silly audit report   ],
41 silly audit report   qs: [
41 silly audit report     {
41 silly audit report       id: 1111755,
41 silly audit report       url: 'https://github.com/advisories/GHSA-6rw7-vpxm-498p',
41 silly audit report       title: "qs's arrayLimit bypass in its bracket notation allows DoS via memory exhaustion",
41 silly audit report       severity: 'high',
41 silly audit report       vulnerable_versions: '<6.14.1',
41 silly audit report       cwe: [Array],
41 silly audit report       cvss: [Object]
41 silly audit report     }
41 silly audit report   ],
41 silly audit report   braces: [
41 silly audit report     {
41 silly audit report       id: 1098094,
41 silly audit report       url: 'https://github.com/advisories/GHSA-grv7-fg5c-xmjg',
41 silly audit report       title: 'Uncontrolled resource consumption in braces',
41 silly audit report       severity: 'high',
41 silly audit report       vulnerable_versions: '<3.0.3',
41 silly audit report       cwe: [Array],
41 silly audit report       cvss: [Object]
41 silly audit report     }
41 silly audit report   ],
41 silly audit report   ejs: [
41 silly audit report     {
41 silly audit report       id: 1089270,
41 silly audit report       url: 'https://github.com/advisories/GHSA-phwq-j96m-2c2q',
41 silly audit report       title: 'ejs template injection vulnerability',
41 silly audit report       severity: 'critical',
41 silly audit report       vulnerable_versions: '<3.1.7',
41 silly audit report       cwe: [Array],
41 silly audit report       cvss: [Object]
41 silly audit report     },
41 silly audit report     {
41 silly audit report       id: 1098366,
41 silly audit report       url: 'https://github.com/advisories/GHSA-ghr5-ch3p-vcr6',
41 silly audit report       title: 'ejs lacks certain pollution protection',
41 silly audit report       severity: 'moderate',
41 silly audit report       vulnerable_versions: '<3.1.10',
41 silly audit report       cwe: [Array],
41 silly audit report       cvss: [Object]
41 silly audit report     }
41 silly audit report   ],
41 silly audit report   elliptic: [
41 silly audit report     {
41 silly audit report       id: 1112030,
41 silly audit report       url: 'https://github.com/advisories/GHSA-848j-6mx2-7j84',
41 silly audit report       title: 'Elliptic Uses a Cryptographic Primitive with a Risky Implementation',
41 silly audit report       severity: 'low',
41 silly audit report       vulnerable_versions: '<=6.6.1',
41 silly audit report       cwe: [Array],
41 silly audit report       cvss: [Object]
41 silly audit report     }
41 silly audit report   ],
41 silly audit report   'form-data': [
41 silly audit report     {
41 silly audit report       id: 1109540,
41 silly audit report       url: 'https://github.com/advisories/GHSA-fjxv-7rqg-78g4',
41 silly audit report       title: 'form-data uses unsafe random function in form-data for choosing boundary',
41 silly audit report       severity: 'critical',
41 silly audit report       vulnerable_versions: '<2.5.4',
41 silly audit report       cwe: [Array],
41 silly audit report       cvss: [Object]
41 silly audit report     }
41 silly audit report   ],
41 silly audit report   'html-minifier': [
41 silly audit report     {
41 silly audit report       id: 1105440,
41 silly audit report       url: 'https://github.com/advisories/GHSA-pfq8-rq6v-vf5m',
41 silly audit report       title: 'kangax html-minifier REDoS vulnerability',
41 silly audit report       severity: 'high',
41 silly audit report       vulnerable_versions: '<=4.0.0',
41 silly audit report       cwe: [Array],
41 silly audit report       cvss: [Object]
41 silly audit report     }
41 silly audit report   ],
41 silly audit report   json5: [
41 silly audit report     {
41 silly audit report       id: 1096543,
41 silly audit report       url: 'https://github.com/advisories/GHSA-9c47-m6qq-7p4h',
41 silly audit report       title: 'Prototype Pollution in JSON5 via Parse Method',
41 silly audit report       severity: 'high',
41 silly audit report       vulnerable_versions: '<1.0.2',
41 silly audit report       cwe: [Array],
41 silly audit report       cvss: [Object]
41 silly audit report     }
41 silly audit report   ],
41 silly audit report   'loader-utils': [
41 silly audit report     {
41 silly audit report       id: 1094088,
41 silly audit report       url: 'https://github.com/advisories/GHSA-76p3-8jx3-jpfq',
41 silly audit report       title: 'Prototype pollution in webpack loader-utils',
41 silly audit report       severity: 'critical',
41 silly audit report       vulnerable_versions: '<1.4.1',
41 silly audit report       cwe: [Array],
41 silly audit report       cvss: [Object]
41 silly audit report     }
41 silly audit report   ],
41 silly audit report   'http-proxy-middleware': [
41 silly audit report     {
41 silly audit report       id: 1100223,
41 silly audit report       url: 'https://github.com/advisories/GHSA-c7qv-q95q-8v27',
41 silly audit report       title: 'Denial of service in http-proxy-middleware',
41 silly audit report       severity: 'high',
41 silly audit report       vulnerable_versions: '<2.0.7',
41 silly audit report       cwe: [Array],
41 silly audit report       cvss: [Object]
41 silly audit report     },
41 silly audit report     {
41 silly audit report       id: 1104105,
41 silly audit report       url: 'https://github.com/advisories/GHSA-9gqv-wp59-fq42',
41 silly audit report       title: 'http-proxy-middleware allows fixRequestBody to proceed even if bodyParser has failed',
41 silly audit report       severity: 'moderate',
41 silly audit report       vulnerable_versions: '>=1.3.0 <2.0.9',
41 silly audit report       cwe: [Array],
41 silly audit report       cvss: [Object]
41 silly audit report     },
41 silly audit report     {
41 silly audit report       id: 1104106,
41 silly audit report       url: 'https://github.com/advisories/GHSA-4www-5p9h-95mh',
41 silly audit report       title: 'http-proxy-middleware can call writeBody twice because "else if" is not used',
41 silly audit report       severity: 'moderate',
41 silly audit report       vulnerable_versions: '>=1.3.0 <2.0.8',
41 silly audit report       cwe: [Array],
41 silly audit report       cvss: [Object]
41 silly audit report     }
41 silly audit report   ],
41 silly audit report   micromatch: [
41 silly audit report     {
41 silly audit report       id: 1098681,
41 silly audit report       url: 'https://github.com/advisories/GHSA-952p-6rrq-rcjv',
41 silly audit report       title: 'Regular Expression Denial of Service (ReDoS) in micromatch',
41 silly audit report       severity: 'moderate',
41 silly audit report       vulnerable_versions: '<4.0.8',
41 silly audit report       cwe: [Array],
41 silly audit report       cvss: [Object]
41 silly audit report     }
41 silly audit report   ],
41 silly audit report   ip: [
41 silly audit report     {
41 silly audit report       id: 1101851,
41 silly audit report       url: 'https://github.com/advisories/GHSA-2p57-rm9w-gvfp',
41 silly audit report       title: 'ip SSRF improper categorization in isPublic',
41 silly audit report       severity: 'high',
41 silly audit report       vulnerable_versions: '<=2.0.1',
41 silly audit report       cwe: [Array],
41 silly audit report       cvss: [Object]
41 silly audit report     }
41 silly audit report   ],
41 silly audit report   lodash: [
41 silly audit report     {
41 silly audit report       id: 1112455,
41 silly audit report       url: 'https://github.com/advisories/GHSA-xxjr-mmjv-4gpg',
41 silly audit report       title: 'Lodash has Prototype Pollution Vulnerability in `_.unset` and `_.omit` functions',
41 silly audit report       severity: 'moderate',
41 silly audit report       vulnerable_versions: '>=4.0.0 <=4.17.22',
41 silly audit report       cwe: [Array],
41 silly audit report       cvss: [Object]
41 silly audit report     }
41 silly audit report   ],
41 silly audit report   'node-forge': [
41 silly audit report     {
41 silly audit report       id: 1102321,
41 silly audit report       url: 'https://github.com/advisories/GHSA-x4jg-mjrx-434g',
41 silly audit report       title: 'Improper Verification of Cryptographic Signature in node-forge',
41 silly audit report       severity: 'high',
41 silly audit report       vulnerable_versions: '<1.3.0',
41 silly audit report       cwe: [Array],
41 silly audit report       cvss: [Object]
41 silly audit report     },
41 silly audit report     {
41 silly audit report       id: 1102322,
41 silly audit report       url: 'https://github.com/advisories/GHSA-cfm4-qjh2-4765',
41 silly audit report       title: 'Improper Verification of Cryptographic Signature in node-forge',
41 silly audit report       severity: 'high',
41 silly audit report       vulnerable_versions: '<1.3.0',
41 silly audit report       cwe: [Array],
41 silly audit report       cvss: [Object]
41 silly audit report     },
41 silly audit report     {
41 silly audit report       id: 1110996,
41 silly audit report       url: 'https://github.com/advisories/GHSA-554w-wpv2-vw27',
41 silly audit report       title: 'node-forge has ASN.1 Unbounded Recursion',
41 silly audit report       severity: 'high',
41 silly audit report       vulnerable_versions: '<1.3.2',
41 silly audit report       cwe: [Array],
41 silly audit report       cvss: [Object]
41 silly audit report     },
41 silly audit report     {
41 silly audit report       id: 1110998,
41 silly audit report       url: 'https://github.com/advisories/GHSA-5gfm-wpxj-wjgq',
41 silly audit report       title: 'node-forge has an Interpretation Conflict vulnerability via its ASN.1 Validator Desynchronization',
41 silly audit report       severity: 'high',
41 silly audit report       vulnerable_versions: '<1.3.2',
41 silly audit report       cwe: [Array],
41 silly audit report       cvss: [Object]
41 silly audit report     },
41 silly audit report     {
41 silly audit report       id: 1111068,
41 silly audit report       url: 'https://github.com/advisories/GHSA-65ch-62r8-g69g',
41 silly audit report       title: 'node-forge is vulnerable to ASN.1 OID Integer Truncation',
41 silly audit report       severity: 'moderate',
41 silly audit report       vulnerable_versions: '<1.3.2',
41 silly audit report       cwe: [Array],
41 silly audit report       cvss: [Object]
41 silly audit report     },
41 silly audit report     {
41 silly audit report       id: 1088227,
41 silly audit report       url: 'https://github.com/advisories/GHSA-5rrq-pxf6-6jx5',
41 silly audit report       title: 'Prototype Pollution in node-forge debug API.',
41 silly audit report       severity: 'low',
41 silly audit report       vulnerable_versions: '<1.0.0',
41 silly audit report       cwe: [Array],
41 silly audit report       cvss: [Object]
41 silly audit report     },
41 silly audit report     {
41 silly audit report       id: 1088229,
41 silly audit report       url: 'https://github.com/advisories/GHSA-gf8q-jrpm-jvxq',
41 silly audit report       title: 'URL parsing in node-forge could lead to undesired behavior.',
41 silly audit report       severity: 'low',
41 silly audit report       vulnerable_versions: '<1.0.0',
41 silly audit report       cwe: [Array],
41 silly audit report       cvss: [Object]
41 silly audit report     },
41 silly audit report     {
41 silly audit report       id: 1093719,
41 silly audit report       url: 'https://github.com/advisories/GHSA-8fr3-hfg3-gpgp',
41 silly audit report       title: 'Open Redirect in node-forge',
41 silly audit report       severity: 'moderate',
41 silly audit report       vulnerable_versions: '<1.0.0',
41 silly audit report       cwe: [Array],
41 silly audit report       cvss: [Object]
41 silly audit report     },
41 silly audit report     {
41 silly audit report       id: 1088746,
41 silly audit report       url: 'https://github.com/advisories/GHSA-2r2c-g63r-vccr',
41 silly audit report       title: 'Improper Verification of Cryptographic Signature in `node-forge`',
41 silly audit report       severity: 'moderate',
41 silly audit report       vulnerable_versions: '<1.3.0',
41 silly audit report       cwe: [Array],
41 silly audit report       cvss: [Object]
41 silly audit report     }
41 silly audit report   ],
41 silly audit report   'nth-check': [
41 silly audit report     {
41 silly audit report       id: 1095141,
41 silly audit report       url: 'https://github.com/advisories/GHSA-rp65-9cf3-cjxr',
41 silly audit report       title: 'Inefficient Regular Expression Complexity in nth-check',
41 silly audit report       severity: 'high',
41 silly audit report       vulnerable_versions: '<2.0.1',
41 silly audit report       cwe: [Array],
41 silly audit report       cvss: [Object]
41 silly audit report     }
41 silly audit report   ],
41 silly audit report   request: [
41 silly audit report     {
41 silly audit report       id: 1096727,
41 silly audit report       url: 'https://github.com/advisories/GHSA-p8p7-x288-28g6',
41 silly audit report       title: 'Server-Side Request Forgery in Request',
41 silly audit report       severity: 'moderate',
41 silly audit report       vulnerable_versions: '<=2.88.2',
41 silly audit report       cwe: [Array],
41 silly audit report       cvss: [Object]
41 silly audit report     }
41 silly audit report   ],
41 silly audit report   'tough-cookie': [
41 silly audit report     {
41 silly audit report       id: 1097682,
41 silly audit report       url: 'https://github.com/advisories/GHSA-72xf-g2v4-qvf3',
41 silly audit report       title: 'tough-cookie Prototype Pollution vulnerability',
41 silly audit report       severity: 'moderate',
41 silly audit report       vulnerable_versions: '<4.1.3',
41 silly audit report       cwe: [Array],
41 silly audit report       cvss: [Object]
41 silly audit report     }
41 silly audit report   ],
41 silly audit report   vue: [
41 silly audit report     {
41 silly audit report       id: 1100238,
41 silly audit report       url: 'https://github.com/advisories/GHSA-5j4c-8p2g-v4jx',
41 silly audit report       title: 'ReDoS vulnerability in vue package that is exploitable through inefficient regex evaluation in the parseHTML function',
41 silly audit report       severity: 'low',
41 silly audit report       vulnerable_versions: '>=2.0.0-alpha.1 <3.0.0-alpha.0',
41 silly audit report       cwe: [Array],
41 silly audit report       cvss: [Object]
41 silly audit report     }
41 silly audit report   ],
41 silly audit report   'vue-template-compiler': [
41 silly audit report     {
41 silly audit report       id: 1111772,
41 silly audit report       url: 'https://github.com/advisories/GHSA-g3ch-rx76-35fx',
41 silly audit report       title: 'vue-template-compiler vulnerable to client-side Cross-Site Scripting (XSS)',
41 silly audit report       severity: 'moderate',
41 silly audit report       vulnerable_versions: '>=2.0.0 <3.0.0',
41 silly audit report       cwe: [Array],
41 silly audit report       cvss: [Object]
41 silly audit report     }
41 silly audit report   ],
41 silly audit report   'webpack-dev-middleware': [
41 silly audit report     {
41 silly audit report       id: 1096729,
41 silly audit report       url: 'https://github.com/advisories/GHSA-wr3j-pwj9-hqq6',
41 silly audit report       title: 'Path traversal in webpack-dev-middleware',
41 silly audit report       severity: 'high',
41 silly audit report       vulnerable_versions: '<=5.3.3',
41 silly audit report       cwe: [Array],
41 silly audit report       cvss: [Object]
41 silly audit report     }
41 silly audit report   ],
41 silly audit report   'webpack-dev-server': [
41 silly audit report     {
41 silly audit report       id: 1108429,
41 silly audit report       url: 'https://github.com/advisories/GHSA-9jgg-88mc-972h',
41 silly audit report       title: "webpack-dev-server users' source code may be stolen when they access a malicious web site with non-Chromium based browser",
41 silly audit report       severity: 'moderate',
41 silly audit report       vulnerable_versions: '<=5.2.0',
41 silly audit report       cwe: [Array],
41 silly audit report       cvss: [Object]
41 silly audit report     },
41 silly audit report     {
41 silly audit report       id: 1108430,
41 silly audit report       url: 'https://github.com/advisories/GHSA-4v9v-hfq4-rm2v',
41 silly audit report       title: "webpack-dev-server users' source code may be stolen when they access a malicious web site",
41 silly audit report       severity: 'moderate',
41 silly audit report       vulnerable_versions: '<=5.2.0',
41 silly audit report       cwe: [Array],
41 silly audit report       cvss: [Object]
41 silly audit report     }
41 silly audit report   ]
41 silly audit report }
42 silly packumentCache corgi:https://registry.npmjs.org/postcss cache-miss
43 silly packumentCache corgi:https://registry.npmjs.org/axios cache-miss
44 silly packumentCache corgi:https://registry.npmjs.org/qs cache-miss
45 silly packumentCache corgi:https://registry.npmjs.org/braces cache-miss
46 silly packumentCache corgi:https://registry.npmjs.org/ejs cache-miss
47 silly packumentCache corgi:https://registry.npmjs.org/elliptic cache-miss
48 silly packumentCache corgi:https://registry.npmjs.org/form-data cache-miss
49 silly packumentCache corgi:https://registry.npmjs.org/html-minifier cache-miss
50 silly packumentCache corgi:https://registry.npmjs.org/json5 cache-miss
51 silly packumentCache corgi:https://registry.npmjs.org/loader-utils cache-miss
52 silly packumentCache corgi:https://registry.npmjs.org/http-proxy-middleware cache-miss
53 silly packumentCache corgi:https://registry.npmjs.org/micromatch cache-miss
54 silly packumentCache corgi:https://registry.npmjs.org/ip cache-miss
55 silly packumentCache corgi:https://registry.npmjs.org/lodash cache-miss
56 silly packumentCache corgi:https://registry.npmjs.org/node-forge cache-miss
57 silly packumentCache corgi:https://registry.npmjs.org/nth-check cache-miss
58 silly packumentCache corgi:https://registry.npmjs.org/request cache-miss
59 silly packumentCache corgi:https://registry.npmjs.org/tough-cookie cache-miss
60 silly packumentCache corgi:https://registry.npmjs.org/vue cache-miss
61 silly packumentCache corgi:https://registry.npmjs.org/vue-template-compiler cache-miss
62 silly packumentCache corgi:https://registry.npmjs.org/webpack-dev-middleware cache-miss
63 silly packumentCache corgi:https://registry.npmjs.org/webpack-dev-server cache-miss
64 http fetch GET 200 https://registry.npmjs.org/axios 913ms (cache updated)
65 silly packumentCache corgi:https://registry.npmjs.org/axios set size:undefined disposed:false
66 http fetch GET 200 https://registry.npmjs.org/postcss 1112ms (cache revalidated)
67 silly packumentCache corgi:https://registry.npmjs.org/postcss set size:337129 disposed:false
68 http fetch GET 200 https://registry.npmjs.org/nth-check 1132ms (cache revalidated)
69 silly packumentCache corgi:https://registry.npmjs.org/nth-check set size:10078 disposed:false
70 http fetch GET 200 https://registry.npmjs.org/qs 1154ms (cache revalidated)
71 silly packumentCache corgi:https://registry.npmjs.org/qs set size:111251 disposed:false
72 http fetch GET 200 https://registry.npmjs.org/elliptic 1164ms (cache revalidated)
73 silly packumentCache corgi:https://registry.npmjs.org/elliptic set size:67039 disposed:false
74 http fetch GET 200 https://registry.npmjs.org/http-proxy-middleware 1173ms (cache revalidated)
75 silly packumentCache corgi:https://registry.npmjs.org/http-proxy-middleware set size:146277 disposed:false
76 http fetch GET 200 https://registry.npmjs.org/ejs 1181ms (cache revalidated)
77 silly packumentCache corgi:https://registry.npmjs.org/ejs set size:65016 disposed:false
78 http fetch GET 200 https://registry.npmjs.org/html-minifier 1228ms (cache revalidated)
79 silly packumentCache corgi:https://registry.npmjs.org/html-minifier set size:78247 disposed:false
80 http fetch GET 200 https://registry.npmjs.org/micromatch 1250ms (cache revalidated)
81 silly packumentCache corgi:https://registry.npmjs.org/micromatch set size:71776 disposed:false
82 http fetch GET 200 https://registry.npmjs.org/vue-template-compiler 1302ms (cache revalidated)
83 silly packumentCache corgi:https://registry.npmjs.org/vue-template-compiler set size:145473 disposed:false
84 http fetch GET 200 https://registry.npmjs.org/json5 1320ms (cache revalidated)
85 silly packumentCache corgi:https://registry.npmjs.org/json5 set size:37495 disposed:false
86 http fetch GET 200 https://registry.npmjs.org/form-data 1338ms (cache revalidated)
87 silly packumentCache corgi:https://registry.npmjs.org/form-data set size:51426 disposed:false
88 http fetch GET 200 https://registry.npmjs.org/node-forge 1336ms (cache revalidated)
89 silly packumentCache corgi:https://registry.npmjs.org/node-forge set size:105368 disposed:false
90 http fetch GET 200 https://registry.npmjs.org/lodash 1364ms (cache updated)
91 silly packumentCache corgi:https://registry.npmjs.org/lodash set size:undefined disposed:false
92 http fetch GET 200 https://registry.npmjs.org/request 1368ms (cache revalidated)
93 silly packumentCache corgi:https://registry.npmjs.org/request set size:129997 disposed:false
94 http fetch GET 200 https://registry.npmjs.org/ip 1381ms (cache revalidated)
95 silly packumentCache corgi:https://registry.npmjs.org/ip set size:17316 disposed:false
96 http fetch GET 200 https://registry.npmjs.org/webpack-dev-middleware 1816ms (cache updated)
97 silly packumentCache corgi:https://registry.npmjs.org/webpack-dev-middleware set size:undefined disposed:false
98 http fetch GET 200 https://registry.npmjs.org/webpack-dev-server 2106ms (cache updated)
99 silly packumentCache corgi:https://registry.npmjs.org/webpack-dev-server set size:undefined disposed:false
100 http fetch GET 200 https://registry.npmjs.org/vue 2681ms (cache updated)
101 silly packumentCache corgi:https://registry.npmjs.org/vue set size:undefined disposed:false
102 http fetch GET 200 https://registry.npmjs.org/braces 2766ms (cache revalidated)
103 silly packumentCache corgi:https://registry.npmjs.org/braces set size:35919 disposed:false
104 http fetch GET 200 https://registry.npmjs.org/tough-cookie 2762ms (cache revalidated)
105 silly packumentCache corgi:https://registry.npmjs.org/tough-cookie set size:55049 disposed:false
106 http fetch GET 200 https://registry.npmjs.org/loader-utils 2810ms (cache revalidated)
107 silly packumentCache corgi:https://registry.npmjs.org/loader-utils set size:46537 disposed:false
108 silly packumentCache corgi:https://registry.npmjs.org/@intervolga%2foptimize-cssnano-plugin cache-miss
109 silly packumentCache corgi:https://registry.npmjs.org/@vue%2fcomponent-compiler-utils cache-miss
110 silly packumentCache corgi:https://registry.npmjs.org/autoprefixer cache-miss
111 silly packumentCache corgi:https://registry.npmjs.org/css-declaration-sorter cache-miss
112 silly packumentCache corgi:https://registry.npmjs.org/css-loader cache-miss
113 silly packumentCache corgi:https://registry.npmjs.org/cssnano cache-miss
114 silly packumentCache corgi:https://registry.npmjs.org/cssnano-preset-default cache-miss
115 silly packumentCache corgi:https://registry.npmjs.org/cssnano-util-raw-cache cache-miss
116 silly packumentCache corgi:https://registry.npmjs.org/icss-utils cache-miss
117 silly packumentCache corgi:https://registry.npmjs.org/postcss-calc cache-miss
118 silly packumentCache corgi:https://registry.npmjs.org/postcss-colormin cache-miss
119 silly packumentCache corgi:https://registry.npmjs.org/postcss-convert-values cache-miss
120 silly packumentCache corgi:https://registry.npmjs.org/postcss-discard-comments cache-miss
121 silly packumentCache corgi:https://registry.npmjs.org/postcss-discard-duplicates cache-miss
122 silly packumentCache corgi:https://registry.npmjs.org/postcss-discard-empty cache-miss
123 silly packumentCache corgi:https://registry.npmjs.org/postcss-discard-overridden cache-miss
124 silly packumentCache corgi:https://registry.npmjs.org/postcss-loader cache-miss
125 silly packumentCache corgi:https://registry.npmjs.org/postcss-merge-longhand cache-miss
126 silly packumentCache corgi:https://registry.npmjs.org/postcss-merge-rules cache-miss
127 silly packumentCache corgi:https://registry.npmjs.org/postcss-minify-font-values cache-miss
128 silly packumentCache corgi:https://registry.npmjs.org/postcss-minify-gradients cache-miss
129 silly packumentCache corgi:https://registry.npmjs.org/postcss-minify-params cache-miss
130 silly packumentCache corgi:https://registry.npmjs.org/postcss-minify-selectors cache-miss
131 silly packumentCache corgi:https://registry.npmjs.org/postcss-modules-extract-imports cache-miss
132 silly packumentCache corgi:https://registry.npmjs.org/postcss-modules-local-by-default cache-miss
133 silly packumentCache corgi:https://registry.npmjs.org/postcss-modules-scope cache-miss
134 silly packumentCache corgi:https://registry.npmjs.org/postcss-modules-values cache-miss
135 silly packumentCache corgi:https://registry.npmjs.org/postcss-normalize-charset cache-miss
136 silly packumentCache corgi:https://registry.npmjs.org/postcss-normalize-display-values cache-miss
137 silly packumentCache corgi:https://registry.npmjs.org/postcss-normalize-positions cache-miss
138 silly packumentCache corgi:https://registry.npmjs.org/postcss-normalize-repeat-style cache-miss
139 silly packumentCache corgi:https://registry.npmjs.org/postcss-normalize-string cache-miss
140 silly packumentCache corgi:https://registry.npmjs.org/postcss-normalize-timing-functions cache-miss
141 silly packumentCache corgi:https://registry.npmjs.org/postcss-normalize-unicode cache-miss
142 silly packumentCache corgi:https://registry.npmjs.org/postcss-normalize-url cache-miss
143 silly packumentCache corgi:https://registry.npmjs.org/postcss-normalize-whitespace cache-miss
144 silly packumentCache corgi:https://registry.npmjs.org/postcss-ordered-values cache-miss
145 silly packumentCache corgi:https://registry.npmjs.org/postcss-reduce-initial cache-miss
146 silly packumentCache corgi:https://registry.npmjs.org/postcss-reduce-transforms cache-miss
147 silly packumentCache corgi:https://registry.npmjs.org/postcss-svgo cache-miss
148 silly packumentCache corgi:https://registry.npmjs.org/postcss-unique-selectors cache-miss
149 silly packumentCache corgi:https://registry.npmjs.org/stylehacks cache-miss
150 http fetch GET 200 https://registry.npmjs.org/@vue%2fcomponent-compiler-utils 543ms (cache revalidated)
151 silly packumentCache corgi:https://registry.npmjs.org/@vue%2fcomponent-compiler-utils set size:56306 disposed:false
152 http fetch GET 200 https://registry.npmjs.org/postcss-convert-values 543ms (cache revalidated)
153 silly packumentCache corgi:https://registry.npmjs.org/postcss-convert-values set size:87842 disposed:false
154 http fetch GET 200 https://registry.npmjs.org/postcss-merge-longhand 552ms (cache revalidated)
155 silly packumentCache corgi:https://registry.npmjs.org/postcss-merge-longhand set size:90672 disposed:false
156 http fetch GET 200 https://registry.npmjs.org/postcss-discard-empty 556ms (cache revalidated)
157 silly packumentCache corgi:https://registry.npmjs.org/postcss-discard-empty set size:54777 disposed:false
158 http fetch GET 200 https://registry.npmjs.org/icss-utils 566ms (cache revalidated)
159 silly packumentCache corgi:https://registry.npmjs.org/icss-utils set size:13079 disposed:false
160 http fetch GET 200 https://registry.npmjs.org/css-declaration-sorter 569ms (cache revalidated)
161 silly packumentCache corgi:https://registry.npmjs.org/css-declaration-sorter set size:57255 disposed:false
162 http fetch GET 200 https://registry.npmjs.org/postcss-colormin 567ms (cache revalidated)
163 silly packumentCache corgi:https://registry.npmjs.org/postcss-colormin set size:85473 disposed:false
164 http fetch GET 200 https://registry.npmjs.org/cssnano-util-raw-cache 579ms (cache revalidated)
165 silly packumentCache corgi:https://registry.npmjs.org/cssnano-util-raw-cache set size:3689 disposed:false
166 http fetch GET 200 https://registry.npmjs.org/postcss-minify-font-values 631ms (cache revalidated)
167 silly packumentCache corgi:https://registry.npmjs.org/postcss-minify-font-values set size:58439 disposed:false
168 http fetch GET 200 https://registry.npmjs.org/@intervolga%2foptimize-cssnano-plugin 660ms (cache revalidated)
169 silly packumentCache corgi:https://registry.npmjs.org/@intervolga%2foptimize-cssnano-plugin set size:8497 disposed:false
170 http fetch GET 200 https://registry.npmjs.org/postcss-discard-overridden 657ms (cache revalidated)
171 silly packumentCache corgi:https://registry.npmjs.org/postcss-discard-overridden set size:51482 disposed:false
172 http fetch GET 200 https://registry.npmjs.org/postcss-discard-comments 672ms (cache revalidated)
173 silly packumentCache corgi:https://registry.npmjs.org/postcss-discard-comments set size:67819 disposed:false
174 http fetch GET 200 https://registry.npmjs.org/postcss-modules-local-by-default 707ms (cache revalidated)
175 silly packumentCache corgi:https://registry.npmjs.org/postcss-modules-local-by-default set size:48451 disposed:false
176 http fetch GET 200 https://registry.npmjs.org/postcss-loader 713ms (cache updated)
177 silly packumentCache corgi:https://registry.npmjs.org/postcss-loader set size:undefined disposed:false
178 http fetch GET 200 https://registry.npmjs.org/postcss-merge-rules 717ms (cache revalidated)
179 silly packumentCache corgi:https://registry.npmjs.org/postcss-merge-rules set size:98929 disposed:false
180 http fetch GET 200 https://registry.npmjs.org/postcss-normalize-charset 721ms (cache revalidated)
181 silly packumentCache corgi:https://registry.npmjs.org/postcss-normalize-charset set size:50015 disposed:false
182 http fetch GET 200 https://registry.npmjs.org/postcss-minify-params 739ms (cache revalidated)
183 silly packumentCache corgi:https://registry.npmjs.org/postcss-minify-params set size:76669 disposed:false
184 http fetch GET 200 https://registry.npmjs.org/postcss-normalize-display-values 753ms (cache revalidated)
185 silly packumentCache corgi:https://registry.npmjs.org/postcss-normalize-display-values set size:52477 disposed:false
186 http fetch GET 200 https://registry.npmjs.org/postcss-discard-duplicates 759ms (cache revalidated)
187 silly packumentCache corgi:https://registry.npmjs.org/postcss-discard-duplicates set size:60821 disposed:false
188 http fetch GET 200 https://registry.npmjs.org/postcss-minify-gradients 760ms (cache revalidated)
189 silly packumentCache corgi:https://registry.npmjs.org/postcss-minify-gradients set size:64179 disposed:false
190 http fetch GET 200 https://registry.npmjs.org/postcss-normalize-string 768ms (cache revalidated)
191 silly packumentCache corgi:https://registry.npmjs.org/postcss-normalize-string set size:52817 disposed:false
192 http fetch GET 200 https://registry.npmjs.org/postcss-normalize-whitespace 827ms (cache revalidated)
193 silly packumentCache corgi:https://registry.npmjs.org/postcss-normalize-whitespace set size:54644 disposed:false
194 http fetch GET 200 https://registry.npmjs.org/postcss-modules-values 841ms (cache revalidated)
195 silly packumentCache corgi:https://registry.npmjs.org/postcss-modules-values set size:22165 disposed:false
196 http fetch GET 200 https://registry.npmjs.org/postcss-modules-scope 851ms (cache revalidated)
197 silly packumentCache corgi:https://registry.npmjs.org/postcss-modules-scope set size:31384 disposed:false
198 http fetch GET 200 https://registry.npmjs.org/postcss-minify-selectors 868ms (cache revalidated)
199 silly packumentCache corgi:https://registry.npmjs.org/postcss-minify-selectors set size:80857 disposed:false
200 http fetch GET 200 https://registry.npmjs.org/postcss-calc 873ms (cache revalidated)
201 silly packumentCache corgi:https://registry.npmjs.org/postcss-calc set size:45697 disposed:false
202 http fetch GET 200 https://registry.npmjs.org/postcss-normalize-positions 891ms (cache revalidated)
203 silly packumentCache corgi:https://registry.npmjs.org/postcss-normalize-positions set size:55037 disposed:false
204 http fetch GET 200 https://registry.npmjs.org/postcss-normalize-url 904ms (cache revalidated)
205 silly packumentCache corgi:https://registry.npmjs.org/postcss-normalize-url set size:70414 disposed:false
206 http fetch GET 200 https://registry.npmjs.org/postcss-modules-extract-imports 910ms (cache revalidated)
207 silly packumentCache corgi:https://registry.npmjs.org/postcss-modules-extract-imports set size:20843 disposed:false
208 http fetch GET 200 https://registry.npmjs.org/postcss-normalize-timing-functions 916ms (cache revalidated)
209 silly packumentCache corgi:https://registry.npmjs.org/postcss-normalize-timing-functions set size:52689 disposed:false
210 http fetch GET 200 https://registry.npmjs.org/cssnano 958ms (cache revalidated)
211 silly packumentCache corgi:https://registry.npmjs.org/cssnano set size:239771 disposed:false
212 http fetch GET 200 https://registry.npmjs.org/cssnano-preset-default 960ms (cache revalidated)
213 silly packumentCache corgi:https://registry.npmjs.org/cssnano-preset-default set size:195400 disposed:false
214 http fetch GET 200 https://registry.npmjs.org/postcss-normalize-unicode 954ms (cache revalidated)
215 silly packumentCache corgi:https://registry.npmjs.org/postcss-normalize-unicode set size:58202 disposed:false
216 http fetch GET 200 https://registry.npmjs.org/postcss-normalize-repeat-style 971ms (cache revalidated)
217 silly packumentCache corgi:https://registry.npmjs.org/postcss-normalize-repeat-style set size:55831 disposed:false
218 http fetch GET 200 https://registry.npmjs.org/postcss-reduce-transforms 995ms (cache revalidated)
219 silly packumentCache corgi:https://registry.npmjs.org/postcss-reduce-transforms set size:57503 disposed:false
220 http fetch GET 200 https://registry.npmjs.org/postcss-reduce-initial 1028ms (cache revalidated)
221 silly packumentCache corgi:https://registry.npmjs.org/postcss-reduce-initial set size:63444 disposed:false
222 http fetch GET 200 https://registry.npmjs.org/postcss-svgo 1057ms (cache revalidated)
223 silly packumentCache corgi:https://registry.npmjs.org/postcss-svgo set size:68487 disposed:false
224 http fetch GET 200 https://registry.npmjs.org/postcss-unique-selectors 1069ms (cache revalidated)
225 silly packumentCache corgi:https://registry.npmjs.org/postcss-unique-selectors set size:60866 disposed:false
226 http fetch GET 200 https://registry.npmjs.org/postcss-ordered-values 1153ms (cache revalidated)
227 silly packumentCache corgi:https://registry.npmjs.org/postcss-ordered-values set size:73795 disposed:false
228 http fetch GET 200 https://registry.npmjs.org/css-loader 1166ms (cache updated)
229 silly packumentCache corgi:https://registry.npmjs.org/css-loader set size:undefined disposed:false
230 http fetch GET 200 https://registry.npmjs.org/autoprefixer 1285ms (cache updated)
231 silly packumentCache corgi:https://registry.npmjs.org/autoprefixer set size:undefined disposed:false
232 http fetch GET 200 https://registry.npmjs.org/stylehacks 1279ms (cache revalidated)
233 silly packumentCache corgi:https://registry.npmjs.org/stylehacks set size:67207 disposed:false
234 silly packumentCache corgi:https://registry.npmjs.org/chokidar cache-miss
235 http fetch GET 200 https://registry.npmjs.org/zrender/-/zrender-5.6.1.tgz 4485ms (cache miss)
236 http fetch GET 200 https://registry.npmjs.org/chokidar 198ms (cache revalidated)
237 silly packumentCache corgi:https://registry.npmjs.org/chokidar set size:119454 disposed:false
238 silly packumentCache corgi:https://registry.npmjs.org/webpack-bundle-analyzer cache-miss
239 http fetch GET 200 https://registry.npmjs.org/webpack-bundle-analyzer 337ms (cache updated)
240 silly packumentCache corgi:https://registry.npmjs.org/webpack-bundle-analyzer set size:undefined disposed:false
241 silly packumentCache corgi:https://registry.npmjs.org/browserify-sign cache-miss
242 silly packumentCache corgi:https://registry.npmjs.org/create-ecdh cache-miss
243 http fetch GET 200 https://registry.npmjs.org/browserify-sign 198ms (cache revalidated)
244 silly packumentCache corgi:https://registry.npmjs.org/browserify-sign set size:28184 disposed:false
245 http fetch GET 200 https://registry.npmjs.org/create-ecdh 228ms (cache revalidated)
246 silly packumentCache corgi:https://registry.npmjs.org/create-ecdh set size:10688 disposed:false
247 silly packumentCache corgi:https://registry.npmjs.org/html-webpack-plugin cache-miss
248 http fetch GET 200 https://registry.npmjs.org/html-webpack-plugin 223ms (cache revalidated)
249 silly packumentCache corgi:https://registry.npmjs.org/html-webpack-plugin set size:235743 disposed:false
250 silly packumentCache corgi:https://registry.npmjs.org/@types%2fwebpack-dev-server cache-miss
251 http fetch GET 200 https://registry.npmjs.org/@types%2fwebpack-dev-server 233ms (cache revalidated)
252 silly packumentCache corgi:https://registry.npmjs.org/@types%2fwebpack-dev-server set size:61517 disposed:false
253 silly packumentCache corgi:https://registry.npmjs.org/fast-glob cache-miss
254 silly packumentCache corgi:https://registry.npmjs.org/anymatch cache-miss
255 silly packumentCache corgi:https://registry.npmjs.org/readdirp cache-miss
256 silly packumentCache corgi:https://registry.npmjs.org/webpack cache-miss
257 http fetch GET 200 https://registry.npmjs.org/fast-glob 213ms (cache revalidated)
258 silly packumentCache corgi:https://registry.npmjs.org/fast-glob set size:86036 disposed:false
259 http fetch GET 200 https://registry.npmjs.org/readdirp 240ms (cache revalidated)
260 silly packumentCache corgi:https://registry.npmjs.org/readdirp set size:47123 disposed:false
261 http fetch GET 200 https://registry.npmjs.org/anymatch 246ms (cache revalidated)
262 silly packumentCache corgi:https://registry.npmjs.org/anymatch set size:18345 disposed:false
263 http fetch GET 200 https://registry.npmjs.org/webpack 1317ms (cache updated)
264 silly packumentCache corgi:https://registry.npmjs.org/webpack set size:undefined disposed:false
265 silly packumentCache corgi:https://registry.npmjs.org/dns-packet cache-miss
266 http fetch GET 200 https://registry.npmjs.org/dns-packet 264ms (cache revalidated)
267 silly packumentCache corgi:https://registry.npmjs.org/dns-packet set size:47403 disposed:false
268 silly packumentCache corgi:https://registry.npmjs.org/pretty-error cache-miss
269 silly packumentCache corgi:https://registry.npmjs.org/renderkid cache-miss
270 silly packumentCache corgi:https://registry.npmjs.org/webpack-merge cache-miss
271 http fetch GET 200 https://registry.npmjs.org/pretty-error 261ms (cache revalidated)
272 silly packumentCache corgi:https://registry.npmjs.org/pretty-error set size:27665 disposed:false
273 http fetch GET 200 https://registry.npmjs.org/renderkid 263ms (cache revalidated)
274 silly packumentCache corgi:https://registry.npmjs.org/renderkid set size:28799 disposed:false
275 http fetch GET 200 https://registry.npmjs.org/webpack-merge 285ms (cache revalidated)
276 silly packumentCache corgi:https://registry.npmjs.org/webpack-merge set size:100545 disposed:false
277 silly packumentCache corgi:https://registry.npmjs.org/selfsigned cache-miss
278 http fetch GET 200 https://registry.npmjs.org/selfsigned 202ms (cache revalidated)
279 silly packumentCache corgi:https://registry.npmjs.org/selfsigned set size:37003 disposed:false
280 silly packumentCache corgi:https://registry.npmjs.org/css-select cache-miss
281 http fetch GET 200 https://registry.npmjs.org/css-select 206ms (cache revalidated)
282 silly packumentCache corgi:https://registry.npmjs.org/css-select set size:48469 disposed:false
283 silly packumentCache corgi:https://registry.npmjs.org/@vue%2fcli-shared-utils cache-miss
284 http fetch GET 200 https://registry.npmjs.org/@vue%2fcli-shared-utils 215ms (cache revalidated)
285 silly packumentCache corgi:https://registry.npmjs.org/@vue%2fcli-shared-utils set size:232102 disposed:false
286 silly packumentCache corgi:https://registry.npmjs.org/element-ui cache-miss
287 http fetch GET 200 https://registry.npmjs.org/element-ui 235ms (cache revalidated)
288 silly packumentCache corgi:https://registry.npmjs.org/element-ui set size:443006 disposed:false
289 silly packumentCache corgi:https://registry.npmjs.org/@vue%2fcli-service cache-miss
290 http fetch GET 200 https://registry.npmjs.org/@vue%2fcli-service 245ms (cache revalidated)
291 silly packumentCache corgi:https://registry.npmjs.org/@vue%2fcli-service set size:513499 disposed:false
292 silly packumentCache corgi:https://registry.npmjs.org/vue-loader cache-miss
293 http fetch GET 200 https://registry.npmjs.org/vue-loader 231ms (cache revalidated)
294 silly packumentCache corgi:https://registry.npmjs.org/vue-loader set size:575819 disposed:false
295 silly packumentCache corgi:https://registry.npmjs.org/watchpack-chokidar2 cache-miss
296 http fetch GET 200 https://registry.npmjs.org/watchpack-chokidar2 190ms (cache revalidated)
297 silly packumentCache corgi:https://registry.npmjs.org/watchpack-chokidar2 set size:3110 disposed:false
298 silly packumentCache corgi:https://registry.npmjs.org/crypto-browserify cache-miss
299 http fetch GET 200 https://registry.npmjs.org/crypto-browserify 197ms (cache revalidated)
300 silly packumentCache corgi:https://registry.npmjs.org/crypto-browserify set size:52098 disposed:false
301 silly packumentCache corgi:https://registry.npmjs.org/@vue%2fpreload-webpack-plugin cache-miss
302 http fetch GET 200 https://registry.npmjs.org/@vue%2fpreload-webpack-plugin 255ms (cache revalidated)
303 silly packumentCache corgi:https://registry.npmjs.org/@vue%2fpreload-webpack-plugin set size:9008 disposed:false
304 silly packumentCache corgi:https://registry.npmjs.org/globby cache-miss
305 http fetch GET 200 https://registry.npmjs.org/globby 221ms (cache revalidated)
306 silly packumentCache corgi:https://registry.npmjs.org/globby set size:68709 disposed:false
307 silly packumentCache corgi:https://registry.npmjs.org/@soda%2ffriendly-errors-webpack-plugin cache-miss
308 silly packumentCache corgi:https://registry.npmjs.org/cache-loader cache-miss
309 silly packumentCache corgi:https://registry.npmjs.org/copy-webpack-plugin cache-miss
310 silly packumentCache corgi:https://registry.npmjs.org/file-loader cache-miss
311 silly packumentCache corgi:https://registry.npmjs.org/mini-css-extract-plugin cache-miss
312 silly packumentCache corgi:https://registry.npmjs.org/terser-webpack-plugin cache-miss
313 silly packumentCache corgi:https://registry.npmjs.org/thread-loader cache-miss
314 silly packumentCache corgi:https://registry.npmjs.org/url-loader cache-miss
315 http fetch GET 200 https://registry.npmjs.org/url-loader 310ms (cache revalidated)
316 silly packumentCache corgi:https://registry.npmjs.org/url-loader set size:42145 disposed:false
317 http fetch GET 200 https://registry.npmjs.org/cache-loader 313ms (cache revalidated)
318 silly packumentCache corgi:https://registry.npmjs.org/cache-loader set size:31216 disposed:false
319 http fetch GET 200 https://registry.npmjs.org/@soda%2ffriendly-errors-webpack-plugin 315ms (cache revalidated)
320 silly packumentCache corgi:https://registry.npmjs.org/@soda%2ffriendly-errors-webpack-plugin set size:6736 disposed:false
321 http fetch GET 200 https://registry.npmjs.org/file-loader 325ms (cache revalidated)
322 silly packumentCache corgi:https://registry.npmjs.org/file-loader set size:64354 disposed:false
323 http fetch GET 200 https://registry.npmjs.org/thread-loader 414ms (cache revalidated)
324 silly packumentCache corgi:https://registry.npmjs.org/thread-loader set size:52021 disposed:false
325 http fetch GET 200 https://registry.npmjs.org/mini-css-extract-plugin 458ms (cache revalidated)
326 silly packumentCache corgi:https://registry.npmjs.org/mini-css-extract-plugin set size:184585 disposed:false
327 http fetch GET 200 https://registry.npmjs.org/copy-webpack-plugin 462ms (cache updated)
328 silly packumentCache corgi:https://registry.npmjs.org/copy-webpack-plugin set size:undefined disposed:false
329 http fetch GET 200 https://registry.npmjs.org/terser-webpack-plugin 481ms (cache updated)
330 silly packumentCache corgi:https://registry.npmjs.org/terser-webpack-plugin set size:undefined disposed:false
331 silly packumentCache corgi:https://registry.npmjs.org/multicast-dns cache-miss
332 http fetch GET 200 https://registry.npmjs.org/multicast-dns 343ms (cache updated)
333 silly packumentCache corgi:https://registry.npmjs.org/multicast-dns set size:undefined disposed:false
334 silly packumentCache corgi:https://registry.npmjs.org/svgo cache-miss
335 http fetch GET 200 https://registry.npmjs.org/svgo 217ms (cache revalidated)
336 silly packumentCache corgi:https://registry.npmjs.org/svgo set size:133164 disposed:false
337 silly packumentCache corgi:https://registry.npmjs.org/@vue%2fcli-plugin-router cache-miss
338 http fetch GET 200 https://registry.npmjs.org/@vue%2fcli-plugin-router 217ms (cache revalidated)
339 silly packumentCache corgi:https://registry.npmjs.org/@vue%2fcli-plugin-router set size:139595 disposed:false
340 silly packumentCache corgi:https://registry.npmjs.org/@vue%2fcli-plugin-vuex cache-miss
341 http fetch GET 200 https://registry.npmjs.org/@vue%2fcli-plugin-vuex 235ms (cache revalidated)
342 silly packumentCache corgi:https://registry.npmjs.org/@vue%2fcli-plugin-vuex set size:134266 disposed:false
343 silly packumentCache corgi:https://registry.npmjs.org/watchpack cache-miss
344 http fetch GET 200 https://registry.npmjs.org/watchpack 311ms (cache updated)
345 silly packumentCache corgi:https://registry.npmjs.org/watchpack set size:undefined disposed:false
346 silly packumentCache corgi:https://registry.npmjs.org/node-libs-browser cache-miss
347 http fetch GET 200 https://registry.npmjs.org/node-libs-browser 207ms (cache revalidated)
348 silly packumentCache corgi:https://registry.npmjs.org/node-libs-browser set size:26936 disposed:false
349 silly packumentCache corgi:https://registry.npmjs.org/bonjour cache-miss
350 http fetch GET 200 https://registry.npmjs.org/bonjour 224ms (cache revalidated)
351 silly packumentCache corgi:https://registry.npmjs.org/bonjour set size:8131 disposed:false
352 http fetch GET 200 https://registry.npmjs.org/echarts/-/echarts-5.6.0.tgz 35530ms (cache miss)
353 silly CHANGE node_modules/zrender
354 silly CHANGE node_modules/echarts
355 verbose cwd D:\ideaProject\demo\src\main\resources\movie-fronted
356 verbose os Windows_NT 10.0.18363
357 verbose node v24.11.1
358 verbose npm  v11.6.2
359 notice
359 notice New [33mminor[39m version of npm available! [33m11.6.2[39m -> [34m11.8.0[39m
359 notice Changelog: [34mhttps://github.com/npm/cli/releases/tag/v11.8.0[39m
359 notice To update run: [4mnpm install -g npm@11.8.0[24m
359 notice  { force: true, Symbol(proc-log.meta): true }
360 verbose exit 0
361 info ok
