0 verbose cli D:\nodejs\node.exe D:\nodejs\node_modules\npm\bin\npm-cli.js
1 info using npm@11.6.2
2 info using node@v24.11.1
3 silly config load:file:D:\nodejs\node_modules\npm\npmrc
4 silly config load:file:D:\ideaProject\mes-pc-main\.npmrc
5 silly config load:file:C:\Users\00109279\.npmrc
6 silly config load:file:D:\nodejs\node_cache\etc\npmrc
7 verbose title npm show caniuse-lite
8 verbose argv "show" "caniuse-lite" "--json"
9 verbose logfile logs-max:10 dir:D:\ideaProject\demo\.npm-cache\_logs\2026-02-11T02_14_17_762Z-
10 verbose logfile D:\ideaProject\demo\.npm-cache\_logs\2026-02-11T02_14_17_762Z-debug-0.log
11 silly logfile start cleaning logs, removing 1 files
12 silly logfile done cleaning log files
13 http fetch GET 200 http://nexus.lesso.com/nexus/content/groups/npm/caniuse-lite 149ms (cache updated)
14 silly view {
14 silly view   '1.0.30001769': {
14 silly view     maintainers: [ [Object], [Object] ],
14 silly view     keywords: [ 'support' ],
14 silly view     'dist-tags': { latest: '1.0.30001769' },
14 silly view     author: {
14 silly view       name: 'Ben Briggs',
14 silly view       email: 'beneb.info@gmail.com',
14 silly view       url: 'http://beneb.info'
14 silly view     },
14 silly view     description: 'A smaller version of caniuse-db, with only the essentials!',
14 silly view     repository: {
14 silly view       type: 'git',
14 silly view       url: 'git+https://github.com/browserslist/caniuse-lite.git'
14 silly view     },
14 silly view     users: {
14 silly view       ungurys: true,
14 silly view       princetoad: true,
14 silly view       fengmiaosen: true,
14 silly view       'flumpus-dev': true,
14 silly view       dandrewgarvin: true
14 silly view     },
14 silly view     bugs: { url: 'https://github.com/browserslist/caniuse-lite/issues' },
14 silly view     license: 'CC-BY-4.0',
14 silly view     versions: [
14 silly view       '0.1.0',        '0.2.0',        '0.3.0',        '1.0.30000655',
14 silly view       '1.0.30000656', '1.0.30000657', '1.0.30000659', '1.0.30000660',
14 silly view       '1.0.30000661', '1.0.30000662', '1.0.30000663', '1.0.30000664',
14 silly view       '1.0.30000665', '1.0.30000666', '1.0.30000667', '1.0.30000668',
14 silly view       '1.0.30000669', '1.0.30000670', '1.0.30000671', '1.0.30000672',
14 silly view       '1.0.30000673', '1.0.30000674', '1.0.30000676', '1.0.30000677',
14 silly view       '1.0.30000679', '1.0.30000680', '1.0.30000683', '1.0.30000684',
14 silly view       '1.0.30000686', '1.0.30000687', '1.0.30000688', '1.0.30000689',
14 silly view       '1.0.30000690', '1.0.30000692', '1.0.30000693', '1.0.30000694',
14 silly view       '1.0.30000695', '1.0.30000696', '1.0.30000697', '1.0.30000698',
14 silly view       '1.0.30000699', '1.0.30000700', '1.0.30000701', '1.0.30000702',
14 silly view       '1.0.30000703', '1.0.30000704', '1.0.30000706', '1.0.30000708',
14 silly view       '1.0.30000709', '1.0.30000710', '1.0.30000711', '1.0.30000712',
14 silly view       '1.0.30000713', '1.0.30000714', '1.0.30000715', '1.0.30000716',
14 silly view       '1.0.30000717', '1.0.30000718', '1.0.30000720', '1.0.30000721',
14 silly view       '1.0.30000722', '1.0.30000723', '1.0.30000724', '1.0.30000725',
14 silly view       '1.0.30000726', '1.0.30000727', '1.0.30000730', '1.0.30000731',
14 silly view       '1.0.30000732', '1.0.30000733', '1.0.30000734', '1.0.30000735',
14 silly view       '1.0.30000736', '1.0.30000737', '1.0.30000738', '1.0.30000739',
14 silly view       '1.0.30000740', '1.0.30000741', '1.0.30000742', '1.0.30000743',
14 silly view       '1.0.30000744', '1.0.30000745', '1.0.30000746', '1.0.30000747',
14 silly view       '1.0.30000748', '1.0.30000749', '1.0.30000750', '1.0.30000751',
14 silly view       '1.0.30000752', '1.0.30000753', '1.0.30000755', '1.0.30000756',
14 silly view       '1.0.30000757', '1.0.30000758', '1.0.30000760', '1.0.30000762',
14 silly view       '1.0.30000764', '1.0.30000765', '1.0.30000766', '1.0.30000769',
14 silly view       ... 831 more items
14 silly view     ],
14 silly view     name: 'caniuse-lite',
14 silly view     time: {
14 silly view       created: '2022-01-26T22:42:34.509Z',
14 silly view       modified: '2026-02-06T06:32:23.109Z',
14 silly view       '0.1.0': '2017-01-27T16:04:02.256Z',
14 silly view       '0.2.0': '2017-04-08T12:54:44.262Z',
14 silly view       '0.3.0': '2017-04-14T13:39:00.020Z',
14 silly view       '1.0.30000655': '2017-04-17T16:10:12.018Z',
14 silly view       '1.0.30000656': '2017-04-20T11:20:25.421Z',
14 silly view       '1.0.30000657': '2017-04-21T05:05:08.792Z',
14 silly view       '1.0.30000659': '2017-04-23T23:05:18.195Z',
14 silly view       '1.0.30000660': '2017-04-24T16:05:05.631Z',
14 silly view       '1.0.30000661': '2017-04-26T05:05:21.136Z',
14 silly view       '1.0.30000662': '2017-04-26T06:05:04.562Z',
14 silly view       '1.0.30000663': '2017-04-28T04:06:06.911Z',
14 silly view       '1.0.30000664': '2017-04-28T05:05:06.044Z',
14 silly view       '1.0.30000665': '2017-05-03T07:05:36.877Z',
14 silly view       '1.0.30000666': '2017-05-08T05:05:09.590Z',
14 silly view       '1.0.30000667': '2017-05-12T06:05:10.884Z',
14 silly view       '1.0.30000668': '2017-05-14T04:05:16.789Z',
14 silly view       '1.0.30000669': '2017-05-14T05:05:07.341Z',
14 silly view       '1.0.30000670': '2017-05-15T06:05:09.876Z',
14 silly view       '1.0.30000671': '2017-05-25T06:05:07.941Z',
14 silly view       '1.0.30000672': '2017-05-26T05:05:17.153Z',
14 silly view       '1.0.30000673': '2017-05-27T05:05:34.912Z',
14 silly view       '1.0.30000674': '2017-05-28T05:05:18.298Z',
14 silly view       '1.0.30000676': '2017-05-30T05:05:25.114Z',
14 silly view       '1.0.30000677': '2017-06-04T23:06:14.446Z',
14 silly view       '1.0.30000679': '2017-06-06T05:05:33.069Z',
14 silly view       '1.0.30000680': '2017-06-08T07:05:21.805Z',
14 silly view       '1.0.30000683': '2017-06-10T04:06:05.224Z',
14 silly view       '1.0.30000684': '2017-06-13T04:06:32.476Z',
14 silly view       '1.0.30000686': '2017-06-15T06:05:21.822Z',
14 silly view       '1.0.30000687': '2017-06-18T03:05:47.221Z',
14 silly view       '1.0.30000688': '2017-06-18T04:05:38.146Z',
14 silly view       '1.0.30000689': '2017-06-18T05:05:20.365Z',
14 silly view       '1.0.30000690': '2017-06-18T06:05:31.643Z',
14 silly view       '1.0.30000692': '2017-06-19T06:05:18.477Z',
14 silly view       '1.0.30000693': '2017-06-22T03:05:50.184Z',
14 silly view       '1.0.30000694': '2017-06-24T04:05:52.981Z',
14 silly view       '1.0.30000695': '2017-06-27T04:05:41.361Z',
14 silly view       '1.0.30000696': '2017-06-27T06:05:15.992Z',
14 silly view       '1.0.30000697': '2017-07-05T05:05:19.477Z',
14 silly view       '1.0.30000698': '2017-07-10T05:05:21.344Z',
14 silly view       '1.0.30000699': '2017-07-11T05:05:45.411Z',
14 silly view       '1.0.30000700': '2017-07-12T06:05:15.551Z',
14 silly view       '1.0.30000701': '2017-07-14T05:05:15.069Z',
14 silly view       '1.0.30000702': '2017-07-18T07:05:34.106Z',
14 silly view       '1.0.30000703': '2017-07-19T05:05:18.836Z',
14 silly view       '1.0.30000704': '2017-07-20T06:05:15.528Z',
14 silly view       '1.0.30000706': '2017-07-25T16:06:49.722Z',
14 silly view       '1.0.30000708': '2017-07-27T07:01:14.770Z',
14 silly view       '1.0.30000709': '2017-08-01T05:01:07.497Z',
14 silly view       '1.0.30000710': '2017-08-04T03:01:09.602Z',
14 silly view       '1.0.30000711': '2017-08-07T01:00:52.496Z',
14 silly view       '1.0.30000712': '2017-08-07T04:00:52.213Z',
14 silly view       '1.0.30000713': '2017-08-09T06:01:04.818Z',
14 silly view       '1.0.30000714': '2017-08-11T05:00:57.827Z',
14 silly view       '1.0.30000715': '2017-08-11T06:01:04.539Z',
14 silly view       '1.0.30000716': '2017-08-20T07:00:58.693Z',
14 silly view       '1.0.30000717': '2017-08-22T04:00:51.024Z',
14 silly view       '1.0.30000718': '2017-08-25T07:01:02.909Z',
14 silly view       '1.0.30000720': '2017-08-30T05:00:52.613Z',
14 silly view       '1.0.30000721': '2017-08-30T06:00:50.045Z',
14 silly view       '1.0.30000722': '2017-09-04T05:01:10.075Z',
14 silly view       '1.0.30000723': '2017-09-04T20:01:04.189Z',
14 silly view       '1.0.30000724': '2017-09-05T05:01:08.045Z',
14 silly view       '1.0.30000725': '2017-09-05T06:00:59.388Z',
14 silly view       '1.0.30000726': '2017-09-06T04:01:02.858Z',
14 silly view       '1.0.30000727': '2017-09-11T07:00:53.178Z',
14 silly view       '1.0.30000730': '2017-09-15T06:00:59.059Z',
14 silly view       '1.0.30000731': '2017-09-16T06:01:09.030Z',
14 silly view       '1.0.30000732': '2017-09-17T06:00:58.505Z',
14 silly view       '1.0.30000733': '2017-09-18T05:00:56.343Z',
14 silly view       '1.0.30000734': '2017-09-22T01:00:57.544Z',
14 silly view       '1.0.30000735': '2017-09-22T05:00:55.191Z',
14 silly view       '1.0.30000736': '2017-09-24T05:00:54.142Z',
14 silly view       '1.0.30000737': '2017-09-24T06:00:55.204Z',
14 silly view       '1.0.30000738': '2017-09-25T07:01:05.647Z',
14 silly view       '1.0.30000739': '2017-09-28T05:00:55.782Z',
14 silly view       '1.0.30000740': '2017-09-29T05:01:02.553Z',
14 silly view       '1.0.30000741': '2017-10-03T04:01:10.285Z',
14 silly view       '1.0.30000742': '2017-10-04T05:01:12.438Z',
14 silly view       '1.0.30000743': '2017-10-04T06:01:04.570Z',
14 silly view       '1.0.30000744': '2017-10-05T06:01:31.219Z',
14 silly view       '1.0.30000745': '2017-10-09T03:00:59.938Z',
14 silly view       '1.0.30000746': '2017-10-11T05:01:07.843Z',
14 silly view       '1.0.30000747': '2017-10-18T06:01:02.311Z',
14 silly view       '1.0.30000748': '2017-10-19T06:01:06.217Z',
14 silly view       '1.0.30000749': '2017-10-22T23:00:55.744Z',
14 silly view       '1.0.30000750': '2017-10-25T05:00:59.525Z',
14 silly view       '1.0.30000751': '2017-10-26T05:00:55.317Z',
14 silly view       '1.0.30000752': '2017-10-27T05:00:51.558Z',
14 silly view       '1.0.30000753': '2017-10-28T06:00:56.287Z',
14 silly view       '1.0.30000755': '2017-10-28T07:00:51.303Z',
14 silly view       '1.0.30000756': '2017-10-30T06:01:00.119Z',
14 silly view       '1.0.30000757': '2017-11-02T06:01:04.150Z',
14 silly view       '1.0.30000758': '2017-11-03T06:01:15.353Z',
14 silly view       '1.0.30000760': '2017-11-08T04:00:57.574Z',
14 silly view       '1.0.30000762': '2017-11-14T06:01:09.487Z',
14 silly view       '1.0.30000764': '2017-11-14T07:00:56.792Z',
14 silly view       '1.0.30000765': '2017-11-16T05:01:05.535Z',
14 silly view       '1.0.30000766': '2017-11-17T06:01:16.128Z',
14 silly view       '1.0.30000769': '2017-11-21T06:01:20.713Z',
14 silly view       '1.0.30000770': '2017-11-23T06:01:33.077Z',
14 silly view       '1.0.30000772': '2017-11-26T07:01:17.240Z',
14 silly view       '1.0.30000774': '2017-11-29T05:01:18.953Z',
14 silly view       '1.0.30000775': '2017-11-29T06:01:02.353Z',
14 silly view       '1.0.30000776': '2017-12-01T05:01:16.669Z',
14 silly view       '1.0.30000777': '2017-12-01T07:01:12.758Z',
14 silly view       '1.0.30000778': '2017-12-04T07:01:22.358Z',
14 silly view       '1.0.30000779': '2017-12-06T05:01:26.104Z',
14 silly view       '1.0.30000780': '2017-12-06T06:01:24.864Z',
14 silly view       '1.0.30000781': '2017-12-10T06:01:14.548Z',
14 silly view       '1.0.30000782': '2017-12-10T07:01:15.681Z',
14 silly view       '1.0.30000783': '2017-12-13T06:01:20.751Z',
14 silly view       '1.0.30000784': '2017-12-20T05:01:32.290Z',
14 silly view       '1.0.30000785': '2018-01-03T18:01:15.093Z',
14 silly view       '1.0.30000786': '2018-01-03T19:01:03.296Z',
14 silly view       '1.0.30000787': '2018-01-03T23:00:59.712Z',
14 silly view       '1.0.30000788': '2018-01-07T04:01:08.248Z',
14 silly view       '1.0.30000789': '2018-01-07T05:01:02.349Z',
14 silly view       '1.0.30000790': '2018-01-11T08:01:11.360Z',
14 silly view       '1.0.30000791': '2018-01-12T06:01:39.562Z',
14 silly view       '1.0.30000792': '2018-01-15T06:01:33.478Z',
14 silly view       '1.0.30000802': '2018-02-05T23:14:59.418Z',
14 silly view       '1.0.30000803': '2018-02-06T07:00:51.799Z',
14 silly view       '1.0.30000804': '2018-02-07T07:00:51.196Z',
14 silly view       '1.0.30000805': '2018-02-09T05:00:56.157Z',
14 silly view       '1.0.30000807': '2018-02-10T06:00:54.860Z',
14 silly view       '1.0.30000808': '2018-02-11T07:00:50.577Z',
14 silly view       '1.0.30000809': '2018-02-18T02:01:21.443Z',
14 silly view       '1.0.30000810': '2018-02-20T00:01:00.544Z',
14 silly view       '1.0.30000811': '2018-03-03T08:01:19.036Z',
14 silly view       '1.0.30000812': '2018-03-05T05:01:12.396Z',
14 silly view       '1.0.30000813': '2018-03-06T07:01:07.941Z',
14 silly view       '1.0.30000814': '2018-03-13T06:01:20.212Z',
14 silly view       '1.0.30000815': '2018-03-15T06:01:11.534Z',
14 silly view       '1.0.30000817': '2018-03-21T06:01:11.580Z',
14 silly view       '1.0.30000819': '2018-03-22T06:01:16.994Z',
14 silly view       '1.0.30000820': '2018-03-25T05:01:11.514Z',
14 silly view       '1.0.30000821': '2018-03-28T04:01:06.759Z',
14 silly view       '1.0.30000822': '2018-04-03T05:01:03.806Z',
14 silly view       '1.0.30000823': '2018-04-03T06:01:14.576Z',
14 silly view       '1.0.30000824': '2018-04-06T05:00:57.367Z',
14 silly view       '1.0.30000826': '2018-04-10T04:01:02.260Z',
14 silly view       '1.0.30000827': '2018-04-10T05:00:55.749Z',
14 silly view       '1.0.30000828': '2018-04-12T06:01:03.315Z',
14 silly view       '1.0.30000830': '2018-04-14T05:00:56.263Z',
14 silly view       '1.0.30000831': '2018-04-28T03:01:06.698Z',
14 silly view       '1.0.30000832': '2018-04-28T04:01:06.435Z',
14 silly view       '1.0.30000833': '2018-05-02T04:01:26.792Z',
14 silly view       '1.0.30000834': '2018-05-06T04:01:04.830Z',
14 silly view       '1.0.30000835': '2018-05-06T05:01:06.443Z',
14 silly view       '1.0.30000836': '2018-05-08T05:01:01.433Z',
14 silly view       '1.0.30000838': '2018-05-10T06:01:08.858Z',
14 silly view       '1.0.30000839': '2018-05-10T07:01:04.558Z',
14 silly view       '1.0.30000840': '2018-05-14T06:01:03.105Z',
14 silly view       '1.0.30000841': '2018-05-16T06:01:06.088Z',
14 silly view       '1.0.30000842': '2018-05-17T06:03:35.566Z',
14 silly view       '1.0.30000843': '2018-05-18T07:01:10.283Z',
14 silly view       '1.0.30000844': '2018-05-21T04:01:05.523Z',
14 silly view       '1.0.30000845': '2018-05-22T06:02:23.595Z',
14 silly view       '1.0.30000846': '2018-05-24T07:01:04.068Z',
14 silly view       '1.0.30000847': '2018-05-31T07:01:02.657Z',
14 silly view       '1.0.30000848': '2018-06-04T15:01:09.827Z',
14 silly view       '1.0.30000849': '2018-06-05T07:00:59.809Z',
14 silly view       '1.0.30000850': '2018-06-07T07:01:06.440Z',
14 silly view       '1.0.30000851': '2018-06-08T06:00:58.979Z',
14 silly view       '1.0.30000852': '2018-06-12T07:00:56.886Z',
14 silly view       '1.0.30000853': '2018-06-13T07:01:07.175Z',
14 silly view       '1.0.30000854': '2018-06-14T05:01:01.812Z',
14 silly view       '1.0.30000855': '2018-06-14T06:01:01.096Z',
14 silly view       '1.0.30000856': '2018-06-15T06:01:09.526Z',
14 silly view       '1.0.30000857': '2018-06-23T23:01:07.651Z',
14 silly view       '1.0.30000858': '2018-06-24T00:01:10.402Z',
14 silly view       '1.0.30000859': '2018-06-26T06:01:02.732Z',
14 silly view       '1.0.30000860': '2018-06-28T06:01:05.518Z',
14 silly view       '1.0.30000861': '2018-06-29T05:01:01.007Z',
14 silly view       '1.0.30000862': '2018-07-03T06:01:05.792Z',
14 silly view       '1.0.30000864': '2018-07-05T03:01:13.226Z',
14 silly view       '1.0.30000865': '2018-07-10T05:01:00.515Z',
14 silly view       '1.0.30000872': '2018-08-02T22:39:54.642Z',
14 silly view       '1.0.30000874': '2018-08-03T06:48:02.315Z',
14 silly view       '1.0.30000876': '2018-08-13T01:32:34.741Z',
14 silly view       '1.0.30000877': '2018-08-14T05:32:34.385Z',
14 silly view       '1.0.30000878': '2018-08-21T06:32:34.099Z',
14 silly view       '1.0.30000880': '2018-08-28T06:32:34.580Z',
14 silly view       '1.0.30000882': '2018-08-29T05:32:33.754Z',
14 silly view       '1.0.30000883': '2018-08-30T04:32:35.960Z',
14 silly view       '1.0.30000884': '2018-09-04T04:32:37.952Z',
14 silly view       '1.0.30000885': '2018-09-06T05:32:38.444Z',
14 silly view       '1.0.30000886': '2018-09-21T06:32:36.425Z',
14 silly view       '1.0.30000887': '2018-09-23T04:32:34.566Z',
14 silly view       '1.0.30000888': '2018-09-28T02:32:35.850Z',
14 silly view       '1.0.30000889': '2018-10-03T04:32:35.279Z',
14 silly view       '1.0.30000890': '2018-10-08T03:32:34.245Z',
14 silly view       '1.0.30000892': '2018-10-15T06:32:40.638Z',
14 silly view       '1.0.30000893': '2018-10-18T05:32:36.800Z',
14 silly view       '1.0.30000898': '2018-10-23T05:32:38.448Z',
14 silly view       '1.0.30000899': '2018-10-25T04:32:35.400Z',
14 silly view       '1.0.30000900': '2018-10-29T01:32:35.874Z',
14 silly view       '1.0.30000901': '2018-10-30T03:32:32.800Z',
14 silly view       '1.0.30000902': '2018-10-30T04:32:32.110Z',
14 silly view       '1.0.30000903': '2018-10-31T05:32:33.927Z',
14 silly view       '1.0.30000904': '2018-11-03T06:32:37.075Z',
14 silly view       '1.0.30000905': '2018-11-05T05:32:35.620Z',
14 silly view       '1.0.30000906': '2018-11-06T05:32:38.357Z',
14 silly view       '1.0.30000907': '2018-11-08T07:32:35.846Z',
14 silly view       '1.0.30000908': '2018-11-18T05:32:35.812Z',
14 silly view       '1.0.30000909': '2018-11-18T06:32:35.408Z',
14 silly view       '1.0.30000910': '2018-11-21T06:32:40.997Z',
14 silly view       '1.0.30000911': '2018-11-27T06:32:37.373Z',
14 silly view       '1.0.30000912': '2018-11-27T15:32:34.029Z',
14 silly view       '1.0.30000913': '2018-12-03T07:32:37.360Z',
14 silly view       '1.0.30000914': '2018-12-04T06:32:38.822Z',
14 silly view       '1.0.30000915': '2018-12-06T05:32:38.087Z',
14 silly view       '1.0.30000916': '2018-12-06T06:32:41.458Z',
14 silly view       '1.0.30000917': '2018-12-10T01:32:37.815Z',
14 silly view       '1.0.30000918': '2018-12-10T05:32:33.214Z',
14 silly view       '1.0.30000919': '2018-12-14T04:32:36.942Z',
14 silly view       '1.0.30000921': '2018-12-14T05:32:35.889Z',
14 silly view       '1.0.30000923': '2018-12-20T00:32:38.067Z',
14 silly view       '1.0.30000925': '2018-12-28T03:32:38.374Z',
14 silly view       '1.0.30000926': '2019-01-02T02:32:36.895Z',
14 silly view       '1.0.30000927': '2019-01-04T03:32:39.615Z',
14 silly view       '1.0.30000928': '2019-01-10T06:32:38.187Z',
14 silly view       '1.0.30000929': '2019-01-16T05:32:41.821Z',
14 silly view       '1.0.30000930': '2019-01-23T05:32:38.154Z',
14 silly view       '1.0.30000931': '2019-01-25T06:32:40.800Z',
14 silly view       '1.0.30000932': '2019-01-25T07:32:36.925Z',
14 silly view       '1.0.30000933': '2019-01-31T05:32:41.378Z',
14 silly view       '1.0.30000934': '2019-02-03T07:32:40.016Z',
14 silly view       '1.0.30000935': '2019-02-05T05:32:42.273Z',
14 silly view       '1.0.30000936': '2019-02-11T04:32:41.779Z',
14 silly view       '1.0.30000937': '2019-02-15T04:32:39.770Z',
14 silly view       '1.0.30000938': '2019-02-15T05:32:36.896Z',
14 silly view       '1.0.30000939': '2019-02-23T04:32:41.977Z',
14 silly view       '1.0.30000940': '2019-03-03T20:32:44.212Z',
14 silly view       '1.0.30000941': '2019-03-05T04:32:45.699Z',
14 silly view       '1.0.30000942': '2019-03-07T04:32:44.810Z',
14 silly view       '1.0.30000943': '2019-03-10T03:32:41.182Z',
14 silly view       '1.0.30000944': '2019-03-12T05:32:42.444Z',
14 silly view       '1.0.30000945': '2019-03-12T06:32:44.086Z',
14 silly view       '1.0.30000946': '2019-03-13T05:32:39.761Z',
14 silly view       '1.0.30000947': '2019-03-14T05:32:39.024Z',
14 silly view       '1.0.30000948': '2019-03-15T06:32:46.247Z',
14 silly view       '1.0.30000949': '2019-03-16T03:32:39.900Z',
14 silly view       '1.0.30000950': '2019-03-17T06:32:43.421Z',
14 silly view       '1.0.30000951': '2019-03-20T04:32:44.338Z',
14 silly view       '1.0.30000952': '2019-03-26T02:32:38.463Z',
14 silly view       '1.0.30000953': '2019-03-26T05:32:38.666Z',
14 silly view       '1.0.30000954': '2019-03-27T05:32:41.444Z',
14 silly view       '1.0.30000955': '2019-03-28T06:32:41.017Z',
14 silly view       '1.0.30000956': '2019-04-03T04:32:42.851Z',
14 silly view       '1.0.30000957': '2019-04-03T06:32:45.204Z',
14 silly view       '1.0.30000958': '2019-04-14T21:32:51.051Z',
14 silly view       '1.0.30000959': '2019-04-15T03:32:37.510Z',
14 silly view       '1.0.30000960': '2019-04-16T06:32:46.085Z',
14 silly view       '1.0.30000962': '2019-04-19T04:32:41.697Z',
14 silly view       '1.0.30000963': '2019-04-24T04:32:35.622Z',
14 silly view       '1.0.30000965': '2019-05-03T04:32:35.606Z',
14 silly view       '1.0.30000966': '2019-05-03T05:32:37.852Z',
14 silly view       '1.0.30000967': '2019-05-07T05:32:39.213Z',
14 silly view       '1.0.30000969': '2019-05-16T03:32:35.342Z',
14 silly view       '1.0.30000971': '2019-05-22T04:32:34.906Z',
14 silly view       '1.0.30000973': '2019-06-04T06:32:33.166Z',
14 silly view       '1.0.30000974': '2019-06-06T06:32:31.389Z',
14 silly view       '1.0.30000975': '2019-06-18T06:32:44.010Z',
14 silly view       '1.0.30000976': '2019-06-21T06:32:37.721Z',
14 silly view       '1.0.30000977': '2019-06-25T06:32:34.878Z',
14 silly view       '1.0.30000978': '2019-06-26T06:32:35.536Z',
14 silly view       '1.0.30000979': '2019-07-01T06:32:36.159Z',
14 silly view       '1.0.30000980': '2019-07-05T17:32:33.056Z',
14 silly view       '1.0.30000981': '2019-07-08T06:32:33.930Z',
14 silly view       '1.0.30000983': '2019-07-10T06:32:47.742Z',
14 silly view       '1.0.30000984': '2019-07-13T05:32:36.340Z',
14 silly view       '1.0.30000985': '2019-07-21T05:32:34.941Z',
14 silly view       '1.0.30000986': '2019-07-27T05:32:33.158Z',
14 silly view       '1.0.30000987': '2019-07-30T05:32:37.510Z',
14 silly view       '1.0.30000988': '2019-07-31T03:32:33.018Z',
14 silly view       '1.0.30000989': '2019-08-06T04:32:36.341Z',
14 silly view       '1.0.30000997': '2019-09-24T04:32:32.969Z',
14 silly view       '1.0.30000998': '2019-10-02T06:32:33.951Z',
14 silly view       '1.0.30000999': '2019-10-06T00:32:34.742Z',
14 silly view       '1.0.30001001': '2019-10-21T04:32:34.476Z',
14 silly view       '1.0.30001002': '2019-10-21T06:32:33.755Z',
14 silly view       '1.0.30001004': '2019-10-24T06:32:32.855Z',
14 silly view       '1.0.30001005': '2019-10-27T05:32:32.463Z',
14 silly view       '1.0.30001006': '2019-10-30T03:32:35.224Z',
14 silly view       '1.0.30001008': '2019-11-04T06:32:33.460Z',
14 silly view       '1.0.30001009': '2019-11-13T05:32:36.735Z',
14 silly view       '1.0.30001010': '2019-11-14T07:32:35.203Z',
14 silly view       '1.0.30001011': '2019-11-20T05:32:35.650Z',
14 silly view       '1.0.30001012': '2019-11-25T06:32:34.083Z',
14 silly view       '1.0.30001013': '2019-12-02T06:32:32.243Z',
14 silly view       '1.0.30001015': '2019-12-04T07:32:32.822Z',
14 silly view       '1.0.30001016': '2019-12-16T06:32:37.285Z',
14 silly view       '1.0.30001017': '2019-12-27T18:32:33.779Z',
14 silly view       '1.0.30001018': '2020-01-03T23:32:33.340Z',
14 silly view       '1.0.30001019': '2020-01-05T01:32:33.332Z',
14 silly view       '1.0.30001020': '2020-01-09T05:32:33.973Z',
14 silly view       '1.0.30001021': '2020-01-15T05:32:34.476Z',
14 silly view       '1.0.30001022': '2020-01-21T02:32:34.021Z',
14 silly view       '1.0.30001023': '2020-01-25T07:32:34.297Z',
14 silly view       '1.0.30001024': '2020-02-03T22:11:02.514Z',
14 silly view       '1.0.30001025': '2020-02-04T06:33:02.013Z',
14 silly view       '1.0.30001026': '2020-02-10T04:32:56.935Z',
14 silly view       '1.0.30001027': '2020-02-10T05:33:01.375Z',
14 silly view       '1.0.30001028': '2020-02-18T05:32:59.978Z',
14 silly view       '1.0.30001029': '2020-02-24T05:32:58.389Z',
14 silly view       '1.0.30001030': '2020-02-24T07:33:03.276Z',
14 silly view       '1.0.30001031': '2020-03-02T05:32:57.209Z',
14 silly view       '1.0.30001032': '2020-03-05T05:33:10.222Z',
14 silly view       '1.0.30001033': '2020-03-09T05:33:07.311Z',
14 silly view       '1.0.30001034': '2020-03-12T05:32:57.760Z',
14 silly view       '1.0.30001035': '2020-03-12T06:33:02.354Z',
14 silly view       '1.0.30001036': '2020-03-23T06:33:07.229Z',
14 silly view       '1.0.30001037': '2020-03-25T05:32:59.953Z',
14 silly view       '1.0.30001038': '2020-03-26T05:32:57.898Z',
14 silly view       '1.0.30001039': '2020-04-04T04:33:00.055Z',
14 silly view       '1.0.30001040': '2020-04-09T05:33:04.854Z',
14 silly view       '1.0.30001041': '2020-04-13T03:33:00.927Z',
14 silly view       '1.0.30001042': '2020-04-15T04:33:07.053Z',
14 silly view       '1.0.30001043': '2020-04-19T04:33:07.825Z',
14 silly view       '1.0.30001045': '2020-04-21T06:32:58.831Z',
14 silly view       '1.0.30001046': '2020-04-23T06:32:58.544Z',
14 silly view       '1.0.30001047': '2020-04-25T16:32:58.833Z',
14 silly view       '1.0.30001048': '2020-04-25T17:33:03.967Z',
14 silly view       '1.0.30001049': '2020-05-04T03:32:57.018Z',
14 silly view       '1.0.30001050': '2020-05-04T04:32:53.352Z',
14 silly view       '1.0.30001051': '2020-05-05T04:32:55.413Z',
14 silly view       '1.0.30001052': '2020-05-06T00:32:55.365Z',
14 silly view       '1.0.30001053': '2020-05-07T04:33:03.666Z',
14 silly view       '1.0.30001054': '2020-05-08T03:33:02.791Z',
14 silly view       '1.0.30001055': '2020-05-11T00:32:57.505Z',
14 silly view       '1.0.30001057': '2020-05-14T01:32:53.818Z',
14 silly view       '1.0.30001058': '2020-05-14T02:32:52.262Z',
14 silly view       '1.0.30001059': '2020-05-15T02:32:52.971Z',
14 silly view       '1.0.30001061': '2020-05-16T04:32:55.946Z',
14 silly view       '1.0.30001062': '2020-05-19T06:32:56.235Z',
14 silly view       '1.0.30001064': '2020-05-23T05:32:58.522Z',
14 silly view       '1.0.30001065': '2020-05-24T23:32:56.977Z',
14 silly view       '1.0.30001066': '2020-05-25T21:32:57.699Z',
14 silly view       '1.0.30001077': '2020-06-03T04:32:54.664Z',
14 silly view       '1.0.30001078': '2020-06-05T06:33:03.137Z',
14 silly view       '1.0.30001079': '2020-06-08T06:32:58.510Z',
14 silly view       '1.0.30001081': '2020-06-10T03:33:12.393Z',
14 silly view       '1.0.30001083': '2020-06-13T19:33:04.058Z',
14 silly view       '1.0.30001084': '2020-06-16T06:33:21.190Z',
14 silly view       '1.0.30001085': '2020-06-21T05:33:02.775Z',
14 silly view       '1.0.30001087': '2020-06-23T05:33:13.254Z',
14 silly view       '1.0.30001088': '2020-06-24T05:32:59.159Z',
14 silly view       '1.0.30001089': '2020-06-27T06:33:01.970Z',
14 silly view       '1.0.30001090': '2020-06-27T19:32:58.503Z',
14 silly view       '1.0.30001091': '2020-06-30T22:33:00.235Z',
14 silly view       '1.0.30001092': '2020-07-01T21:33:13.577Z',
14 silly view       '1.0.30001093': '2020-07-01T22:33:09.481Z',
14 silly view       '1.0.30001094': '2020-07-05T05:33:20.141Z',
14 silly view       '1.0.30001096': '2020-07-08T05:33:02.098Z',
14 silly view       '1.0.30001097': '2020-07-10T03:33:02.251Z',
14 silly view       '1.0.30001099': '2020-07-11T19:32:59.805Z',
14 silly view       '1.0.30001100': '2020-07-15T02:32:58.579Z',
14 silly view       '1.0.30001101': '2020-07-17T02:33:00.593Z',
14 silly view       '1.0.30001102': '2020-07-17T04:33:08.312Z',
14 silly view       '1.0.30001103': '2020-07-19T05:33:03.137Z',
14 silly view       '1.0.30001104': '2020-07-20T06:33:02.037Z',
14 silly view       '1.0.30001105': '2020-07-22T05:33:09.690Z',
14 silly view       '1.0.30001106': '2020-07-25T22:33:08.951Z',
14 silly view       '1.0.30001107': '2020-07-26T23:33:04.463Z',
14 silly view       '1.0.30001109': '2020-07-30T05:33:15.152Z',
14 silly view       '1.0.30001110': '2020-08-04T06:33:14.562Z',
14 silly view       '1.0.30001111': '2020-08-05T03:32:57.689Z',
14 silly view       '1.0.30001112': '2020-08-07T04:33:03.145Z',
14 silly view       '1.0.30001113': '2020-08-11T05:33:09.242Z',
14 silly view       '1.0.30001114': '2020-08-14T05:33:01.875Z',
14 silly view       '1.0.30001115': '2020-08-18T02:33:10.233Z',
14 silly view       '1.0.30001116': '2020-08-18T20:33:04.166Z',
14 silly view       '1.0.30001117': '2020-08-21T04:33:03.452Z',
14 silly view       '1.0.30001118': '2020-08-26T05:33:05.348Z',
14 silly view       '1.0.30001119': '2020-08-28T04:33:02.677Z',
14 silly view       '1.0.30001120': '2020-08-30T04:33:07.706Z',
14 silly view       '1.0.30001121': '2020-09-01T05:33:00.876Z',
14 silly view       '1.0.30001122': '2020-09-01T06:32:58.947Z',
14 silly view       '1.0.30001123': '2020-09-03T06:33:02.571Z',
14 silly view       '1.0.30001124': '2020-09-04T05:33:08.603Z',
14 silly view       '1.0.30001125': '2020-09-09T06:33:07.430Z',
14 silly view       '1.0.30001126': '2020-09-12T23:33:17.308Z',
14 silly view       '1.0.30001127': '2020-09-13T05:33:13.923Z',
14 silly view       '1.0.30001128': '2020-09-13T06:33:03.508Z',
14 silly view       '1.0.30001129': '2020-09-13T19:33:09.844Z',
14 silly view       '1.0.30001131': '2020-09-15T06:33:29.734Z',
14 silly view       '1.0.30001132': '2020-09-19T05:35:12.633Z',
14 silly view       '1.0.30001133': '2020-09-19T19:34:42.623Z',
14 silly view       '1.0.30001135': '2020-09-22T06:33:39.775Z',
14 silly view       '1.0.30001136': '2020-09-25T04:33:41.959Z',
14 silly view       '1.0.30001137': '2020-09-25T05:33:31.791Z',
14 silly view       '1.0.30001138': '2020-09-30T05:33:27.494Z',
14 silly view       '1.0.30001140': '2020-09-30T06:33:23.216Z',
14 silly view       '1.0.30001141': '2020-10-01T01:33:29.695Z',
14 silly view       '1.0.30001142': '2020-10-02T04:33:19.656Z',
14 silly view       '1.0.30001143': '2020-10-03T19:33:43.227Z',
14 silly view       '1.0.30001144': '2020-10-06T06:33:17.841Z',
14 silly view       '1.0.30001146': '2020-10-08T05:33:10.595Z',
14 silly view       '1.0.30001147': '2020-10-11T06:33:36.143Z',
14 silly view       '1.0.30001148': '2020-10-12T06:33:58.089Z',
14 silly view       '1.0.30001150': '2020-10-21T06:34:15.586Z',
14 silly view       '1.0.30001151': '2020-10-24T05:33:58.118Z',
14 silly view       '1.0.30001153': '2020-10-29T06:34:06.339Z',
14 silly view       '1.0.30001154': '2020-10-29T20:33:48.903Z',
14 silly view       '1.0.30001155': '2020-11-05T05:34:15.421Z',
14 silly view       '1.0.30001156': '2020-11-05T06:33:47.878Z',
14 silly view       '1.0.30001157': '2020-11-09T05:34:05.386Z',
14 silly view       '1.0.30001158': '2020-11-15T06:33:48.562Z',
14 silly view       '1.0.30001159': '2020-11-18T07:33:14.167Z',
14 silly view       '1.0.30001160': '2020-11-24T06:33:16.814Z',
14 silly view       '1.0.30001161': '2020-11-24T07:33:19.360Z',
14 silly view       '1.0.30001162': '2020-11-30T07:33:16.835Z',
14 silly view       '1.0.30001163': '2020-11-30T20:33:05.894Z',
14 silly view       '1.0.30001164': '2020-12-01T07:33:05.314Z',
14 silly view       '1.0.30001165': '2020-12-04T07:33:32.015Z',
14 silly view       '1.0.30001166': '2020-12-14T07:33:15.291Z',
14 silly view       '1.0.30001168': '2020-12-16T05:33:18.722Z',
14 silly view       '1.0.30001170': '2020-12-20T06:33:29.690Z',
14 silly view       '1.0.30001171': '2020-12-29T00:33:08.967Z',
14 silly view       '1.0.30001173': '2021-01-04T05:33:13.990Z',
14 silly view       '1.0.30001174': '2021-01-10T21:33:16.627Z',
14 silly view       '1.0.30001176': '2021-01-13T05:33:08.133Z',
14 silly view       '1.0.30001177': '2021-01-14T06:33:12.627Z',
14 silly view       '1.0.30001178': '2021-01-17T06:33:20.168Z',
14 silly view       '1.0.30001179': '2021-01-21T07:33:11.847Z',
14 silly view       '1.0.30001180': '2021-01-27T07:33:24.644Z',
14 silly view       '1.0.30001181': '2021-01-29T06:33:39.068Z',
14 silly view       '1.0.30001183': '2021-02-02T07:33:18.619Z',
14 silly view       '1.0.30001185': '2021-02-05T06:33:30.035Z',
14 silly view       '1.0.30001187': '2021-02-12T19:33:21.232Z',
14 silly view       '1.0.30001189': '2021-02-19T06:33:31.441Z',
14 silly view       '1.0.30001190': '2021-02-20T05:33:08.290Z',
14 silly view       '1.0.30001191': '2021-02-22T07:33:10.543Z',
14 silly view       '1.0.30001192': '2021-02-25T05:33:07.526Z',
14 silly view       '1.0.30001194': '2021-03-02T07:33:05.260Z',
14 silly view       '1.0.30001195': '2021-03-04T07:33:10.832Z',
14 silly view       '1.0.30001196': '2021-03-04T08:33:07.828Z',
14 silly view       '1.0.30001197': '2021-03-08T00:33:11.753Z',
14 silly view       '1.0.30001198': '2021-03-10T06:33:05.188Z',
14 silly view       '1.0.30001199': '2021-03-12T05:33:09.935Z',
14 silly view       '1.0.30001200': '2021-03-14T23:33:14.205Z',
14 silly view       '1.0.30001202': '2021-03-16T05:33:02.587Z',
14 silly view       '1.0.30001203': '2021-03-19T05:33:06.475Z',
14 silly view       '1.0.30001204': '2021-03-21T21:33:03.101Z',
14 silly view       '1.0.30001205': '2021-03-31T05:33:02.951Z',
14 silly view       '1.0.30001207': '2021-04-04T05:33:17.098Z',
14 silly view       '1.0.30001208': '2021-04-08T06:33:10.763Z',
14 silly view       '1.0.30001209': '2021-04-16T06:33:13.125Z',
14 silly view       '1.0.30001210': '2021-04-18T19:33:03.440Z',
14 silly view       '1.0.30001211': '2021-04-19T06:33:09.163Z',
14 silly view       '1.0.30001212': '2021-04-20T06:33:01.591Z',
14 silly view       '1.0.30001214': '2021-04-20T07:32:57.550Z',
14 silly view       '1.0.30001215': '2021-04-26T05:33:04.030Z',
14 silly view       '1.0.30001216': '2021-04-26T06:32:59.901Z',
14 silly view       '1.0.30001218': '2021-04-27T06:33:15.088Z',
14 silly view       '1.0.30001219': '2021-04-28T06:33:08.936Z',
14 silly view       '1.0.30001220': '2021-05-02T06:33:02.509Z',
14 silly view       '1.0.30001221': '2021-05-04T06:33:12.104Z',
14 silly view       '1.0.30001222': '2021-05-05T05:33:00.630Z',
14 silly view       '1.0.30001223': '2021-05-06T05:33:00.091Z',
14 silly view       '1.0.30001224': '2021-05-10T05:20:53.946Z',
14 silly view       '1.0.30001225': '2021-05-10T05:27:26.327Z',
14 silly view       '1.0.30001226': '2021-05-10T06:29:25.420Z',
14 silly view       '1.0.30001227': '2021-05-10T07:11:11.207Z',
14 silly view       '1.0.30001228': '2021-05-10T14:57:06.049Z',
14 silly view       '1.0.30001230': '2021-05-25T19:22:58.851Z',
14 silly view       '1.0.30001231': '2021-05-31T06:28:49.170Z',
14 silly view       '1.0.30001232': '2021-05-31T18:51:20.776Z',
14 silly view       '1.0.30001233': '2021-06-02T05:04:22.425Z',
14 silly view       '1.0.30001234': '2021-06-04T06:28:37.913Z',
14 silly view       '1.0.30001235': '2021-06-06T04:52:34.797Z',
14 silly view       '1.0.30001236': '2021-06-09T06:08:04.294Z',
14 silly view       '1.0.30001237': '2021-06-12T05:47:51.760Z',
14 silly view       '1.0.30001238': '2021-06-18T07:02:14.585Z',
14 silly view       '1.0.30001239': '2021-06-19T20:47:06.423Z',
14 silly view       '1.0.30001240': '2021-06-26T05:48:12.957Z',
14 silly view       '1.0.30001241': '2021-06-29T04:56:21.677Z',
14 silly view       '1.0.30001242': '2021-07-04T06:55:46.413Z',
14 silly view       '1.0.30001243': '2021-07-07T05:47:51.958Z',
14 silly view       '1.0.30001244': '2021-07-13T05:48:11.139Z',
14 silly view       '1.0.30001245': '2021-07-14T04:56:19.293Z',
14 silly view       '1.0.30001246': '2021-07-21T05:48:07.091Z',
14 silly view       '1.0.30001247': '2021-07-24T05:47:57.585Z',
14 silly view       '1.0.30001248': '2021-07-28T06:57:43.581Z',
14 silly view       '1.0.30001249': '2021-08-05T02:50:19.773Z',
14 silly view       '1.0.30001250': '2021-08-12T03:49:00.175Z',
14 silly view       '1.0.30001251': '2021-08-12T04:56:05.426Z',
14 silly view       '1.0.30001252': '2021-08-26T05:48:30.126Z',
14 silly view       '1.0.30001254': '2021-09-04T07:47:57.314Z',
14 silly view       '1.0.30001255': '2021-09-06T01:47:22.934Z',
14 silly view       '1.0.30001256': '2021-09-10T13:46:22.636Z',
14 silly view       '1.0.30001257': '2021-09-13T05:48:19.549Z',
14 silly view       '1.0.30001258': '2021-09-17T05:48:20.987Z',
14 silly view       '1.0.30001259': '2021-09-21T05:48:18.363Z',
14 silly view       '1.0.30001260': '2021-09-23T06:53:23.606Z',
14 silly view       '1.0.30001261': '2021-09-28T04:52:16.212Z',
14 silly view       '1.0.30001263': '2021-10-01T04:55:37.678Z',
14 silly view       '1.0.30001264': '2021-10-03T17:48:00.536Z',
14 silly view       '1.0.30001265': '2021-10-06T04:54:53.116Z',
14 silly view       '1.0.30001267': '2021-10-14T04:55:30.113Z',
14 silly view       '1.0.30001269': '2021-10-17T04:55:01.466Z',
14 silly view       '1.0.30001270': '2021-10-20T09:22:02.357Z',
14 silly view       '1.0.30001271': '2021-10-22T05:48:10.687Z',
14 silly view       '1.0.30001272': '2021-10-28T04:55:53.481Z',
14 silly view       '1.0.30001273': '2021-10-30T21:47:58.252Z',
14 silly view       '1.0.30001274': '2021-10-30T22:48:08.417Z',
14 silly view       '1.0.30001275': '2021-11-03T04:55:26.972Z',
14 silly view       '1.0.30001276': '2021-11-04T02:53:05.017Z',
14 silly view       '1.0.30001277': '2021-11-04T17:03:11.079Z',
14 silly view       '1.0.30001278': '2021-11-05T06:53:10.836Z',
14 silly view       '1.0.30001279': '2021-11-09T05:47:40.658Z',
14 silly view       '1.0.30001280': '2021-11-12T06:53:32.024Z',
14 silly view       '1.0.30001281': '2021-11-17T04:55:45.063Z',
14 silly view       '1.0.30001282': '2021-11-17T07:47:25.683Z',
14 silly view       '1.0.30001283': '2021-11-25T05:47:38.972Z',
14 silly view       '1.0.30001284': '2021-12-03T06:53:39.105Z',
14 silly view       '1.0.30001285': '2021-12-06T06:54:09.887Z',
14 silly view       '1.0.30001286': '2021-12-09T07:47:35.526Z',
14 silly view       '1.0.30001287': '2021-12-16T06:53:48.370Z',
14 silly view       '1.0.30001289': '2021-12-18T03:00:43.794Z',
14 silly view       '1.0.30001291': '2021-12-18T17:04:27.007Z',
14 silly view       '1.0.30001292': '2021-12-21T19:31:06.598Z',
14 silly view       '1.0.30001293': '2021-12-28T17:50:50.561Z',
14 silly view       '1.0.30001294': '2021-12-28T18:52:44.423Z',
14 silly view       '1.0.30001295': '2022-01-01T23:47:26.136Z',
14 silly view       '1.0.30001296': '2022-01-04T02:59:11.229Z',
14 silly view       '1.0.30001297': '2022-01-07T06:56:10.739Z',
14 silly view       '1.0.30001298': '2022-01-08T06:54:29.319Z',
14 silly view       '1.0.30001299': '2022-01-12T05:47:35.850Z',
14 silly view       '1.0.30001300': '2022-01-17T06:56:02.175Z',
14 silly view       '1.0.30001301': '2022-01-21T05:47:40.099Z',
14 silly view       '1.0.30001302': '2022-01-26T01:50:11.549Z',
14 silly view       '1.0.30001303': '2022-01-27T06:50:53.439Z',
14 silly view       '1.0.30001304': '2022-01-29T18:18:12.980Z',
14 silly view       '1.0.30001305': '2022-02-02T03:47:40.252Z',
14 silly view       '1.0.30001306': '2022-02-03T07:52:44.258Z',
14 silly view       '1.0.30001307': '2022-02-04T04:47:29.151Z',
14 silly view       '1.0.30001308': '2022-02-07T04:52:42.655Z',
14 silly view       '1.0.30001309': '2022-02-07T05:47:41.102Z',
14 silly view       '1.0.30001310': '2022-02-09T05:47:34.945Z',
14 silly view       '1.0.30001311': '2022-02-10T07:48:05.247Z',
14 silly view       '1.0.30001312': '2022-02-13T06:48:56.276Z',
14 silly view       '1.0.30001313': '2022-03-04T05:47:24.665Z',
14 silly view       '1.0.30001314': '2022-03-08T06:51:43.969Z',
14 silly view       '1.0.30001315': '2022-03-13T06:52:52.356Z',
14 silly view       '1.0.30001316': '2022-03-14T06:52:16.964Z',
14 silly view       '1.0.30001317': '2022-03-15T04:53:44.760Z',
14 silly view       '1.0.30001318': '2022-03-19T04:52:43.531Z',
14 silly view       '1.0.30001319': '2022-03-19T05:47:27.998Z',
14 silly view       '1.0.30001320': '2022-03-24T04:54:00.801Z',
14 silly view       '1.0.30001322': '2022-03-29T06:52:53.152Z',
14 silly view       '1.0.30001323': '2022-03-31T05:47:28.227Z',
14 silly view       '1.0.30001324': '2022-04-02T06:51:57.617Z',
14 silly view       '1.0.30001325': '2022-04-04T06:53:53.490Z',
14 silly view       '1.0.30001327': '2022-04-08T05:48:04.710Z',
14 silly view       '1.0.30001328': '2022-04-12T04:54:26.119Z',
14 silly view       '1.0.30001331': '2022-04-13T05:47:34.305Z',
14 silly view       '1.0.30001332': '2022-04-14T06:54:29.100Z',
14 silly view       '1.0.30001334': '2022-04-28T05:58:55.571Z',
14 silly view       '1.0.30001335': '2022-05-02T06:55:17.135Z',
14 silly view       '1.0.30001336': '2022-05-05T05:04:21.834Z',
14 silly view       '1.0.30001337': '2022-05-06T04:56:21.612Z',
14 silly view       '1.0.30001338': '2022-05-06T05:47:30.912Z',
14 silly view       '1.0.30001339': '2022-05-10T05:47:30.000Z',
14 silly view       '1.0.30001340': '2022-05-12T05:04:15.113Z',
14 silly view       '1.0.30001341': '2022-05-14T05:04:56.034Z',
14 silly view       '1.0.30001342': '2022-05-22T05:47:25.147Z',
14 silly view       '1.0.30001343': '2022-05-26T05:02:13.580Z',
14 silly view       '1.0.30001344': '2022-05-27T05:48:58.263Z',
14 silly view       '1.0.30001346': '2022-06-02T05:23:50.666Z',
14 silly view       '1.0.30001349': '2022-06-07T04:55:57.380Z',
14 silly view       '1.0.30001350': '2022-06-08T06:52:23.299Z',
14 silly view       '1.0.30001351': '2022-06-08T21:48:45.867Z',
14 silly view       '1.0.30001352': '2022-06-09T04:57:32.782Z',
14 silly view       '1.0.30001353': '2022-06-15T02:56:37.793Z',
14 silly view       '1.0.30001354': '2022-06-15T05:47:24.863Z',
14 silly view       '1.0.30001355': '2022-06-16T05:47:34.115Z',
14 silly view       '1.0.30001356': '2022-06-17T19:47:42.992Z',
14 silly view       '1.0.30001357': '2022-06-20T05:47:26.501Z',
14 silly view       '1.0.30001358': '2022-06-21T05:47:24.337Z',
14 silly view       '1.0.30001359': '2022-06-24T02:52:44.007Z',
14 silly view       '1.0.30001361': '2022-06-29T06:54:14.068Z',
14 silly view       '1.0.30001362': '2022-07-02T22:47:36.907Z',
14 silly view       '1.0.30001363': '2022-07-03T22:47:22.898Z',
14 silly view       '1.0.30001364': '2022-07-10T05:47:22.208Z',
14 silly view       '1.0.30001365': '2022-07-12T03:06:20.621Z',
14 silly view       '1.0.30001366': '2022-07-13T05:03:08.090Z',
14 silly view       '1.0.30001367': '2022-07-16T02:49:51.107Z',
14 silly view       '1.0.30001368': '2022-07-21T06:56:17.564Z',
14 silly view       '1.0.30001369': '2022-07-23T05:47:44.494Z',
14 silly view       '1.0.30001370': '2022-07-24T18:53:23.734Z',
14 silly view       '1.0.30001372': '2022-07-28T05:49:40.266Z',
14 silly view       '1.0.30001373': '2022-07-28T06:54:51.768Z',
14 silly view       '1.0.30001374': '2022-08-04T07:47:40.647Z',
14 silly view       '1.0.30001375': '2022-08-10T06:55:23.614Z',
14 silly view       '1.0.30001376': '2022-08-14T20:47:48.908Z',
14 silly view       '1.0.30001377': '2022-08-16T05:02:57.686Z',
14 silly view       '1.0.30001378': '2022-08-17T05:58:32.154Z',
14 silly view       '1.0.30001379': '2022-08-20T04:16:40.802Z',
14 silly view       '1.0.30001380': '2022-08-20T22:47:40.925Z',
14 silly view       '1.0.30001381': '2022-08-22T06:57:17.030Z',
14 silly view       '1.0.30001382': '2022-08-23T03:18:00.206Z',
14 silly view       '1.0.30001383': '2022-08-25T06:16:50.545Z',
14 silly view       '1.0.30001384': '2022-08-28T18:53:10.930Z',
14 silly view       '1.0.30001385': '2022-08-30T05:16:47.732Z',
14 silly view       '1.0.30001387': '2022-08-31T06:44:06.694Z',
14 silly view       '1.0.30001388': '2022-09-02T06:25:07.898Z',
14 silly view       '1.0.30001389': '2022-09-04T20:49:18.779Z',
14 silly view       '1.0.30001390': '2022-09-04T23:51:10.095Z',
14 silly view       '1.0.30001392': '2022-09-08T03:26:34.093Z',
14 silly view       '1.0.30001393': '2022-09-08T05:02:56.704Z',
14 silly view       '1.0.30001394': '2022-09-11T22:50:52.598Z',
14 silly view       '1.0.30001396': '2022-09-11T23:54:44.494Z',
14 silly view       '1.0.30001397': '2022-09-12T03:35:22.278Z',
14 silly view       '1.0.30001398': '2022-09-13T03:30:13.199Z',
14 silly view       '1.0.30001399': '2022-09-13T05:13:04.006Z',
14 silly view       '1.0.30001400': '2022-09-15T03:32:39.598Z',
14 silly view       '1.0.30001401': '2022-09-16T03:35:19.642Z',
14 silly view       '1.0.30001402': '2022-09-16T05:10:40.315Z',
14 silly view       '1.0.30001405': '2022-09-19T03:34:00.238Z',
14 silly view       '1.0.30001406': '2022-09-19T05:15:36.029Z',
14 silly view       '1.0.30001407': '2022-09-20T05:10:40.865Z',
14 silly view       '1.0.30001408': '2022-09-21T05:10:35.496Z',
14 silly view       '1.0.30001409': '2022-09-21T07:29:29.672Z',
14 silly view       '1.0.30001410': '2022-09-23T05:10:35.539Z',
14 silly view       '1.0.30001411': '2022-09-24T17:51:44.306Z',
14 silly view       '1.0.30001412': '2022-09-24T23:55:50.590Z',
14 silly view       '1.0.30001413': '2022-09-29T05:14:04.789Z',
14 silly view       '1.0.30001414': '2022-09-29T06:42:14.888Z',
14 silly view       '1.0.30001415': '2022-10-04T04:43:34.077Z',
14 silly view       '1.0.30001416': '2022-10-05T05:33:27.033Z',
14 silly view       '1.0.30001418': '2022-10-07T05:22:27.349Z',
14 silly view       '1.0.30001419': '2022-10-13T06:27:26.440Z',
14 silly view       '1.0.30001420': '2022-10-15T20:54:35.942Z',
14 silly view       '1.0.30001421': '2022-10-18T06:43:26.997Z',
14 silly view       '1.0.30001422': '2022-10-19T05:16:47.042Z',
14 silly view       '1.0.30001423': '2022-10-21T06:17:15.222Z',
14 silly view       '1.0.30001425': '2022-10-25T06:41:50.357Z',
14 silly view       '1.0.30001426': '2022-10-27T04:33:52.573Z',
14 silly view       '1.0.30001427': '2022-10-29T23:51:45.677Z',
14 silly view       '1.0.30001429': '2022-11-01T06:04:59.299Z',
14 silly view       '1.0.30001430': '2022-11-04T05:09:10.488Z',
14 silly view       '1.0.30001431': '2022-11-07T06:54:32.610Z',
14 silly view       '1.0.30001434': '2022-11-21T07:47:44.601Z',
14 silly view       '1.0.30001435': '2022-11-30T05:47:23.477Z',
14 silly view       '1.0.30001436': '2022-12-03T07:47:35.772Z',
14 silly view       '1.0.30001439': '2022-12-09T05:47:43.728Z',
14 silly view       '1.0.30001441': '2022-12-21T16:51:31.206Z',
14 silly view       '1.0.30001442': '2023-01-05T03:47:45.336Z',
14 silly view       '1.0.30001443': '2023-01-12T06:47:42.401Z',
14 silly view       '1.0.30001444': '2023-01-13T05:47:33.353Z',
14 silly view       '1.0.30001445': '2023-01-15T03:47:36.237Z',
14 silly view       '1.0.30001446': '2023-01-19T03:00:58.471Z',
14 silly view       '1.0.30001447': '2023-01-23T07:47:39.160Z',
14 silly view       '1.0.30001448': '2023-01-25T06:47:43.785Z',
14 silly view       '1.0.30001449': '2023-01-27T07:47:44.521Z',
14 silly view       '1.0.30001450': '2023-02-01T04:47:29.669Z',
14 silly view       '1.0.30001451': '2023-02-08T03:02:07.616Z',
14 silly view       '1.0.30001452': '2023-02-14T05:47:36.347Z',
14 silly view       '1.0.30001453': '2023-02-16T06:47:36.613Z',
14 silly view       '1.0.30001454': '2023-02-16T20:47:32.011Z',
14 silly view       '1.0.30001455': '2023-02-17T02:14:17.431Z',
14 silly view       '1.0.30001456': '2023-02-17T05:47:44.330Z',
14 silly view       '1.0.30001457': '2023-02-20T04:47:27.187Z',
14 silly view       '1.0.30001458': '2023-02-25T19:47:32.084Z',
14 silly view       '1.0.30001459': '2023-03-03T05:47:23.940Z',
14 silly view       '1.0.30001460': '2023-03-03T06:47:28.847Z',
14 silly view       '1.0.30001462': '2023-03-07T05:47:46.109Z',
14 silly view       '1.0.30001464': '2023-03-09T06:48:54.938Z',
14 silly view       '1.0.30001465': '2023-03-13T06:47:26.783Z',
14 silly view       '1.0.30001466': '2023-03-14T04:47:31.527Z',
14 silly view       '1.0.30001467': '2023-03-17T05:47:35.689Z',
14 silly view       '1.0.30001468': '2023-03-19T04:47:31.493Z',
14 silly view       '1.0.30001469': '2023-03-21T06:47:28.944Z',
14 silly view       '1.0.30001470': '2023-03-26T06:47:39.488Z',
14 silly view       '1.0.30001472': '2023-03-28T05:47:43.253Z',
14 silly view       '1.0.30001473': '2023-03-30T06:47:46.027Z',
14 silly view       '1.0.30001474': '2023-04-04T02:47:53.234Z',
14 silly view       '1.0.30001475': '2023-04-07T23:47:27.057Z',
14 silly view       '1.0.30001476': '2023-04-08T01:45:21.234Z',
14 silly view       '1.0.30001477': '2023-04-09T19:47:34.586Z',
14 silly view       '1.0.30001478': '2023-04-12T06:47:27.021Z',
14 silly view       '1.0.30001479': '2023-04-16T18:47:34.214Z',
14 silly view       '1.0.30001480': '2023-04-17T06:47:23.435Z',
14 silly view       '1.0.30001481': '2023-04-21T04:47:25.284Z',
14 silly view       '1.0.30001482': '2023-05-01T19:47:32.772Z',
14 silly view       '1.0.30001485': '2023-05-06T06:47:29.852Z',
14 silly view       '1.0.30001486': '2023-05-07T02:00:32.703Z',
14 silly view       '1.0.30001487': '2023-05-12T23:47:25.667Z',
14 silly view       '1.0.30001488': '2023-05-17T10:47:24.185Z',
14 silly view       '1.0.30001489': '2023-05-22T09:47:42.719Z',
14 silly view       '1.0.30001490': '2023-05-30T02:51:33.765Z',
14 silly view       '1.0.30001491': '2023-05-30T05:47:27.853Z',
14 silly view       '1.0.30001492': '2023-05-31T06:47:46.377Z',
14 silly view       '1.0.30001494': '2023-06-03T21:47:28.962Z',
14 silly view       '1.0.30001495': '2023-06-05T19:47:25.221Z',
14 silly view       '1.0.30001496': '2023-06-09T03:08:44.009Z',
14 silly view       '1.0.30001497': '2023-06-09T03:47:30.716Z',
14 silly view       '1.0.30001498': '2023-06-10T06:47:39.077Z',
14 silly view       '1.0.30001499': '2023-06-11T06:47:27.848Z',
14 silly view       '1.0.30001500': '2023-06-12T05:47:43.669Z',
14 silly view       '1.0.30001502': '2023-06-12T06:47:45.157Z',
14 silly view       '1.0.30001503': '2023-06-14T06:47:39.434Z',
14 silly view       '1.0.30001504': '2023-06-17T22:47:40.725Z',
14 silly view       '1.0.30001505': '2023-06-20T05:47:32.413Z',
14 silly view       '1.0.30001506': '2023-06-21T04:47:39.685Z',
14 silly view       '1.0.30001507': '2023-06-23T06:47:44.498Z',
14 silly view       '1.0.30001508': '2023-06-25T22:47:37.075Z',
14 silly view       '1.0.30001509': '2023-06-28T03:47:33.188Z',
14 silly view       '1.0.30001510': '2023-07-02T18:47:37.002Z',
14 silly view       '1.0.30001511': '2023-07-03T02:18:08.094Z',
14 silly view       '1.0.30001512': '2023-07-03T22:47:37.163Z',
14 silly view       '1.0.30001513': '2023-07-07T05:47:33.599Z',
14 silly view       '1.0.30001514': '2023-07-09T06:47:26.681Z',
14 silly view       '1.0.30001515': '2023-07-11T05:47:53.968Z',
14 silly view       '1.0.30001516': '2023-07-15T04:47:52.543Z',
14 silly view       '1.0.30001517': '2023-07-19T07:47:36.186Z',
14 silly view       '1.0.30001518': '2023-07-31T10:51:46.229Z',
14 silly view       '1.0.30001519': '2023-08-03T04:47:49.708Z',
14 silly view       '1.0.30001520': '2023-08-12T22:47:32.346Z',
14 silly view       '1.0.30001521': '2023-08-16T05:47:32.931Z',
14 silly view       '1.0.30001522': '2023-08-19T19:47:33.408Z',
14 silly view       '1.0.30001523': '2023-08-25T05:47:37.850Z',
14 silly view       '1.0.30001524': '2023-08-27T05:47:37.834Z',
14 silly view       '1.0.30001525': '2023-08-31T05:47:37.722Z',
14 silly view       '1.0.30001526': '2023-09-05T04:47:53.939Z',
14 silly view       '1.0.30001527': '2023-09-05T05:47:23.979Z',
14 silly view       '1.0.30001528': '2023-09-07T06:47:27.587Z',
14 silly view       '1.0.30001529': '2023-09-08T05:47:22.641Z',
14 silly view       '1.0.30001532': '2023-09-09T04:47:25.436Z',
14 silly view       '1.0.30001533': '2023-09-12T05:47:27.011Z',
14 silly view       '1.0.30001534': '2023-09-13T04:47:41.073Z',
14 silly view       '1.0.30001535': '2023-09-18T02:47:46.022Z',
14 silly view       '1.0.30001538': '2023-09-19T05:47:23.056Z',
14 silly view       '1.0.30001539': '2023-09-25T05:47:51.923Z',
14 silly view       '1.0.30001540': '2023-09-27T06:47:34.490Z',
14 silly view       '1.0.30001541': '2023-09-28T02:47:26.089Z',
14 silly view       '1.0.30001542': '2023-10-01T22:47:36.475Z',
14 silly view       '1.0.30001543': '2023-10-03T05:47:33.115Z',
14 silly view       '1.0.30001546': '2023-10-05T05:47:40.555Z',
14 silly view       '1.0.30001547': '2023-10-10T05:47:28.479Z',
14 silly view       '1.0.30001549': '2023-10-14T05:47:25.365Z',
14 silly view       '1.0.30001550': '2023-10-18T01:37:27.708Z',
14 silly view       '1.0.30001551': '2023-10-19T05:47:21.987Z',
14 silly view       '1.0.30001552': '2023-10-22T17:47:28.992Z',
14 silly view       '1.0.30001553': '2023-10-22T18:47:19.359Z',
14 silly view       '1.0.30001554': '2023-10-25T05:47:19.485Z',
14 silly view       '1.0.30001555': '2023-10-27T16:47:23.304Z',
14 silly view       '1.0.30001557': '2023-10-28T18:47:26.182Z',
14 silly view       '1.0.30001558': '2023-10-29T21:47:21.876Z',
14 silly view       '1.0.30001559': '2023-10-31T06:47:28.759Z',
14 silly view       '1.0.30001561': '2023-11-04T06:47:29.325Z',
14 silly view       '1.0.30001562': '2023-11-14T06:47:19.154Z',
14 silly view       '1.0.30001563': '2023-11-17T06:47:16.250Z',
14 silly view       '1.0.30001564': '2023-11-22T06:47:34.068Z',
14 silly view       '1.0.30001565': '2023-11-27T06:47:17.440Z',
14 silly view       '1.0.30001566': '2023-12-03T22:47:19.220Z',
14 silly view       '1.0.30001568': '2023-12-10T07:47:31.347Z',
14 silly view       '1.0.30001570': '2023-12-13T07:47:19.326Z',
14 silly view       '1.0.30001571': '2023-12-21T17:47:15.488Z',
14 silly view       '1.0.30001572': '2023-12-27T20:47:18.083Z',
14 silly view       '1.0.30001574': '2024-01-04T03:47:16.822Z',
14 silly view       '1.0.30001575': '2024-01-07T18:47:17.685Z',
14 silly view       '1.0.30001576': '2024-01-07T21:47:21.067Z',
14 silly view       '1.0.30001577': '2024-01-16T06:47:29.310Z',
14 silly view       '1.0.30001578': '2024-01-17T04:47:21.256Z',
14 silly view       '1.0.30001579': '2024-01-18T06:47:23.149Z',
14 silly view       '1.0.30001580': '2024-01-25T06:47:20.917Z',
14 silly view       '1.0.30001581': '2024-01-28T03:22:05.847Z',
14 silly view       '1.0.30001582': '2024-02-01T07:47:18.410Z',
14 silly view       '1.0.30001583': '2024-02-02T07:47:19.977Z',
14 silly view       '1.0.30001584': '2024-02-05T07:47:14.959Z',
14 silly view       '1.0.30001585': '2024-02-07T06:47:28.766Z',
14 silly view       '1.0.30001587': '2024-02-12T07:47:17.877Z',
14 silly view       '1.0.30001588': '2024-02-18T01:38:06.981Z',
14 silly view       '1.0.30001589': '2024-02-22T04:47:15.128Z',
14 silly view       '1.0.30001591': '2024-02-27T06:47:25.324Z',
14 silly view       '1.0.30001593': '2024-03-03T18:47:35.390Z',
14 silly view       '1.0.30001594': '2024-03-05T07:47:23.191Z',
14 silly view       '1.0.30001596': '2024-03-07T06:47:16.983Z',
14 silly view       '1.0.30001597': '2024-03-11T04:47:20.384Z',
14 silly view       '1.0.30001598': '2024-03-17T02:47:17.014Z',
14 silly view       '1.0.30001599': '2024-03-17T20:47:30.671Z',
14 silly view       '1.0.30001600': '2024-03-22T03:47:23.187Z',
14 silly view       '1.0.30001603': '2024-03-31T05:47:15.372Z',
14 silly view       '1.0.30001605': '2024-04-02T05:47:35.858Z',
14 silly view       '1.0.30001606': '2024-04-05T06:47:19.219Z',
14 silly view       '1.0.30001607': '2024-04-08T06:47:30.956Z',
14 silly view       '1.0.30001608': '2024-04-10T05:47:18.429Z',
14 silly view       '1.0.30001609': '2024-04-12T05:47:16.740Z',
14 silly view       '1.0.30001610': '2024-04-15T02:52:11.224Z',
14 silly view       '1.0.30001611': '2024-04-18T03:47:33.388Z',
14 silly view       '1.0.30001612': '2024-04-21T18:47:16.493Z',
14 silly view       '1.0.30001613': '2024-04-27T18:47:16.816Z',
14 silly view       '1.0.30001614': '2024-04-28T19:47:22.759Z',
14 silly view       '1.0.30001615': '2024-05-02T04:47:27.127Z',
14 silly view       '1.0.30001616': '2024-05-04T20:47:23.445Z',
14 silly view       '1.0.30001617': '2024-05-09T02:47:23.228Z',
14 silly view       '1.0.30001618': '2024-05-14T05:47:20.759Z',
14 silly view       '1.0.30001619': '2024-05-16T05:47:18.888Z',
14 silly view       '1.0.30001620': '2024-05-16T06:47:31.556Z',
14 silly view       '1.0.30001621': '2024-05-22T01:42:26.589Z',
14 silly view       '1.0.30001622': '2024-05-27T05:47:24.622Z',
14 silly view       '1.0.30001623': '2024-05-27T06:47:27.763Z',
14 silly view       '1.0.30001624': '2024-05-28T03:47:17.923Z',
14 silly view       '1.0.30001625': '2024-05-29T05:47:28.492Z',
14 silly view       '1.0.30001626': '2024-06-02T01:47:37.645Z',
14 silly view       '1.0.30001627': '2024-06-03T04:47:25.274Z',
14 silly view       '1.0.30001628': '2024-06-05T05:47:27.079Z',
14 silly view       '1.0.30001629': '2024-06-06T06:47:29.036Z',
14 silly view       '1.0.30001632': '2024-06-10T01:47:46.146Z',
14 silly view       '1.0.30001633': '2024-06-13T04:47:31.754Z',
14 silly view       '1.0.30001634': '2024-06-14T06:47:15.842Z',
14 silly view       '1.0.30001635': '2024-06-16T17:57:47.932Z',
14 silly view       '1.0.30001636': '2024-06-16T18:47:18.793Z',
14 silly view       '1.0.30001637': '2024-06-26T04:47:20.165Z',
14 silly view       '1.0.30001638': '2024-06-27T02:48:52.577Z',
14 silly view       '1.0.30001639': '2024-06-30T20:47:19.657Z',
14 silly view       '1.0.30001640': '2024-07-03T04:47:17.482Z',
14 silly view       '1.0.30001641': '2024-07-10T04:47:29.101Z',
14 silly view       '1.0.30001642': '2024-07-13T23:47:30.189Z',
14 silly view       '1.0.30001643': '2024-07-21T20:47:20.185Z',
14 silly view       '1.0.30001644': '2024-07-30T05:47:35.296Z',
14 silly view       '1.0.30001645': '2024-07-31T05:47:16.528Z',
14 silly view       '1.0.30001646': '2024-08-01T05:47:26.360Z',
14 silly view       '1.0.30001647': '2024-08-03T03:47:22.459Z',
14 silly view       '1.0.30001649': '2024-08-05T03:47:27.542Z',
14 silly view       '1.0.30001650': '2024-08-07T05:47:41.147Z',
14 silly view       '1.0.30001651': '2024-08-08T06:47:19.982Z',
14 silly view       '1.0.30001653': '2024-08-25T06:47:32.389Z',
14 silly view       '1.0.30001654': '2024-08-30T05:47:26.090Z',
14 silly view       '1.0.30001655': '2024-08-30T06:48:25.458Z',
14 silly view       '1.0.30001657': '2024-09-05T06:48:31.650Z',
14 silly view       '1.0.30001658': '2024-09-06T06:48:39.267Z',
14 silly view       '1.0.30001659': '2024-09-09T03:00:38.819Z',
14 silly view       '1.0.30001660': '2024-09-10T03:47:24.819Z',
14 silly view       '1.0.30001662': '2024-09-19T05:47:20.575Z',
14 silly view       '1.0.30001663': '2024-09-23T05:47:19.531Z',
14 silly view       '1.0.30001664': '2024-09-26T03:48:04.744Z',
14 silly view       '1.0.30001666': '2024-10-02T04:48:13.686Z',
14 silly view       '1.0.30001667': '2024-10-04T05:47:26.311Z',
14 silly view       '1.0.30001668': '2024-10-11T04:49:25.300Z',
14 silly view       '1.0.30001669': '2024-10-16T04:48:35.832Z',
14 silly view       '1.0.30001671': '2024-10-25T22:47:20.958Z',
14 silly view       '1.0.30001672': '2024-10-26T21:47:44.708Z',
14 silly view       '1.0.30001673': '2024-10-27T19:47:26.649Z',
14 silly view       '1.0.30001674': '2024-10-29T06:51:51.973Z',
14 silly view       '1.0.30001675': '2024-10-30T06:50:37.801Z',
14 silly view       '1.0.30001676': '2024-10-31T04:48:57.005Z',
14 silly view       '1.0.30001677': '2024-11-02T18:47:25.233Z',
14 silly view       '1.0.30001678': '2024-11-07T04:47:30.362Z',
14 silly view       '1.0.30001679': '2024-11-08T06:49:46.225Z',
14 silly view       '1.0.30001680': '2024-11-10T23:47:19.799Z',
14 silly view       '1.0.30001682': '2024-11-21T03:52:00.978Z',
14 silly view       '1.0.30001683': '2024-11-21T06:51:52.093Z',
14 silly view       '1.0.30001684': '2024-11-24T06:49:59.670Z',
14 silly view       '1.0.30001685': '2024-12-02T05:47:28.521Z',
14 silly view       '1.0.30001686': '2024-12-03T04:50:50.567Z',
14 silly view       '1.0.30001687': '2024-12-06T06:52:48.584Z',
14 silly view       '1.0.30001688': '2024-12-12T06:52:58.235Z',
14 silly view       '1.0.30001689': '2024-12-16T06:53:26.870Z',
14 silly view       '1.0.30001690': '2024-12-19T03:52:12.211Z',
14 silly view       '1.0.30001692': '2025-01-09T04:47:21.180Z',
14 silly view       '1.0.30001695': '2025-01-19T02:08:47.745Z',
14 silly view       '1.0.30001696': '2025-01-29T06:48:12.529Z',
14 silly view       '1.0.30001697': '2025-02-04T06:49:39.205Z',
14 silly view       '1.0.30001698': '2025-02-07T05:47:21.296Z',
14 silly view       '1.0.30001699': '2025-02-08T23:47:16.145Z',
14 silly view       '1.0.30001700': '2025-02-16T21:47:33.193Z',
14 silly view       '1.0.30001701': '2025-02-26T06:49:56.212Z',
14 silly view       '1.0.30001702': '2025-03-04T05:47:15.912Z',
14 silly view       '1.0.30001703': '2025-03-09T18:47:31.119Z',
14 silly view       '1.0.30001704': '2025-03-13T05:47:19.228Z',
14 silly view       '1.0.30001705': '2025-03-15T22:47:12.761Z',
14 silly view       '1.0.30001706': '2025-03-18T05:47:22.464Z',
14 silly view       '1.0.30001707': '2025-03-23T06:49:02.279Z',
14 silly view       '1.0.30001709': '2025-04-03T03:21:22.606Z',
14 silly view       '1.0.30001710': '2025-04-04T06:51:43.899Z',
14 silly view       '1.0.30001711': '2025-04-05T05:47:17.717Z',
14 silly view       '1.0.30001712': '2025-04-05T17:47:15.055Z',
14 silly view       '1.0.30001713': '2025-04-10T05:47:11.200Z',
14 silly view       '1.0.30001714': '2025-04-16T06:52:23.836Z',
14 silly view       '1.0.30001715': '2025-04-19T17:47:15.470Z',
14 silly view       '1.0.30001716': '2025-04-30T04:52:51.366Z',
14 silly view       '1.0.30001717': '2025-05-05T04:51:46.171Z',
14 silly view       '1.0.30001718': '2025-05-13T05:48:07.026Z',
14 silly view       '1.0.30001720': '2025-05-29T03:35:02.653Z',
14 silly view       '1.0.30001721': '2025-06-04T05:49:53.256Z',
14 silly view       '1.0.30001722': '2025-06-11T06:55:17.155Z',
14 silly view       '1.0.30001723': '2025-06-13T04:54:20.659Z',
14 silly view       '1.0.30001724': '2025-06-20T04:03:23.283Z',
14 silly view       '1.0.30001725': '2025-06-25T05:50:51.377Z',
14 silly view       '1.0.30001726': '2025-06-25T06:56:51.451Z',
14 silly view       '1.0.30001727': '2025-07-06T19:47:36.074Z',
14 silly view       '1.0.30001730': '2025-07-29T04:35:13.998Z',
14 silly view       '1.0.30001731': '2025-07-29T05:15:35.548Z',
14 silly view       '1.0.30001733': '2025-08-08T05:56:08.345Z',
14 silly view       '1.0.30001734': '2025-08-11T02:51:37.561Z',
14 silly view       '1.0.30001735': '2025-08-14T05:50:46.897Z',
14 silly view       '1.0.30001736': '2025-08-21T07:00:34.735Z',
14 silly view       '1.0.30001737': '2025-08-22T06:55:09.561Z',
14 silly view       '1.0.30001739': '2025-08-30T22:47:18.613Z',
14 silly view       '1.0.30001740': '2025-09-05T04:48:16.355Z',
14 silly view       '1.0.30001741': '2025-09-05T05:47:22.031Z',
14 silly view       '1.0.30001743': '2025-09-16T10:17:57.325Z',
14 silly view       '1.0.30001745': '2025-09-25T05:47:26.433Z',
14 silly view       '1.0.30001746': '2025-09-30T05:47:25.307Z',
14 silly view       '1.0.30001747': '2025-10-03T04:47:32.937Z',
14 silly view       '1.0.30001748': '2025-10-05T18:48:48.652Z',
14 silly view       '1.0.30001749': '2025-10-08T06:52:26.513Z',
14 silly view       '1.0.30001750': '2025-10-11T19:47:30.748Z',
14 silly view       '1.0.30001751': '2025-10-16T06:53:08.241Z',
14 silly view       '1.0.30001752': '2025-10-31T04:51:11.331Z',
14 silly view       '1.0.30001753': '2025-11-02T06:52:02.127Z',
14 silly view       '1.0.30001754': '2025-11-06T06:55:35.554Z',
14 silly view       '1.0.30001755': '2025-11-16T04:50:21.399Z',
14 silly view       '1.0.30001756': '2025-11-19T04:51:17.720Z',
14 silly view       '1.0.30001757': '2025-11-24T07:47:20.458Z',
14 silly view       '1.0.30001759': '2025-12-03T06:57:43.024Z',
14 silly view       '1.0.30001760': '2025-12-09T04:53:47.005Z',
14 silly view       '1.0.30001761': '2025-12-19T04:58:22.784Z',
14 silly view       '1.0.30001762': '2025-12-29T21:48:16.567Z',
14 silly view       '1.0.30001763': '2026-01-08T05:01:20.166Z',
14 silly view       '1.0.30001764': '2026-01-11T02:58:39.915Z',
14 silly view       '1.0.30001765': '2026-01-18T18:53:51.164Z',
14 silly view       '1.0.30001766': '2026-01-23T05:54:19.613Z',
14 silly view       '1.0.30001767': '2026-02-02T06:42:31.052Z',
14 silly view       '1.0.30001768': '2026-02-05T06:35:38.447Z',
14 silly view       '1.0.30001769': '2026-02-06T06:32:05.750Z'
14 silly view     },
14 silly view     readmeFilename: 'README.md',
14 silly view     homepage: 'https://github.com/browserslist/caniuse-lite#readme',
14 silly view     _source_registry_name: 'default',
14 silly view     _contentLength: 2404215,
14 silly view     version: '1.0.30001769',
14 silly view     main: 'dist/unpacker/index.js',
14 silly view     funding: [ [Object], [Object], [Object] ],
14 silly view     gitHead: 'fc9cfa6862669a806a4367a44a5618b60e088572',
14 silly view     _id: 'caniuse-lite@1.0.30001769',
14 silly view     _nodeVersion: '24.13.0',
14 silly view     _npmVersion: '11.6.2',
14 silly view     dist: {
14 silly view       integrity: 'sha512-BCfFL1sHijQlBGWBMuJyhZUhzo7wer5sVj9hqekB/7xn0Ypy+pER/edCYQm4exbXj4WiySGp40P8UuTh6w1srg==',
14 silly view       shasum: '1ad91594fad7dc233777c2781879ab5409f7d9c2',
14 silly view       tarball: 'http://nexus.lesso.com/nexus/content/groups/npm/caniuse-lite/-/caniuse-lite-1.0.30001769.tgz',
14 silly view       fileCount: 838,
14 silly view       unpackedSize: 2336590,
14 silly view       attestations: [Object],
14 silly view       signatures: [Array],
14 silly view       size: 338204
14 silly view     },
14 silly view     _npmUser: {
14 silly view       name: 'anonymous',
14 silly view       email: 'npm-oidc-no-reply@github.com',
14 silly view       trustedPublisher: [Object]
14 silly view     },
14 silly view     directories: {},
14 silly view     _npmOperationalInternal: {
14 silly view       host: 's3://npm-registry-packages-npm-production',
14 silly view       tmp: 'tmp/caniuse-lite_1.0.30001769_1770359525604_0.2356618525798746'
14 silly view     },
14 silly view     _hasShrinkwrap: false,
14 silly view     _cnpmcore_publish_time: '2026-02-06T06:32:05.750Z',
14 silly view     publish_time: 1770359525750
14 silly view   }
14 silly view }
15 verbose cwd D:\ideaProject\mes-pc-main
16 verbose os Windows_NT 10.0.18363
17 verbose node v24.11.1
18 verbose npm  v11.6.2
19 verbose exit 0
20 info ok
