0 verbose cli D:\nodejs\node.exe D:\nodejs\node_modules\npm\bin\npm-cli.js
1 info using npm@11.6.2
2 info using node@v24.11.1
3 silly config load:file:D:\nodejs\node_modules\npm\npmrc
4 silly config load:file:C:\Users\00109279\AppData\Local\Microsoft\TypeScript\5.9\.npmrc
5 silly config load:file:C:\Users\00109279\.npmrc
6 silly config load:file:D:\nodejs\node_cache\etc\npmrc
7 verbose title npm install types-registry@latest
8 verbose argv "install" "--ignore-scripts" "types-registry@latest"
9 verbose logfile logs-max:10 dir:D:\ideaProject\demo\.npm-cache\_logs\2026-03-04T03_48_58_404Z-
10 verbose logfile D:\ideaProject\demo\.npm-cache\_logs\2026-03-04T03_48_58_404Z-debug-0.log
11 silly logfile start cleaning logs, removing 1 files
12 silly packumentCache heap:4496293888 maxSize:1124073472 maxEntrySize:562036736
13 silly logfile done cleaning log files
14 silly packumentCache corgi:https://registry.npmjs.org/types-registry cache-miss
15 http fetch GET 200 https://registry.npmjs.org/types-registry 1024ms (cache revalidated)
16 silly packumentCache corgi:https://registry.npmjs.org/types-registry set size:618932 disposed:false
17 silly idealTree buildDeps
18 silly fetch manifest types-registry@0.1.759
19 silly packumentCache full:https://registry.npmjs.org/types-registry cache-miss
20 http fetch GET 200 https://registry.npmjs.org/types-registry 289ms (cache revalidated)
21 silly packumentCache full:https://registry.npmjs.org/types-registry set size:1333659 disposed:false
22 silly placeDep ROOT types-registry@0.1.759 REPLACE for:  want: 0.1.759
23 silly reify moves {}
24 silly audit bulk request {
24 silly audit   '@types/caseless': [ '0.12.5' ],
24 silly audit   '@types/node': [ '25.2.0' ],
24 silly audit   '@types/react': [ '19.2.10' ],
24 silly audit   '@types/request': [ '2.48.13' ],
24 silly audit   '@types/tough-cookie': [ '4.0.5' ],
24 silly audit   asynckit: [ '0.4.0' ],
24 silly audit   'call-bind-apply-helpers': [ '1.0.2' ],
24 silly audit   'combined-stream': [ '1.0.8' ],
24 silly audit   csstype: [ '3.2.3' ],
24 silly audit   'delayed-stream': [ '1.0.0' ],
24 silly audit   'dunder-proto': [ '1.0.1' ],
24 silly audit   'es-define-property': [ '1.0.1' ],
24 silly audit   'es-errors': [ '1.3.0' ],
24 silly audit   'es-object-atoms': [ '1.1.1' ],
24 silly audit   'es-set-tostringtag': [ '2.1.0' ],
24 silly audit   'form-data': [ '2.5.5' ],
24 silly audit   'function-bind': [ '1.1.2' ],
24 silly audit   'get-intrinsic': [ '1.3.0' ],
24 silly audit   'get-proto': [ '1.0.1' ],
24 silly audit   gopd: [ '1.2.0' ],
24 silly audit   'has-symbols': [ '1.1.0' ],
24 silly audit   'has-tostringtag': [ '1.0.2' ],
24 silly audit   hasown: [ '2.0.2' ],
24 silly audit   'math-intrinsics': [ '1.1.0' ],
24 silly audit   'mime-db': [ '1.52.0' ],
24 silly audit   'mime-types': [ '2.1.35' ],
24 silly audit   'safe-buffer': [ '5.2.1' ],
24 silly audit   'undici-types': [ '7.16.0' ],
24 silly audit   'types-registry': [ '0.1.759' ]
24 silly audit }
25 http fetch GET 200 https://registry.npmjs.org/npm 1615ms
26 http fetch POST 200 https://registry.npmjs.org/-/npm/v1/security/advisories/bulk 218ms
27 silly audit report {}
28 verbose cwd C:\Users\00109279\AppData\Local\Microsoft\TypeScript\5.9
29 verbose os Windows_NT 10.0.18363
30 verbose node v24.11.1
31 verbose npm  v11.6.2
32 notice
32 notice New minor version of npm available! 11.6.2 -> 11.11.0
32 notice Changelog: https://github.com/npm/cli/releases/tag/v11.11.0
32 notice To update run: npm install -g npm@11.11.0
32 notice  { force: true, Symbol(proc-log.meta): true }
33 verbose exit 0
34 info ok
