0 verbose cli D:\nodejs\node.exe D:\nodejs\node_modules\npm\bin\npm-cli.js
1 info using npm@11.6.2
2 info using node@v24.11.1
3 silly config load:file:D:\nodejs\node_modules\npm\npmrc
4 silly config load:file:C:\Users\00109279\AppData\Local\Microsoft\TypeScript\5.9\.npmrc
5 silly config load:file:C:\Users\00109279\.npmrc
6 silly config load:file:D:\nodejs\node_cache\etc\npmrc
7 verbose title npm install types-registry@latest
8 verbose argv "install" "--ignore-scripts" "types-registry@latest"
9 verbose logfile logs-max:10 dir:D:\ideaProject\demo\.npm-cache\_logs\2026-02-05T06_50_16_258Z-
10 verbose logfile D:\ideaProject\demo\.npm-cache\_logs\2026-02-05T06_50_16_258Z-debug-0.log
11 silly logfile start cleaning logs, removing 1 files
12 silly logfile done cleaning log files
13 silly packumentCache heap:4496293888 maxSize:1124073472 maxEntrySize:562036736
14 silly packumentCache corgi:https://registry.npmjs.org/types-registry cache-miss
15 http fetch GET 200 https://registry.npmjs.org/types-registry 909ms (cache revalidated)
16 silly packumentCache corgi:https://registry.npmjs.org/types-registry set size:616812 disposed:false
17 silly idealTree buildDeps
18 silly fetch manifest types-registry@0.1.755
19 silly packumentCache full:https://registry.npmjs.org/types-registry cache-miss
20 http fetch GET 200 https://registry.npmjs.org/types-registry 231ms (cache revalidated)
21 silly packumentCache full:https://registry.npmjs.org/types-registry set size:1326773 disposed:false
22 silly placeDep ROOT types-registry@0.1.755 REPLACE for:  want: 0.1.755
23 silly reify moves {}
24 silly audit bulk request {
24 silly audit   '@types/react': [ '19.2.10' ],
24 silly audit   csstype: [ '3.2.3' ],
24 silly audit   'types-registry': [ '0.1.755' ]
24 silly audit }
25 http fetch POST 200 https://registry.npmjs.org/-/npm/v1/security/advisories/bulk 245ms
26 silly audit report {}
27 verbose cwd C:\Users\00109279\AppData\Local\Microsoft\TypeScript\5.9
28 verbose os Windows_NT 10.0.18363
29 verbose node v24.11.1
30 verbose npm  v11.6.2
31 verbose exit 0
32 info ok
